[0;33m> data/4-leg-mat-1.txt[0m

     a     b     c     d     e     f     g     h    
  +-----+-----+-----+-----+-----+-----+-----+-----+
8 |  ♜  [0m|  ♞  [0m|  ♝  [0m|  ♛  [0m|  ♚  [0m|  ♝  [0m|  ♞  [0m|  ♜  [0m|
  +-----+-----+-----+-----+-----+-----+-----+-----+
7 |  ♟  [0m|  ♟  [0m|  ♟  [0m|  ♟  [0m|  ♟  [0m|  ♟  [0m|  ♟  [0m|  ♟  [0m|
  +-----+-----+-----+-----+-----+-----+-----+-----+
6 |     [0m|     [0m|     [0m|     [0m|     [0m|     [0m|     [0m|     [0m|
  +-----+-----+-----+-----+-----+-----+-----+-----+
5 |     [0m|     [0m|     [0m|     [0m|     [0m|     [0m|     [0m|     [0m|
  +-----+-----+-----+-----+-----+-----+-----+-----+
4 |     [0m|     [0m|     [0m|     [0m|     [0m|     [0m|     [0m|     [0m|
  +-----+-----+-----+-----+-----+-----+-----+-----+
3 |     [0m|     [0m|     [0m|     [0m|     [0m|     [0m|     [0m|     [0m|
  +-----+-----+-----+-----+-----+-----+-----+-----+
2 |  ♙  [0m|  ♙  [0m|  ♙  [0m|  ♙  [0m|  ♙  [0m|  ♙  [0m|  ♙  [0m|  ♙  [0m|
  +-----+-----+-----+-----+-----+-----+-----+-----+
1 |  ♖  [0m|  ♘  [0m|  ♗  [0m|  ♕  [0m|  ♔  [0m|  ♗  [0m|  ♘  [0m|  ♖  [0m|
  +-----+-----+-----+-----+-----+-----+-----+-----+
Entrez votre coup : 
     a     b     c     d     e     f     g     h    
  +-----+-----+-----+-----+-----+-----+-----+-----+
8 |  ♜  [0m|  ♞  [0m|  ♝  [0m|  ♛  [0m|  ♚  [0m|  ♝  [0m|  ♞  [0m|  ♜  [0m|
  +-----+-----+-----+-----+-----+-----+-----+-----+
7 |  ♟  [0m|  ♟  [0m|  ♟  [0m|  ♟  [0m|  ♟  [0m|  ♟  [0m|  ♟  [0m|  ♟  [0m|
  +-----+-----+-----+-----+-----+-----+-----+-----+
6 |     [0m|     [0m|     [0m|     [0m|     [0m|     [0m|     [0m|     [0m|
  +-----+-----+-----+-----+-----+-----+-----+-----+
5 |     [0m|     [0m|     [0m|     [0m|     [0m|     [0m|     [0m|     [0m|
  +-----+-----+-----+-----+-----+-----+-----+-----+
4 |     [0m|     [0m|     [0m|     [0m| [32m ♙  [0m|     [0m|     [0m|     [0m|
  +-----+-----+-----+-----+-----+-----+-----+-----+
3 |     [0m|     [0m|     [0m|     [0m|     [0m|     [0m|     [0m|     [0m|
  +-----+-----+-----+-----+-----+-----+-----+-----+
2 |  ♙  [0m|  ♙  [0m|  ♙  [0m|  ♙  [0m| [42m    [0m|  ♙  [0m|  ♙  [0m|  ♙  [0m|
  +-----+-----+-----+-----+-----+-----+-----+-----+
1 |  ♖  [0m|  ♘  [0m|  ♗  [0m|  ♕  [0m|  ♔  [0m|  ♗  [0m|  ♘  [0m|  ♖  [0m|
  +-----+-----+-----+-----+-----+-----+-----+-----+
Entrez votre coup : 
     a     b     c     d     e     f     g     h    
  +-----+-----+-----+-----+-----+-----+-----+-----+
8 |  ♜  [0m|  ♞  [0m|  ♝  [0m|  ♛  [0m|  ♚  [0m|  ♝  [0m|  ♞  [0m|  ♜  [0m|
  +-----+-----+-----+-----+-----+-----+-----+-----+
7 |  ♟  [0m|  ♟  [0m|  ♟  [0m|  ♟  [0m| [42m    [0m|  ♟  [0m|  ♟  [0m|  ♟  [0m|
  +-----+-----+-----+-----+-----+-----+-----+-----+
6 |     [0m|     [0m|     [0m|     [0m|     [0m|     [0m|     [0m|     [0m|
  +-----+-----+-----+-----+-----+-----+-----+-----+
5 |     [0m|     [0m|     [0m|     [0m| [32m ♟  [0m|     [0m|     [0m|     [0m|
  +-----+-----+-----+-----+-----+-----+-----+-----+
4 |     [0m|     [0m|     [0m|     [0m|  ♙  [0m|     [0m|     [0m|     [0m|
  +-----+-----+-----+-----+-----+-----+-----+-----+
3 |     [0m|     [0m|     [0m|     [0m|     [0m|     [0m|     [0m|     [0m|
  +-----+-----+-----+-----+-----+-----+-----+-----+
2 |  ♙  [0m|  ♙  [0m|  ♙  [0m|  ♙  [0m|     [0m|  ♙  [0m|  ♙  [0m|  ♙  [0m|
  +-----+-----+-----+-----+-----+-----+-----+-----+
1 |  ♖  [0m|  ♘  [0m|  ♗  [0m|  ♕  [0m|  ♔  [0m|  ♗  [0m|  ♘  [0m|  ♖  [0m|
  +-----+-----+-----+-----+-----+-----+-----+-----+
Entrez votre coup : 
     a     b     c     d     e     f     g     h    
  +-----+-----+-----+-----+-----+-----+-----+-----+
8 |  ♜  [0m|  ♞  [0m|  ♝  [0m|  ♛  [0m|  ♚  [0m|  ♝  [0m|  ♞  [0m|  ♜  [0m|
  +-----+-----+-----+-----+-----+-----+-----+-----+
7 |  ♟  [0m|  ♟  [0m|  ♟  [0m|  ♟  [0m|     [0m|  ♟  [0m|  ♟  [0m|  ♟  [0m|
  +-----+-----+-----+-----+-----+-----+-----+-----+
6 |     [0m|     [0m|     [0m|     [0m|     [0m|     [0m|     [0m|     [0m|
  +-----+-----+-----+-----+-----+-----+-----+-----+
5 |     [0m|     [0m|     [0m|     [0m|  ♟  [0m|     [0m|     [0m|     [0m|
  +-----+-----+-----+-----+-----+-----+-----+-----+
4 |     [0m|     [0m|     [0m|     [0m|  ♙  [0m| [32m ♙  [0m|     [0m|     [0m|
  +-----+-----+-----+-----+-----+-----+-----+-----+
3 |     [0m|     [0m|     [0m|     [0m|     [0m|     [0m|     [0m|     [0m|
  +-----+-----+-----+-----+-----+-----+-----+-----+
2 |  ♙  [0m|  ♙  [0m|  ♙  [0m|  ♙  [0m|     [0m| [42m    [0m|  ♙  [0m|  ♙  [0m|
  +-----+-----+-----+-----+-----+-----+-----+-----+
1 |  ♖  [0m|  ♘  [0m|  ♗  [0m|  ♕  [0m|  ♔  [0m|  ♗  [0m|  ♘  [0m|  ♖  [0m|
  +-----+-----+-----+-----+-----+-----+-----+-----+
Entrez votre coup : 
     a     b     c     d     e     f     g     h    
  +-----+-----+-----+-----+-----+-----+-----+-----+
8 |  ♜  [0m|  ♞  [0m|  ♝  [0m|  ♛  [0m|  ♚  [0m|  ♝  [0m|  ♞  [0m|  ♜  [0m|
  +-----+-----+-----+-----+-----+-----+-----+-----+
7 |  ♟  [0m|  ♟  [0m|  ♟  [0m| [42m    [0m|     [0m|  ♟  [0m|  ♟  [0m|  ♟  [0m|
  +-----+-----+-----+-----+-----+-----+-----+-----+
6 |     [0m|     [0m|     [0m|     [0m|     [0m|     [0m|     [0m|     [0m|
  +-----+-----+-----+-----+-----+-----+-----+-----+
5 |     [0m|     [0m|     [0m| [32m ♟  [0m|  ♟  [0m|     [0m|     [0m|     [0m|
  +-----+-----+-----+-----+-----+-----+-----+-----+
4 |     [0m|     [0m|     [0m|     [0m|  ♙  [0m|  ♙  [0m|     [0m|     [0m|
  +-----+-----+-----+-----+-----+-----+-----+-----+
3 |     [0m|     [0m|     [0m|     [0m|     [0m|     [0m|     [0m|     [0m|
  +-----+-----+-----+-----+-----+-----+-----+-----+
2 |  ♙  [0m|  ♙  [0m|  ♙  [0m|  ♙  [0m|     [0m|     [0m|  ♙  [0m|  ♙  [0m|
  +-----+-----+-----+-----+-----+-----+-----+-----+
1 |  ♖  [0m|  ♘  [0m|  ♗  [0m|  ♕  [0m|  ♔  [0m|  ♗  [0m|  ♘  [0m|  ♖  [0m|
  +-----+-----+-----+-----+-----+-----+-----+-----+
Entrez votre coup : 
     a     b     c     d     e     f     g     h    
  +-----+-----+-----+-----+-----+-----+-----+-----+
8 |  ♜  [0m|  ♞  [0m|  ♝  [0m|  ♛  [0m|  ♚  [0m|  ♝  [0m|  ♞  [0m|  ♜  [0m|
  +-----+-----+-----+-----+-----+-----+-----+-----+
7 |  ♟  [0m|  ♟  [0m|  ♟  [0m|     [0m|     [0m|  ♟  [0m|  ♟  [0m|  ♟  [0m|
  +-----+-----+-----+-----+-----+-----+-----+-----+
6 |     [0m|     [0m|     [0m|     [0m|     [0m|     [0m|     [0m|     [0m|
  +-----+-----+-----+-----+-----+-----+-----+-----+
5 |     [0m|     [0m|     [0m|  ♟  [0m|  ♟  [0m|     [0m|     [0m|     [0m|
  +-----+-----+-----+-----+-----+-----+-----+-----+
4 |     [0m|     [0m|     [0m|     [0m|  ♙  [0m|  ♙  [0m|     [0m|     [0m|
  +-----+-----+-----+-----+-----+-----+-----+-----+
3 |     [0m|     [0m| [32m ♘  [0m|     [0m|     [0m|     [0m|     [0m|     [0m|
  +-----+-----+-----+-----+-----+-----+-----+-----+
2 |  ♙  [0m|  ♙  [0m|  ♙  [0m|  ♙  [0m|     [0m|     [0m|  ♙  [0m|  ♙  [0m|
  +-----+-----+-----+-----+-----+-----+-----+-----+
1 |  ♖  [0m| [42m    [0m|  ♗  [0m|  ♕  [0m|  ♔  [0m|  ♗  [0m|  ♘  [0m|  ♖  [0m|
  +-----+-----+-----+-----+-----+-----+-----+-----+
Entrez votre coup : 
     a     b     c     d     e     f     g     h    
  +-----+-----+-----+-----+-----+-----+-----+-----+
8 |  ♜  [0m|  ♞  [0m|  ♝  [0m|  ♛  [0m|  ♚  [0m|  ♝  [0m|  ♞  [0m|  ♜  [0m|
  +-----+-----+-----+-----+-----+-----+-----+-----+
7 |  ♟  [0m|  ♟  [0m|  ♟  [0m|     [0m|     [0m|  ♟  [0m|  ♟  [0m|  ♟  [0m|
  +-----+-----+-----+-----+-----+-----+-----+-----+
6 |     [0m|     [0m|     [0m|     [0m|     [0m|     [0m|     [0m|     [0m|
  +-----+-----+-----+-----+-----+-----+-----+-----+
5 |     [0m|     [0m|     [0m| [42m    [0m|  ♟  [0m|     [0m|     [0m|     [0m|
  +-----+-----+-----+-----+-----+-----+-----+-----+
4 |     [0m|     [0m|     [0m| [32m ♟  [0m|  ♙  [0m|  ♙  [0m|     [0m|     [0m|
  +-----+-----+-----+-----+-----+-----+-----+-----+
3 |     [0m|     [0m|  ♘  [0m|     [0m|     [0m|     [0m|     [0m|     [0m|
  +-----+-----+-----+-----+-----+-----+-----+-----+
2 |  ♙  [0m|  ♙  [0m|  ♙  [0m|  ♙  [0m|     [0m|     [0m|  ♙  [0m|  ♙  [0m|
  +-----+-----+-----+-----+-----+-----+-----+-----+
1 |  ♖  [0m|     [0m|  ♗  [0m|  ♕  [0m|  ♔  [0m|  ♗  [0m|  ♘  [0m|  ♖  [0m|
  +-----+-----+-----+-----+-----+-----+-----+-----+
Entrez votre coup : 
     a     b     c     d     e     f     g     h    
  +-----+-----+-----+-----+-----+-----+-----+-----+
8 |  ♜  [0m|  ♞  [0m|  ♝  [0m|  ♛  [0m|  ♚  [0m|  ♝  [0m|  ♞  [0m|  ♜  [0m|
  +-----+-----+-----+-----+-----+-----+-----+-----+
7 |  ♟  [0m|  ♟  [0m|  ♟  [0m|     [0m|     [0m|  ♟  [0m|  ♟  [0m|  ♟  [0m|
  +-----+-----+-----+-----+-----+-----+-----+-----+
6 |     [0m|     [0m|     [0m|     [0m|     [0m|     [0m|     [0m|     [0m|
  +-----+-----+-----+-----+-----+-----+-----+-----+
5 |     [0m|     [0m|     [0m|     [0m|  ♟  [0m|     [0m|     [0m|     [0m|
  +-----+-----+-----+-----+-----+-----+-----+-----+
4 |     [0m|     [0m|     [0m|  ♟  [0m|  ♙  [0m|  ♙  [0m|     [0m|     [0m|
  +-----+-----+-----+-----+-----+-----+-----+-----+
3 |     [0m|     [0m| [42m    [0m|     [0m|     [0m|     [0m|     [0m|     [0m|
  +-----+-----+-----+-----+-----+-----+-----+-----+
2 |  ♙  [0m|  ♙  [0m|  ♙  [0m|  ♙  [0m| [32m ♘  [0m|     [0m|  ♙  [0m|  ♙  [0m|
  +-----+-----+-----+-----+-----+-----+-----+-----+
1 |  ♖  [0m|     [0m|  ♗  [0m|  ♕  [0m|  ♔  [0m|  ♗  [0m|  ♘  [0m|  ♖  [0m|
  +-----+-----+-----+-----+-----+-----+-----+-----+
Entrez votre coup : 
     a     b     c     d     e     f     g     h    
  +-----+-----+-----+-----+-----+-----+-----+-----+
8 |  ♜  [0m|  ♞  [0m|  ♝  [0m|  ♛  [0m|  ♚  [0m| [42m    [0m|  ♞  [0m|  ♜  [0m|
  +-----+-----+-----+-----+-----+-----+-----+-----+
7 |  ♟  [0m|  ♟  [0m|  ♟  [0m|     [0m|     [0m|  ♟  [0m|  ♟  [0m|  ♟  [0m|
  +-----+-----+-----+-----+-----+-----+-----+-----+
6 |     [0m|     [0m|     [0m|     [0m|     [0m|     [0m|     [0m|     [0m|
  +-----+-----+-----+-----+-----+-----+-----+-----+
5 |     [0m|     [0m|     [0m|     [0m|  ♟  [0m|     [0m|     [0m|     [0m|
  +-----+-----+-----+-----+-----+-----+-----+-----+
4 |     [0m| [32m ♝  [0m|     [0m|  ♟  [0m|  ♙  [0m|  ♙  [0m|     [0m|     [0m|
  +-----+-----+-----+-----+-----+-----+-----+-----+
3 |     [0m|     [0m|     [0m|     [0m|     [0m|     [0m|     [0m|     [0m|
  +-----+-----+-----+-----+-----+-----+-----+-----+
2 |  ♙  [0m|  ♙  [0m|  ♙  [0m|  ♙  [0m|  ♘  [0m|     [0m|  ♙  [0m|  ♙  [0m|
  +-----+-----+-----+-----+-----+-----+-----+-----+
1 |  ♖  [0m|     [0m|  ♗  [0m|  ♕  [0m|  ♔  [0m|  ♗  [0m|  ♘  [0m|  ♖  [0m|
  +-----+-----+-----+-----+-----+-----+-----+-----+
Entrez votre coup : 
     a     b     c     d     e     f     g     h    
  +-----+-----+-----+-----+-----+-----+-----+-----+
8 |  ♜  [0m|  ♞  [0m|  ♝  [0m|  ♛  [0m|  ♚  [0m|     [0m|  ♞  [0m|  ♜  [0m|
  +-----+-----+-----+-----+-----+-----+-----+-----+
7 |  ♟  [0m|  ♟  [0m|  ♟  [0m|     [0m|     [0m|  ♟  [0m|  ♟  [0m|  ♟  [0m|
  +-----+-----+-----+-----+-----+-----+-----+-----+
6 |     [0m|     [0m|     [0m|     [0m|     [0m|     [0m|     [0m|     [0m|
  +-----+-----+-----+-----+-----+-----+-----+-----+
5 |     [0m|     [0m|     [0m|     [0m|  ♟  [0m| [32m ♙  [0m|     [0m|     [0m|
  +-----+-----+-----+-----+-----+-----+-----+-----+
4 |     [0m|  ♝  [0m|     [0m|  ♟  [0m|  ♙  [0m| [42m    [0m|     [0m|     [0m|
  +-----+-----+-----+-----+-----+-----+-----+-----+
3 |     [0m|     [0m|     [0m|     [0m|     [0m|     [0m|     [0m|     [0m|
  +-----+-----+-----+-----+-----+-----+-----+-----+
2 |  ♙  [0m|  ♙  [0m|  ♙  [0m|  ♙  [0m|  ♘  [0m|     [0m|  ♙  [0m|  ♙  [0m|
  +-----+-----+-----+-----+-----+-----+-----+-----+
1 |  ♖  [0m|     [0m|  ♗  [0m|  ♕  [0m|  ♔  [0m|  ♗  [0m|  ♘  [0m|  ♖  [0m|
  +-----+-----+-----+-----+-----+-----+-----+-----+
Entrez votre coup : 
     a     b     c     d     e     f     g     h    
  +-----+-----+-----+-----+-----+-----+-----+-----+
8 |  ♜  [0m| [42m    [0m|  ♝  [0m|  ♛  [0m|  ♚  [0m|     [0m|  ♞  [0m|  ♜  [0m|
  +-----+-----+-----+-----+-----+-----+-----+-----+
7 |  ♟  [0m|  ♟  [0m|  ♟  [0m|     [0m|     [0m|  ♟  [0m|  ♟  [0m|  ♟  [0m|
  +-----+-----+-----+-----+-----+-----+-----+-----+
6 |     [0m|     [0m| [32m ♞  [0m|     [0m|     [0m|     [0m|     [0m|     [0m|
  +-----+-----+-----+-----+-----+-----+-----+-----+
5 |     [0m|     [0m|     [0m|     [0m|  ♟  [0m|  ♙  [0m|     [0m|     [0m|
  +-----+-----+-----+-----+-----+-----+-----+-----+
4 |     [0m|  ♝  [0m|     [0m|  ♟  [0m|  ♙  [0m|     [0m|     [0m|     [0m|
  +-----+-----+-----+-----+-----+-----+-----+-----+
3 |     [0m|     [0m|     [0m|     [0m|     [0m|     [0m|     [0m|     [0m|
  +-----+-----+-----+-----+-----+-----+-----+-----+
2 |  ♙  [0m|  ♙  [0m|  ♙  [0m|  ♙  [0m|  ♘  [0m|     [0m|  ♙  [0m|  ♙  [0m|
  +-----+-----+-----+-----+-----+-----+-----+-----+
1 |  ♖  [0m|     [0m|  ♗  [0m|  ♕  [0m|  ♔  [0m|  ♗  [0m|  ♘  [0m|  ♖  [0m|
  +-----+-----+-----+-----+-----+-----+-----+-----+
Entrez votre coup : 
     a     b     c     d     e     f     g     h    
  +-----+-----+-----+-----+-----+-----+-----+-----+
8 |  ♜  [0m|     [0m|  ♝  [0m|  ♛  [0m|  ♚  [0m|     [0m|  ♞  [0m|  ♜  [0m|
  +-----+-----+-----+-----+-----+-----+-----+-----+
7 |  ♟  [0m|  ♟  [0m|  ♟  [0m|     [0m|     [0m|  ♟  [0m|  ♟  [0m|  ♟  [0m|
  +-----+-----+-----+-----+-----+-----+-----+-----+
6 |     [0m|     [0m|  ♞  [0m|     [0m|     [0m|     [0m|     [0m|     [0m|
  +-----+-----+-----+-----+-----+-----+-----+-----+
5 |     [0m|     [0m|     [0m|     [0m|  ♟  [0m|  ♙  [0m|     [0m|     [0m|
  +-----+-----+-----+-----+-----+-----+-----+-----+
4 |     [0m|  ♝  [0m|     [0m|  ♟  [0m|  ♙  [0m|     [0m|     [0m|     [0m|
  +-----+-----+-----+-----+-----+-----+-----+-----+
3 |     [0m|     [0m| [32m ♙  [0m|     [0m|     [0m|     [0m|     [0m|     [0m|
  +-----+-----+-----+-----+-----+-----+-----+-----+
2 |  ♙  [0m|  ♙  [0m| [42m    [0m|  ♙  [0m|  ♘  [0m|     [0m|  ♙  [0m|  ♙  [0m|
  +-----+-----+-----+-----+-----+-----+-----+-----+
1 |  ♖  [0m|     [0m|  ♗  [0m|  ♕  [0m|  ♔  [0m|  ♗  [0m|  ♘  [0m|  ♖  [0m|
  +-----+-----+-----+-----+-----+-----+-----+-----+
Entrez votre coup : 
     a     b     c     d     e     f     g     h    
  +-----+-----+-----+-----+-----+-----+-----+-----+
8 |  ♜  [0m|     [0m|  ♝  [0m|  ♛  [0m|  ♚  [0m|     [0m|  ♞  [0m|  ♜  [0m|
  +-----+-----+-----+-----+-----+-----+-----+-----+
7 |  ♟  [0m|  ♟  [0m|  ♟  [0m|     [0m|     [0m|  ♟  [0m|  ♟  [0m|  ♟  [0m|
  +-----+-----+-----+-----+-----+-----+-----+-----+
6 |     [0m|     [0m|  ♞  [0m|     [0m|     [0m|     [0m|     [0m|     [0m|
  +-----+-----+-----+-----+-----+-----+-----+-----+
5 |     [0m|     [0m|     [0m|     [0m|  ♟  [0m|  ♙  [0m|     [0m|     [0m|
  +-----+-----+-----+-----+-----+-----+-----+-----+
4 |     [0m|  ♝  [0m|     [0m| [42m    [0m|  ♙  [0m|     [0m|     [0m|     [0m|
  +-----+-----+-----+-----+-----+-----+-----+-----+
3 |     [0m|     [0m| [32m ♟  [0m|     [0m|     [0m|     [0m|     [0m|     [0m|
  +-----+-----+-----+-----+-----+-----+-----+-----+
2 |  ♙  [0m|  ♙  [0m|     [0m|  ♙  [0m|  ♘  [0m|     [0m|  ♙  [0m|  ♙  [0m|
  +-----+-----+-----+-----+-----+-----+-----+-----+
1 |  ♖  [0m|     [0m|  ♗  [0m|  ♕  [0m|  ♔  [0m|  ♗  [0m|  ♘  [0m|  ♖  [0m|
  +-----+-----+-----+-----+-----+-----+-----+-----+
Entrez votre coup : 
     a     b     c     d     e     f     g     h    
  +-----+-----+-----+-----+-----+-----+-----+-----+
8 |  ♜  [0m|     [0m|  ♝  [0m|  ♛  [0m|  ♚  [0m|     [0m|  ♞  [0m|  ♜  [0m|
  +-----+-----+-----+-----+-----+-----+-----+-----+
7 |  ♟  [0m|  ♟  [0m|  ♟  [0m|     [0m|     [0m|  ♟  [0m|  ♟  [0m|  ♟  [0m|
  +-----+-----+-----+-----+-----+-----+-----+-----+
6 |     [0m|     [0m|  ♞  [0m|     [0m|     [0m|     [0m|     [0m|     [0m|
  +-----+-----+-----+-----+-----+-----+-----+-----+
5 |     [0m|     [0m|     [0m|     [0m|  ♟  [0m|  ♙  [0m|     [0m|     [0m|
  +-----+-----+-----+-----+-----+-----+-----+-----+
4 |     [0m|  ♝  [0m|     [0m|     [0m|  ♙  [0m|     [0m|     [0m|     [0m|
  +-----+-----+-----+-----+-----+-----+-----+-----+
3 |     [0m|     [0m| [32m ♘  [0m|     [0m|     [0m|     [0m|     [0m|     [0m|
  +-----+-----+-----+-----+-----+-----+-----+-----+
2 |  ♙  [0m|  ♙  [0m|     [0m|  ♙  [0m| [42m    [0m|     [0m|  ♙  [0m|  ♙  [0m|
  +-----+-----+-----+-----+-----+-----+-----+-----+
1 |  ♖  [0m|     [0m|  ♗  [0m|  ♕  [0m|  ♔  [0m|  ♗  [0m|  ♘  [0m|  ♖  [0m|
  +-----+-----+-----+-----+-----+-----+-----+-----+
Entrez votre coup : 
     a     b     c     d     e     f     g     h    
  +-----+-----+-----+-----+-----+-----+-----+-----+
8 |  ♜  [0m|     [0m|  ♝  [0m|  ♛  [0m|  ♚  [0m|     [0m|  ♞  [0m|  ♜  [0m|
  +-----+-----+-----+-----+-----+-----+-----+-----+
7 |  ♟  [0m|  ♟  [0m|  ♟  [0m|     [0m|     [0m| [42m    [0m|  ♟  [0m|  ♟  [0m|
  +-----+-----+-----+-----+-----+-----+-----+-----+
6 |     [0m|     [0m|  ♞  [0m|     [0m|     [0m| [32m ♟  [0m|     [0m|     [0m|
  +-----+-----+-----+-----+-----+-----+-----+-----+
5 |     [0m|     [0m|     [0m|     [0m|  ♟  [0m|  ♙  [0m|     [0m|     [0m|
  +-----+-----+-----+-----+-----+-----+-----+-----+
4 |     [0m|  ♝  [0m|     [0m|     [0m|  ♙  [0m|     [0m|     [0m|     [0m|
  +-----+-----+-----+-----+-----+-----+-----+-----+
3 |     [0m|     [0m|  ♘  [0m|     [0m|     [0m|     [0m|     [0m|     [0m|
  +-----+-----+-----+-----+-----+-----+-----+-----+
2 |  ♙  [0m|  ♙  [0m|     [0m|  ♙  [0m|     [0m|     [0m|  ♙  [0m|  ♙  [0m|
  +-----+-----+-----+-----+-----+-----+-----+-----+
1 |  ♖  [0m|     [0m|  ♗  [0m|  ♕  [0m|  ♔  [0m|  ♗  [0m|  ♘  [0m|  ♖  [0m|
  +-----+-----+-----+-----+-----+-----+-----+-----+
Entrez votre coup : 
     a     b     c     d     e     f     g     h    
  +-----+-----+-----+-----+-----+-----+-----+-----+
8 |  ♜  [0m|     [0m|  ♝  [0m|  ♛  [0m|  ♚  [0m|     [0m|  ♞  [0m|  ♜  [0m|
  +-----+-----+-----+-----+-----+-----+-----+-----+
7 |  ♟  [0m|  ♟  [0m|  ♟  [0m|     [0m|     [0m|     [0m|  ♟  [0m|  ♟  [0m|
  +-----+-----+-----+-----+-----+-----+-----+-----+
6 |     [0m|     [0m|  ♞  [0m|     [0m|     [0m|  ♟  [0m|     [0m|     [0m|
  +-----+-----+-----+-----+-----+-----+-----+-----+
5 |     [0m|     [0m|     [0m|     [0m|  ♟  [0m|  ♙  [0m|     [0m|     [0m|
  +-----+-----+-----+-----+-----+-----+-----+-----+
4 |     [0m|  ♝  [0m|     [0m|     [0m|  ♙  [0m|     [0m| [32m ♙  [0m|     [0m|
  +-----+-----+-----+-----+-----+-----+-----+-----+
3 |     [0m|     [0m|  ♘  [0m|     [0m|     [0m|     [0m|     [0m|     [0m|
  +-----+-----+-----+-----+-----+-----+-----+-----+
2 |  ♙  [0m|  ♙  [0m|     [0m|  ♙  [0m|     [0m|     [0m| [42m    [0m|  ♙  [0m|
  +-----+-----+-----+-----+-----+-----+-----+-----+
1 |  ♖  [0m|     [0m|  ♗  [0m|  ♕  [0m|  ♔  [0m|  ♗  [0m|  ♘  [0m|  ♖  [0m|
  +-----+-----+-----+-----+-----+-----+-----+-----+
Entrez votre coup : 
     a     b     c     d     e     f     g     h    
  +-----+-----+-----+-----+-----+-----+-----+-----+
8 |  ♜  [0m|     [0m|  ♝  [0m|  ♛  [0m|  ♚  [0m|     [0m|  ♞  [0m|  ♜  [0m|
  +-----+-----+-----+-----+-----+-----+-----+-----+
7 |  ♟  [0m|  ♟  [0m|  ♟  [0m|     [0m|     [0m|     [0m|  ♟  [0m|  ♟  [0m|
  +-----+-----+-----+-----+-----+-----+-----+-----+
6 |     [0m|     [0m| [42m    [0m|     [0m|     [0m|  ♟  [0m|     [0m|     [0m|
  +-----+-----+-----+-----+-----+-----+-----+-----+
5 |     [0m|     [0m|     [0m|     [0m|  ♟  [0m|  ♙  [0m|     [0m|     [0m|
  +-----+-----+-----+-----+-----+-----+-----+-----+
4 |     [0m|  ♝  [0m|     [0m| [32m ♞  [0m|  ♙  [0m|     [0m|  ♙  [0m|     [0m|
  +-----+-----+-----+-----+-----+-----+-----+-----+
3 |     [0m|     [0m|  ♘  [0m|     [0m|     [0m|     [0m|     [0m|     [0m|
  +-----+-----+-----+-----+-----+-----+-----+-----+
2 |  ♙  [0m|  ♙  [0m|     [0m|  ♙  [0m|     [0m|     [0m|     [0m|  ♙  [0m|
  +-----+-----+-----+-----+-----+-----+-----+-----+
1 |  ♖  [0m|     [0m|  ♗  [0m|  ♕  [0m|  ♔  [0m|  ♗  [0m|  ♘  [0m|  ♖  [0m|
  +-----+-----+-----+-----+-----+-----+-----+-----+
Entrez votre coup : 
     a     b     c     d     e     f     g     h    
  +-----+-----+-----+-----+-----+-----+-----+-----+
8 |  ♜  [0m|     [0m|  ♝  [0m|  ♛  [0m|  ♚  [0m|     [0m|  ♞  [0m|  ♜  [0m|
  +-----+-----+-----+-----+-----+-----+-----+-----+
7 |  ♟  [0m|  ♟  [0m|  ♟  [0m|     [0m|     [0m|     [0m|  ♟  [0m|  ♟  [0m|
  +-----+-----+-----+-----+-----+-----+-----+-----+
6 |     [0m|     [0m|     [0m|     [0m|     [0m|  ♟  [0m|     [0m|     [0m|
  +-----+-----+-----+-----+-----+-----+-----+-----+
5 |     [0m|     [0m|     [0m|     [0m|  ♟  [0m|  ♙  [0m|     [0m|     [0m|
  +-----+-----+-----+-----+-----+-----+-----+-----+
4 |     [0m|  ♝  [0m|     [0m|  ♞  [0m|  ♙  [0m|     [0m|  ♙  [0m|     [0m|
  +-----+-----+-----+-----+-----+-----+-----+-----+
3 |     [0m|     [0m|  ♘  [0m| [32m ♙  [0m|     [0m|     [0m|     [0m|     [0m|
  +-----+-----+-----+-----+-----+-----+-----+-----+
2 |  ♙  [0m|  ♙  [0m|     [0m| [42m    [0m|     [0m|     [0m|     [0m|  ♙  [0m|
  +-----+-----+-----+-----+-----+-----+-----+-----+
1 |  ♖  [0m|     [0m|  ♗  [0m|  ♕  [0m|  ♔  [0m|  ♗  [0m|  ♘  [0m|  ♖  [0m|
  +-----+-----+-----+-----+-----+-----+-----+-----+
Entrez votre coup : 
     a     b     c     d     e     f     g     h    
  +-----+-----+-----+-----+-----+-----+-----+-----+
8 |  ♜  [0m|     [0m|  ♝  [0m|  ♛  [0m|  ♚  [0m|     [0m| [42m    [0m|  ♜  [0m|
  +-----+-----+-----+-----+-----+-----+-----+-----+
7 |  ♟  [0m|  ♟  [0m|  ♟  [0m|     [0m| [32m ♞  [0m|     [0m|  ♟  [0m|  ♟  [0m|
  +-----+-----+-----+-----+-----+-----+-----+-----+
6 |     [0m|     [0m|     [0m|     [0m|     [0m|  ♟  [0m|     [0m|     [0m|
  +-----+-----+-----+-----+-----+-----+-----+-----+
5 |     [0m|     [0m|     [0m|     [0m|  ♟  [0m|  ♙  [0m|     [0m|     [0m|
  +-----+-----+-----+-----+-----+-----+-----+-----+
4 |     [0m|  ♝  [0m|     [0m|  ♞  [0m|  ♙  [0m|     [0m|  ♙  [0m|     [0m|
  +-----+-----+-----+-----+-----+-----+-----+-----+
3 |     [0m|     [0m|  ♘  [0m|  ♙  [0m|     [0m|     [0m|     [0m|     [0m|
  +-----+-----+-----+-----+-----+-----+-----+-----+
2 |  ♙  [0m|  ♙  [0m|     [0m|     [0m|     [0m|     [0m|     [0m|  ♙  [0m|
  +-----+-----+-----+-----+-----+-----+-----+-----+
1 |  ♖  [0m|     [0m|  ♗  [0m|  ♕  [0m|  ♔  [0m|  ♗  [0m|  ♘  [0m|  ♖  [0m|
  +-----+-----+-----+-----+-----+-----+-----+-----+
Entrez votre coup : 
     a     b     c     d     e     f     g     h    
  +-----+-----+-----+-----+-----+-----+-----+-----+
8 |  ♜  [0m|     [0m|  ♝  [0m|  ♛  [0m|  ♚  [0m|     [0m|     [0m|  ♜  [0m|
  +-----+-----+-----+-----+-----+-----+-----+-----+
7 |  ♟  [0m|  ♟  [0m|  ♟  [0m|     [0m|  ♞  [0m|     [0m|  ♟  [0m|  ♟  [0m|
  +-----+-----+-----+-----+-----+-----+-----+-----+
6 |     [0m|     [0m|     [0m|     [0m|     [0m|  ♟  [0m|     [0m|     [0m|
  +-----+-----+-----+-----+-----+-----+-----+-----+
5 |     [0m|     [0m|     [0m|     [0m|  ♟  [0m|  ♙  [0m| [32m ♙  [0m|     [0m|
  +-----+-----+-----+-----+-----+-----+-----+-----+
4 |     [0m|  ♝  [0m|     [0m|  ♞  [0m|  ♙  [0m|     [0m| [42m    [0m|     [0m|
  +-----+-----+-----+-----+-----+-----+-----+-----+
3 |     [0m|     [0m|  ♘  [0m|  ♙  [0m|     [0m|     [0m|     [0m|     [0m|
  +-----+-----+-----+-----+-----+-----+-----+-----+
2 |  ♙  [0m|  ♙  [0m|     [0m|     [0m|     [0m|     [0m|     [0m|  ♙  [0m|
  +-----+-----+-----+-----+-----+-----+-----+-----+
1 |  ♖  [0m|     [0m|  ♗  [0m|  ♕  [0m|  ♔  [0m|  ♗  [0m|  ♘  [0m|  ♖  [0m|
  +-----+-----+-----+-----+-----+-----+-----+-----+
Entrez votre coup : 
     a     b     c     d     e     f     g     h    
  +-----+-----+-----+-----+-----+-----+-----+-----+
8 |  ♜  [0m|     [0m|  ♝  [0m| [42m    [0m|  ♚  [0m|     [0m|     [0m|  ♜  [0m|
  +-----+-----+-----+-----+-----+-----+-----+-----+
7 |  ♟  [0m|  ♟  [0m|  ♟  [0m|     [0m|  ♞  [0m|     [0m|  ♟  [0m|  ♟  [0m|
  +-----+-----+-----+-----+-----+-----+-----+-----+
6 |     [0m|     [0m|     [0m| [32m ♛  [0m|     [0m|  ♟  [0m|     [0m|     [0m|
  +-----+-----+-----+-----+-----+-----+-----+-----+
5 |     [0m|     [0m|     [0m|     [0m|  ♟  [0m|  ♙  [0m|  ♙  [0m|     [0m|
  +-----+-----+-----+-----+-----+-----+-----+-----+
4 |     [0m|  ♝  [0m|     [0m|  ♞  [0m|  ♙  [0m|     [0m|     [0m|     [0m|
  +-----+-----+-----+-----+-----+-----+-----+-----+
3 |     [0m|     [0m|  ♘  [0m|  ♙  [0m|     [0m|     [0m|     [0m|     [0m|
  +-----+-----+-----+-----+-----+-----+-----+-----+
2 |  ♙  [0m|  ♙  [0m|     [0m|     [0m|     [0m|     [0m|     [0m|  ♙  [0m|
  +-----+-----+-----+-----+-----+-----+-----+-----+
1 |  ♖  [0m|     [0m|  ♗  [0m|  ♕  [0m|  ♔  [0m|  ♗  [0m|  ♘  [0m|  ♖  [0m|
  +-----+-----+-----+-----+-----+-----+-----+-----+
Entrez votre coup : 
     a     b     c     d     e     f     g     h    
  +-----+-----+-----+-----+-----+-----+-----+-----+
8 |  ♜  [0m|     [0m|  ♝  [0m|     [0m|  ♚  [0m|     [0m|     [0m|  ♜  [0m|
  +-----+-----+-----+-----+-----+-----+-----+-----+
7 |  ♟  [0m|  ♟  [0m|  ♟  [0m|     [0m|  ♞  [0m|     [0m|  ♟  [0m|  ♟  [0m|
  +-----+-----+-----+-----+-----+-----+-----+-----+
6 |     [0m|     [0m|     [0m|  ♛  [0m|     [0m|  ♟  [0m|     [0m|     [0m|
  +-----+-----+-----+-----+-----+-----+-----+-----+
5 |     [0m|     [0m|     [0m|     [0m|  ♟  [0m|  ♙  [0m|  ♙  [0m|     [0m|
  +-----+-----+-----+-----+-----+-----+-----+-----+
4 |     [0m|  ♝  [0m|     [0m|  ♞  [0m|  ♙  [0m|     [0m|     [0m|     [0m|
  +-----+-----+-----+-----+-----+-----+-----+-----+
3 | [32m ♙  [0m|     [0m|  ♘  [0m|  ♙  [0m|     [0m|     [0m|     [0m|     [0m|
  +-----+-----+-----+-----+-----+-----+-----+-----+
2 | [42m    [0m|  ♙  [0m|     [0m|     [0m|     [0m|     [0m|     [0m|  ♙  [0m|
  +-----+-----+-----+-----+-----+-----+-----+-----+
1 |  ♖  [0m|     [0m|  ♗  [0m|  ♕  [0m|  ♔  [0m|  ♗  [0m|  ♘  [0m|  ♖  [0m|
  +-----+-----+-----+-----+-----+-----+-----+-----+
Entrez votre coup : Echec !

     a     b     c     d     e     f     g     h    
  +-----+-----+-----+-----+-----+-----+-----+-----+
8 |  ♜  [0m|     [0m|  ♝  [0m|     [0m|  ♚  [0m|     [0m|     [0m|  ♜  [0m|
  +-----+-----+-----+-----+-----+-----+-----+-----+
7 |  ♟  [0m|  ♟  [0m|  ♟  [0m|     [0m|  ♞  [0m|     [0m|  ♟  [0m|  ♟  [0m|
  +-----+-----+-----+-----+-----+-----+-----+-----+
6 |     [0m|     [0m|     [0m|  ♛  [0m|     [0m|  ♟  [0m|     [0m|     [0m|
  +-----+-----+-----+-----+-----+-----+-----+-----+
5 |     [0m|     [0m|     [0m|     [0m|  ♟  [0m|  ♙  [0m|  ♙  [0m|     [0m|
  +-----+-----+-----+-----+-----+-----+-----+-----+
4 |     [0m| [42m    [0m|     [0m|  ♞  [0m|  ♙  [0m|     [0m|     [0m|     [0m|
  +-----+-----+-----+-----+-----+-----+-----+-----+
3 |  ♙  [0m|     [0m| [32m ♝  [0m|  ♙  [0m|     [0m|     [0m|     [0m|     [0m|
  +-----+-----+-----+-----+-----+-----+-----+-----+
2 |     [0m|  ♙  [0m|     [0m|     [0m|     [0m|     [0m|     [0m|  ♙  [0m|
  +-----+-----+-----+-----+-----+-----+-----+-----+
1 |  ♖  [0m|     [0m|  ♗  [0m|  ♕  [0m|  ♔  [0m|  ♗  [0m|  ♘  [0m|  ♖  [0m|
  +-----+-----+-----+-----+-----+-----+-----+-----+
Entrez votre coup : 
     a     b     c     d     e     f     g     h    
  +-----+-----+-----+-----+-----+-----+-----+-----+
8 |  ♜  [0m|     [0m|  ♝  [0m|     [0m|  ♚  [0m|     [0m|     [0m|  ♜  [0m|
  +-----+-----+-----+-----+-----+-----+-----+-----+
7 |  ♟  [0m|  ♟  [0m|  ♟  [0m|     [0m|  ♞  [0m|     [0m|  ♟  [0m|  ♟  [0m|
  +-----+-----+-----+-----+-----+-----+-----+-----+
6 |     [0m|     [0m|     [0m|  ♛  [0m|     [0m|  ♟  [0m|     [0m|     [0m|
  +-----+-----+-----+-----+-----+-----+-----+-----+
5 |     [0m|     [0m|     [0m|     [0m|  ♟  [0m|  ♙  [0m|  ♙  [0m|     [0m|
  +-----+-----+-----+-----+-----+-----+-----+-----+
4 |     [0m|     [0m|     [0m|  ♞  [0m|  ♙  [0m|     [0m|     [0m|     [0m|
  +-----+-----+-----+-----+-----+-----+-----+-----+
3 |  ♙  [0m|     [0m| [32m ♙  [0m|  ♙  [0m|     [0m|     [0m|     [0m|     [0m|
  +-----+-----+-----+-----+-----+-----+-----+-----+
2 |     [0m| [42m    [0m|     [0m|     [0m|     [0m|     [0m|     [0m|  ♙  [0m|
  +-----+-----+-----+-----+-----+-----+-----+-----+
1 |  ♖  [0m|     [0m|  ♗  [0m|  ♕  [0m|  ♔  [0m|  ♗  [0m|  ♘  [0m|  ♖  [0m|
  +-----+-----+-----+-----+-----+-----+-----+-----+
Entrez votre coup : 
     a     b     c     d     e     f     g     h    
  +-----+-----+-----+-----+-----+-----+-----+-----+
8 |  ♜  [0m|     [0m|  ♝  [0m|     [0m|  ♚  [0m|     [0m|     [0m|  ♜  [0m|
  +-----+-----+-----+-----+-----+-----+-----+-----+
7 |  ♟  [0m|  ♟  [0m|  ♟  [0m|     [0m|  ♞  [0m|     [0m|  ♟  [0m|  ♟  [0m|
  +-----+-----+-----+-----+-----+-----+-----+-----+
6 |     [0m|     [0m|     [0m|  ♛  [0m|     [0m|  ♟  [0m|     [0m|     [0m|
  +-----+-----+-----+-----+-----+-----+-----+-----+
5 |     [0m| [32m ♞  [0m|     [0m|     [0m|  ♟  [0m|  ♙  [0m|  ♙  [0m|     [0m|
  +-----+-----+-----+-----+-----+-----+-----+-----+
4 |     [0m|     [0m|     [0m| [42m    [0m|  ♙  [0m|     [0m|     [0m|     [0m|
  +-----+-----+-----+-----+-----+-----+-----+-----+
3 |  ♙  [0m|     [0m|  ♙  [0m|  ♙  [0m|     [0m|     [0m|     [0m|     [0m|
  +-----+-----+-----+-----+-----+-----+-----+-----+
2 |     [0m|     [0m|     [0m|     [0m|     [0m|     [0m|     [0m|  ♙  [0m|
  +-----+-----+-----+-----+-----+-----+-----+-----+
1 |  ♖  [0m|     [0m|  ♗  [0m|  ♕  [0m|  ♔  [0m|  ♗  [0m|  ♘  [0m|  ♖  [0m|
  +-----+-----+-----+-----+-----+-----+-----+-----+
Entrez votre coup : 
     a     b     c     d     e     f     g     h    
  +-----+-----+-----+-----+-----+-----+-----+-----+
8 |  ♜  [0m|     [0m|  ♝  [0m|     [0m|  ♚  [0m|     [0m|     [0m|  ♜  [0m|
  +-----+-----+-----+-----+-----+-----+-----+-----+
7 |  ♟  [0m|  ♟  [0m|  ♟  [0m|     [0m|  ♞  [0m|     [0m|  ♟  [0m|  ♟  [0m|
  +-----+-----+-----+-----+-----+-----+-----+-----+
6 |     [0m|     [0m|     [0m|  ♛  [0m|     [0m|  ♟  [0m|     [0m|     [0m|
  +-----+-----+-----+-----+-----+-----+-----+-----+
5 |     [0m|  ♞  [0m|     [0m|     [0m|  ♟  [0m|  ♙  [0m|  ♙  [0m|     [0m|
  +-----+-----+-----+-----+-----+-----+-----+-----+
4 |     [0m|     [0m|     [0m|     [0m|  ♙  [0m|     [0m|     [0m|     [0m|
  +-----+-----+-----+-----+-----+-----+-----+-----+
3 |  ♙  [0m|     [0m|  ♙  [0m|  ♙  [0m|     [0m|     [0m|     [0m|     [0m|
  +-----+-----+-----+-----+-----+-----+-----+-----+
2 |     [0m|     [0m|     [0m|     [0m| [32m ♘  [0m|     [0m|     [0m|  ♙  [0m|
  +-----+-----+-----+-----+-----+-----+-----+-----+
1 |  ♖  [0m|     [0m|  ♗  [0m|  ♕  [0m|  ♔  [0m|  ♗  [0m| [42m    [0m|  ♖  [0m|
  +-----+-----+-----+-----+-----+-----+-----+-----+
Entrez votre coup : 
     a     b     c     d     e     f     g     h    
  +-----+-----+-----+-----+-----+-----+-----+-----+
8 |  ♜  [0m|     [0m|  ♝  [0m|     [0m|     [0m| [32m ♜  [0m|  ♚  [0m| [42m    [0m|
  +-----+-----+-----+-----+-----+-----+-----+-----+
7 |  ♟  [0m|  ♟  [0m|  ♟  [0m|     [0m|  ♞  [0m|     [0m|  ♟  [0m|  ♟  [0m|
  +-----+-----+-----+-----+-----+-----+-----+-----+
6 |     [0m|     [0m|     [0m|  ♛  [0m|     [0m|  ♟  [0m|     [0m|     [0m|
  +-----+-----+-----+-----+-----+-----+-----+-----+
5 |     [0m|  ♞  [0m|     [0m|     [0m|  ♟  [0m|  ♙  [0m|  ♙  [0m|     [0m|
  +-----+-----+-----+-----+-----+-----+-----+-----+
4 |     [0m|     [0m|     [0m|     [0m|  ♙  [0m|     [0m|     [0m|     [0m|
  +-----+-----+-----+-----+-----+-----+-----+-----+
3 |  ♙  [0m|     [0m|  ♙  [0m|  ♙  [0m|     [0m|     [0m|     [0m|     [0m|
  +-----+-----+-----+-----+-----+-----+-----+-----+
2 |     [0m|     [0m|     [0m|     [0m|  ♘  [0m|     [0m|     [0m|  ♙  [0m|
  +-----+-----+-----+-----+-----+-----+-----+-----+
1 |  ♖  [0m|     [0m|  ♗  [0m|  ♕  [0m|  ♔  [0m|  ♗  [0m|     [0m|  ♖  [0m|
  +-----+-----+-----+-----+-----+-----+-----+-----+
Entrez votre coup : 
     a     b     c     d     e     f     g     h    
  +-----+-----+-----+-----+-----+-----+-----+-----+
8 |  ♜  [0m|     [0m|  ♝  [0m|     [0m|     [0m|  ♜  [0m|  ♚  [0m|     [0m|
  +-----+-----+-----+-----+-----+-----+-----+-----+
7 |  ♟  [0m|  ♟  [0m|  ♟  [0m|     [0m|  ♞  [0m|     [0m|  ♟  [0m|  ♟  [0m|
  +-----+-----+-----+-----+-----+-----+-----+-----+
6 |     [0m|     [0m|     [0m|  ♛  [0m|     [0m|  ♟  [0m| [32m ♙  [0m|     [0m|
  +-----+-----+-----+-----+-----+-----+-----+-----+
5 |     [0m|  ♞  [0m|     [0m|     [0m|  ♟  [0m|  ♙  [0m| [42m    [0m|     [0m|
  +-----+-----+-----+-----+-----+-----+-----+-----+
4 |     [0m|     [0m|     [0m|     [0m|  ♙  [0m|     [0m|     [0m|     [0m|
  +-----+-----+-----+-----+-----+-----+-----+-----+
3 |  ♙  [0m|     [0m|  ♙  [0m|  ♙  [0m|     [0m|     [0m|     [0m|     [0m|
  +-----+-----+-----+-----+-----+-----+-----+-----+
2 |     [0m|     [0m|     [0m|     [0m|  ♘  [0m|     [0m|     [0m|  ♙  [0m|
  +-----+-----+-----+-----+-----+-----+-----+-----+
1 |  ♖  [0m|     [0m|  ♗  [0m|  ♕  [0m|  ♔  [0m|  ♗  [0m|     [0m|  ♖  [0m|
  +-----+-----+-----+-----+-----+-----+-----+-----+
Entrez votre coup : 
     a     b     c     d     e     f     g     h    
  +-----+-----+-----+-----+-----+-----+-----+-----+
8 |  ♜  [0m|     [0m| [42m    [0m|     [0m|     [0m|  ♜  [0m|  ♚  [0m|     [0m|
  +-----+-----+-----+-----+-----+-----+-----+-----+
7 |  ♟  [0m|  ♟  [0m|  ♟  [0m| [32m ♝  [0m|  ♞  [0m|     [0m|  ♟  [0m|  ♟  [0m|
  +-----+-----+-----+-----+-----+-----+-----+-----+
6 |     [0m|     [0m|     [0m|  ♛  [0m|     [0m|  ♟  [0m|  ♙  [0m|     [0m|
  +-----+-----+-----+-----+-----+-----+-----+-----+
5 |     [0m|  ♞  [0m|     [0m|     [0m|  ♟  [0m|  ♙  [0m|     [0m|     [0m|
  +-----+-----+-----+-----+-----+-----+-----+-----+
4 |     [0m|     [0m|     [0m|     [0m|  ♙  [0m|     [0m|     [0m|     [0m|
  +-----+-----+-----+-----+-----+-----+-----+-----+
3 |  ♙  [0m|     [0m|  ♙  [0m|  ♙  [0m|     [0m|     [0m|     [0m|     [0m|
  +-----+-----+-----+-----+-----+-----+-----+-----+
2 |     [0m|     [0m|     [0m|     [0m|  ♘  [0m|     [0m|     [0m|  ♙  [0m|
  +-----+-----+-----+-----+-----+-----+-----+-----+
1 |  ♖  [0m|     [0m|  ♗  [0m|  ♕  [0m|  ♔  [0m|  ♗  [0m|     [0m|  ♖  [0m|
  +-----+-----+-----+-----+-----+-----+-----+-----+
Entrez votre coup : 
     a     b     c     d     e     f     g     h    
  +-----+-----+-----+-----+-----+-----+-----+-----+
8 |  ♜  [0m|     [0m|     [0m|     [0m|     [0m|  ♜  [0m|  ♚  [0m|     [0m|
  +-----+-----+-----+-----+-----+-----+-----+-----+
7 |  ♟  [0m|  ♟  [0m|  ♟  [0m|  ♝  [0m|  ♞  [0m|     [0m|  ♟  [0m|  ♟  [0m|
  +-----+-----+-----+-----+-----+-----+-----+-----+
6 |     [0m|     [0m|     [0m|  ♛  [0m|     [0m|  ♟  [0m|  ♙  [0m|     [0m|
  +-----+-----+-----+-----+-----+-----+-----+-----+
5 |     [0m|  ♞  [0m|     [0m|     [0m|  ♟  [0m|  ♙  [0m|     [0m|     [0m|
  +-----+-----+-----+-----+-----+-----+-----+-----+
4 |     [0m|     [0m|     [0m| [32m ♙  [0m|  ♙  [0m|     [0m|     [0m|     [0m|
  +-----+-----+-----+-----+-----+-----+-----+-----+
3 |  ♙  [0m|     [0m|  ♙  [0m| [42m    [0m|     [0m|     [0m|     [0m|     [0m|
  +-----+-----+-----+-----+-----+-----+-----+-----+
2 |     [0m|     [0m|     [0m|     [0m|  ♘  [0m|     [0m|     [0m|  ♙  [0m|
  +-----+-----+-----+-----+-----+-----+-----+-----+
1 |  ♖  [0m|     [0m|  ♗  [0m|  ♕  [0m|  ♔  [0m|  ♗  [0m|     [0m|  ♖  [0m|
  +-----+-----+-----+-----+-----+-----+-----+-----+
Entrez votre coup : 
     a     b     c     d     e     f     g     h    
  +-----+-----+-----+-----+-----+-----+-----+-----+
8 |  ♜  [0m|     [0m|     [0m|     [0m|     [0m|  ♜  [0m|  ♚  [0m|     [0m|
  +-----+-----+-----+-----+-----+-----+-----+-----+
7 |  ♟  [0m|  ♟  [0m|  ♟  [0m|  ♝  [0m|  ♞  [0m|     [0m|  ♟  [0m|  ♟  [0m|
  +-----+-----+-----+-----+-----+-----+-----+-----+
6 |     [0m|     [0m|     [0m|  ♛  [0m|     [0m|  ♟  [0m|  ♙  [0m|     [0m|
  +-----+-----+-----+-----+-----+-----+-----+-----+
5 |     [0m|  ♞  [0m|     [0m|     [0m| [42m    [0m|  ♙  [0m|     [0m|     [0m|
  +-----+-----+-----+-----+-----+-----+-----+-----+
4 |     [0m|     [0m|     [0m| [32m ♟  [0m|  ♙  [0m|     [0m|     [0m|     [0m|
  +-----+-----+-----+-----+-----+-----+-----+-----+
3 |  ♙  [0m|     [0m|  ♙  [0m|     [0m|     [0m|     [0m|     [0m|     [0m|
  +-----+-----+-----+-----+-----+-----+-----+-----+
2 |     [0m|     [0m|     [0m|     [0m|  ♘  [0m|     [0m|     [0m|  ♙  [0m|
  +-----+-----+-----+-----+-----+-----+-----+-----+
1 |  ♖  [0m|     [0m|  ♗  [0m|  ♕  [0m|  ♔  [0m|  ♗  [0m|     [0m|  ♖  [0m|
  +-----+-----+-----+-----+-----+-----+-----+-----+
Entrez votre coup : 
     a     b     c     d     e     f     g     h    
  +-----+-----+-----+-----+-----+-----+-----+-----+
8 |  ♜  [0m|     [0m|     [0m|     [0m|     [0m|  ♜  [0m|  ♚  [0m|     [0m|
  +-----+-----+-----+-----+-----+-----+-----+-----+
7 |  ♟  [0m|  ♟  [0m|  ♟  [0m|  ♝  [0m|  ♞  [0m|     [0m|  ♟  [0m|  ♟  [0m|
  +-----+-----+-----+-----+-----+-----+-----+-----+
6 |     [0m|     [0m|     [0m|  ♛  [0m|     [0m|  ♟  [0m|  ♙  [0m|     [0m|
  +-----+-----+-----+-----+-----+-----+-----+-----+
5 |     [0m|  ♞  [0m|     [0m|     [0m|     [0m|  ♙  [0m|     [0m|     [0m|
  +-----+-----+-----+-----+-----+-----+-----+-----+
4 |     [0m|     [0m|     [0m| [32m ♘  [0m|  ♙  [0m|     [0m|     [0m|     [0m|
  +-----+-----+-----+-----+-----+-----+-----+-----+
3 |  ♙  [0m|     [0m|  ♙  [0m|     [0m|     [0m|     [0m|     [0m|     [0m|
  +-----+-----+-----+-----+-----+-----+-----+-----+
2 |     [0m|     [0m|     [0m|     [0m| [42m    [0m|     [0m|     [0m|  ♙  [0m|
  +-----+-----+-----+-----+-----+-----+-----+-----+
1 |  ♖  [0m|     [0m|  ♗  [0m|  ♕  [0m|  ♔  [0m|  ♗  [0m|     [0m|  ♖  [0m|
  +-----+-----+-----+-----+-----+-----+-----+-----+
Entrez votre coup : 
     a     b     c     d     e     f     g     h    
  +-----+-----+-----+-----+-----+-----+-----+-----+
8 |  ♜  [0m|     [0m|     [0m|     [0m|     [0m|  ♜  [0m|  ♚  [0m|     [0m|
  +-----+-----+-----+-----+-----+-----+-----+-----+
7 |  ♟  [0m|  ♟  [0m|  ♟  [0m|  ♝  [0m|  ♞  [0m|     [0m|  ♟  [0m|  ♟  [0m|
  +-----+-----+-----+-----+-----+-----+-----+-----+
6 |     [0m|     [0m|     [0m|  ♛  [0m|     [0m|  ♟  [0m|  ♙  [0m|     [0m|
  +-----+-----+-----+-----+-----+-----+-----+-----+
5 |     [0m| [42m    [0m|     [0m|     [0m|     [0m|  ♙  [0m|     [0m|     [0m|
  +-----+-----+-----+-----+-----+-----+-----+-----+
4 |     [0m|     [0m|     [0m| [32m ♞  [0m|  ♙  [0m|     [0m|     [0m|     [0m|
  +-----+-----+-----+-----+-----+-----+-----+-----+
3 |  ♙  [0m|     [0m|  ♙  [0m|     [0m|     [0m|     [0m|     [0m|     [0m|
  +-----+-----+-----+-----+-----+-----+-----+-----+
2 |     [0m|     [0m|     [0m|     [0m|     [0m|     [0m|     [0m|  ♙  [0m|
  +-----+-----+-----+-----+-----+-----+-----+-----+
1 |  ♖  [0m|     [0m|  ♗  [0m|  ♕  [0m|  ♔  [0m|  ♗  [0m|     [0m|  ♖  [0m|
  +-----+-----+-----+-----+-----+-----+-----+-----+
Entrez votre coup : 
     a     b     c     d     e     f     g     h    
  +-----+-----+-----+-----+-----+-----+-----+-----+
8 |  ♜  [0m|     [0m|     [0m|     [0m|     [0m|  ♜  [0m|  ♚  [0m|     [0m|
  +-----+-----+-----+-----+-----+-----+-----+-----+
7 |  ♟  [0m|  ♟  [0m|  ♟  [0m|  ♝  [0m|  ♞  [0m|     [0m|  ♟  [0m|  ♟  [0m|
  +-----+-----+-----+-----+-----+-----+-----+-----+
6 |     [0m|     [0m|     [0m|  ♛  [0m|     [0m|  ♟  [0m|  ♙  [0m|     [0m|
  +-----+-----+-----+-----+-----+-----+-----+-----+
5 |     [0m|     [0m|     [0m|     [0m|     [0m|  ♙  [0m|     [0m| [32m ♕  [0m|
  +-----+-----+-----+-----+-----+-----+-----+-----+
4 |     [0m|     [0m|     [0m|  ♞  [0m|  ♙  [0m|     [0m|     [0m|     [0m|
  +-----+-----+-----+-----+-----+-----+-----+-----+
3 |  ♙  [0m|     [0m|  ♙  [0m|     [0m|     [0m|     [0m|     [0m|     [0m|
  +-----+-----+-----+-----+-----+-----+-----+-----+
2 |     [0m|     [0m|     [0m|     [0m|     [0m|     [0m|     [0m|  ♙  [0m|
  +-----+-----+-----+-----+-----+-----+-----+-----+
1 |  ♖  [0m|     [0m|  ♗  [0m| [42m    [0m|  ♔  [0m|  ♗  [0m|     [0m|  ♖  [0m|
  +-----+-----+-----+-----+-----+-----+-----+-----+
Entrez votre coup : Erreur d'utilisation : ce mouvement met votre roi en échec
Entrez votre coup : 
     a     b     c     d     e     f     g     h    
  +-----+-----+-----+-----+-----+-----+-----+-----+
8 |  ♜  [0m|     [0m|     [0m|     [0m|     [0m|  ♜  [0m|  ♚  [0m|     [0m|
  +-----+-----+-----+-----+-----+-----+-----+-----+
7 |  ♟  [0m|  ♟  [0m|  ♟  [0m|  ♝  [0m|  ♞  [0m|     [0m|  ♟  [0m| [42m    [0m|
  +-----+-----+-----+-----+-----+-----+-----+-----+
6 |     [0m|     [0m|     [0m|  ♛  [0m|     [0m|  ♟  [0m|  ♙  [0m| [32m ♟  [0m|
  +-----+-----+-----+-----+-----+-----+-----+-----+
5 |     [0m|     [0m|     [0m|     [0m|     [0m|  ♙  [0m|     [0m|  ♕  [0m|
  +-----+-----+-----+-----+-----+-----+-----+-----+
4 |     [0m|     [0m|     [0m|  ♞  [0m|  ♙  [0m|     [0m|     [0m|     [0m|
  +-----+-----+-----+-----+-----+-----+-----+-----+
3 |  ♙  [0m|     [0m|  ♙  [0m|     [0m|     [0m|     [0m|     [0m|     [0m|
  +-----+-----+-----+-----+-----+-----+-----+-----+
2 |     [0m|     [0m|     [0m|     [0m|     [0m|     [0m|     [0m|  ♙  [0m|
  +-----+-----+-----+-----+-----+-----+-----+-----+
1 |  ♖  [0m|     [0m|  ♗  [0m|     [0m|  ♔  [0m|  ♗  [0m|     [0m|  ♖  [0m|
  +-----+-----+-----+-----+-----+-----+-----+-----+
Entrez votre coup : 
     a     b     c     d     e     f     g     h    
  +-----+-----+-----+-----+-----+-----+-----+-----+
8 |  ♜  [0m|     [0m|     [0m|     [0m|     [0m|  ♜  [0m|  ♚  [0m|     [0m|
  +-----+-----+-----+-----+-----+-----+-----+-----+
7 |  ♟  [0m|  ♟  [0m|  ♟  [0m|  ♝  [0m|  ♞  [0m|     [0m|  ♟  [0m|     [0m|
  +-----+-----+-----+-----+-----+-----+-----+-----+
6 |     [0m|     [0m|     [0m|  ♛  [0m|     [0m|  ♟  [0m|  ♙  [0m|  ♟  [0m|
  +-----+-----+-----+-----+-----+-----+-----+-----+
5 |     [0m|     [0m|     [0m|     [0m|     [0m|  ♙  [0m|     [0m|  ♕  [0m|
  +-----+-----+-----+-----+-----+-----+-----+-----+
4 |     [0m|     [0m|     [0m| [32m ♙  [0m|  ♙  [0m|     [0m|     [0m|     [0m|
  +-----+-----+-----+-----+-----+-----+-----+-----+
3 |  ♙  [0m|     [0m| [42m    [0m|     [0m|     [0m|     [0m|     [0m|     [0m|
  +-----+-----+-----+-----+-----+-----+-----+-----+
2 |     [0m|     [0m|     [0m|     [0m|     [0m|     [0m|     [0m|  ♙  [0m|
  +-----+-----+-----+-----+-----+-----+-----+-----+
1 |  ♖  [0m|     [0m|  ♗  [0m|     [0m|  ♔  [0m|  ♗  [0m|     [0m|  ♖  [0m|
  +-----+-----+-----+-----+-----+-----+-----+-----+
Entrez votre coup : 
     a     b     c     d     e     f     g     h    
  +-----+-----+-----+-----+-----+-----+-----+-----+
8 |  ♜  [0m|     [0m|     [0m|     [0m|     [0m|  ♜  [0m|  ♚  [0m|     [0m|
  +-----+-----+-----+-----+-----+-----+-----+-----+
7 |  ♟  [0m|  ♟  [0m|  ♟  [0m|  ♝  [0m|  ♞  [0m|     [0m|  ♟  [0m|     [0m|
  +-----+-----+-----+-----+-----+-----+-----+-----+
6 |     [0m|     [0m|     [0m| [42m    [0m|     [0m|  ♟  [0m|  ♙  [0m|  ♟  [0m|
  +-----+-----+-----+-----+-----+-----+-----+-----+
5 |     [0m|     [0m|     [0m|     [0m|     [0m|  ♙  [0m|     [0m|  ♕  [0m|
  +-----+-----+-----+-----+-----+-----+-----+-----+
4 |     [0m|     [0m|     [0m| [32m ♛  [0m|  ♙  [0m|     [0m|     [0m|     [0m|
  +-----+-----+-----+-----+-----+-----+-----+-----+
3 |  ♙  [0m|     [0m|     [0m|     [0m|     [0m|     [0m|     [0m|     [0m|
  +-----+-----+-----+-----+-----+-----+-----+-----+
2 |     [0m|     [0m|     [0m|     [0m|     [0m|     [0m|     [0m|  ♙  [0m|
  +-----+-----+-----+-----+-----+-----+-----+-----+
1 |  ♖  [0m|     [0m|  ♗  [0m|     [0m|  ♔  [0m|  ♗  [0m|     [0m|  ♖  [0m|
  +-----+-----+-----+-----+-----+-----+-----+-----+
Entrez votre coup : 
     a     b     c     d     e     f     g     h    
  +-----+-----+-----+-----+-----+-----+-----+-----+
8 |  ♜  [0m|     [0m|     [0m|     [0m|     [0m|  ♜  [0m|  ♚  [0m|     [0m|
  +-----+-----+-----+-----+-----+-----+-----+-----+
7 |  ♟  [0m|  ♟  [0m|  ♟  [0m|  ♝  [0m|  ♞  [0m|     [0m|  ♟  [0m|     [0m|
  +-----+-----+-----+-----+-----+-----+-----+-----+
6 |     [0m|     [0m|     [0m|     [0m|     [0m|  ♟  [0m|  ♙  [0m|  ♟  [0m|
  +-----+-----+-----+-----+-----+-----+-----+-----+
5 |     [0m|     [0m|     [0m|     [0m|     [0m|  ♙  [0m|     [0m|  ♕  [0m|
  +-----+-----+-----+-----+-----+-----+-----+-----+
4 |     [0m|     [0m|     [0m|  ♛  [0m|  ♙  [0m|     [0m|     [0m|     [0m|
  +-----+-----+-----+-----+-----+-----+-----+-----+
3 |  ♙  [0m|     [0m|     [0m|     [0m|     [0m|     [0m|     [0m|     [0m|
  +-----+-----+-----+-----+-----+-----+-----+-----+
2 | [32m ♖  [0m|     [0m|     [0m|     [0m|     [0m|     [0m|     [0m|  ♙  [0m|
  +-----+-----+-----+-----+-----+-----+-----+-----+
1 | [42m    [0m|     [0m|  ♗  [0m|     [0m|  ♔  [0m|  ♗  [0m|     [0m|  ♖  [0m|
  +-----+-----+-----+-----+-----+-----+-----+-----+
Entrez votre coup : Echec !

     a     b     c     d     e     f     g     h    
  +-----+-----+-----+-----+-----+-----+-----+-----+
8 |  ♜  [0m|     [0m|     [0m|     [0m|     [0m|  ♜  [0m|  ♚  [0m|     [0m|
  +-----+-----+-----+-----+-----+-----+-----+-----+
7 |  ♟  [0m|  ♟  [0m|  ♟  [0m|  ♝  [0m|  ♞  [0m|     [0m|  ♟  [0m|     [0m|
  +-----+-----+-----+-----+-----+-----+-----+-----+
6 |     [0m|     [0m|     [0m|     [0m|     [0m|  ♟  [0m|  ♙  [0m|  ♟  [0m|
  +-----+-----+-----+-----+-----+-----+-----+-----+
5 |     [0m|     [0m|     [0m|     [0m|     [0m|  ♙  [0m|     [0m|  ♕  [0m|
  +-----+-----+-----+-----+-----+-----+-----+-----+
4 |     [0m|     [0m|     [0m| [42m    [0m| [32m ♛  [0m|     [0m|     [0m|     [0m|
  +-----+-----+-----+-----+-----+-----+-----+-----+
3 |  ♙  [0m|     [0m|     [0m|     [0m|     [0m|     [0m|     [0m|     [0m|
  +-----+-----+-----+-----+-----+-----+-----+-----+
2 |  ♖  [0m|     [0m|     [0m|     [0m|     [0m|     [0m|     [0m|  ♙  [0m|
  +-----+-----+-----+-----+-----+-----+-----+-----+
1 |     [0m|     [0m|  ♗  [0m|     [0m|  ♔  [0m|  ♗  [0m|     [0m|  ♖  [0m|
  +-----+-----+-----+-----+-----+-----+-----+-----+
Entrez votre coup : 
     a     b     c     d     e     f     g     h    
  +-----+-----+-----+-----+-----+-----+-----+-----+
8 |  ♜  [0m|     [0m|     [0m|     [0m|     [0m|  ♜  [0m|  ♚  [0m|     [0m|
  +-----+-----+-----+-----+-----+-----+-----+-----+
7 |  ♟  [0m|  ♟  [0m|  ♟  [0m|  ♝  [0m|  ♞  [0m|     [0m|  ♟  [0m|     [0m|
  +-----+-----+-----+-----+-----+-----+-----+-----+
6 |     [0m|     [0m|     [0m|     [0m|     [0m|  ♟  [0m|  ♙  [0m|  ♟  [0m|
  +-----+-----+-----+-----+-----+-----+-----+-----+
5 |     [0m|     [0m|     [0m|     [0m|     [0m|  ♙  [0m|     [0m|  ♕  [0m|
  +-----+-----+-----+-----+-----+-----+-----+-----+
4 |     [0m|     [0m|     [0m|     [0m|  ♛  [0m|     [0m|     [0m|     [0m|
  +-----+-----+-----+-----+-----+-----+-----+-----+
3 |  ♙  [0m|     [0m|     [0m|     [0m|     [0m|     [0m|     [0m|     [0m|
  +-----+-----+-----+-----+-----+-----+-----+-----+
2 | [42m    [0m|     [0m|     [0m|     [0m| [32m ♖  [0m|     [0m|     [0m|  ♙  [0m|
  +-----+-----+-----+-----+-----+-----+-----+-----+
1 |     [0m|     [0m|  ♗  [0m|     [0m|  ♔  [0m|  ♗  [0m|     [0m|  ♖  [0m|
  +-----+-----+-----+-----+-----+-----+-----+-----+
Entrez votre coup : 
     a     b     c     d     e     f     g     h    
  +-----+-----+-----+-----+-----+-----+-----+-----+
8 |  ♜  [0m|     [0m|     [0m|     [0m|     [0m|  ♜  [0m|  ♚  [0m|     [0m|
  +-----+-----+-----+-----+-----+-----+-----+-----+
7 |  ♟  [0m|  ♟  [0m|  ♟  [0m|  ♝  [0m|  ♞  [0m|     [0m|  ♟  [0m|     [0m|
  +-----+-----+-----+-----+-----+-----+-----+-----+
6 |     [0m|     [0m|     [0m|     [0m|     [0m|  ♟  [0m|  ♙  [0m|  ♟  [0m|
  +-----+-----+-----+-----+-----+-----+-----+-----+
5 |     [0m|     [0m|     [0m|     [0m|     [0m|  ♙  [0m|     [0m|  ♕  [0m|
  +-----+-----+-----+-----+-----+-----+-----+-----+
4 |     [0m|     [0m|     [0m|     [0m| [42m    [0m|     [0m|     [0m|     [0m|
  +-----+-----+-----+-----+-----+-----+-----+-----+
3 |  ♙  [0m|     [0m|     [0m|     [0m|     [0m|     [0m|     [0m|     [0m|
  +-----+-----+-----+-----+-----+-----+-----+-----+
2 |     [0m|     [0m|     [0m|     [0m|  ♖  [0m|     [0m|     [0m|  ♙  [0m|
  +-----+-----+-----+-----+-----+-----+-----+-----+
1 |     [0m|     [0m|  ♗  [0m|     [0m|  ♔  [0m|  ♗  [0m|     [0m| [32m ♛  [0m|
  +-----+-----+-----+-----+-----+-----+-----+-----+
Entrez votre coup : 
     a     b     c     d     e     f     g     h    
  +-----+-----+-----+-----+-----+-----+-----+-----+
8 |  ♜  [0m|     [0m|     [0m|     [0m|     [0m|  ♜  [0m|  ♚  [0m|     [0m|
  +-----+-----+-----+-----+-----+-----+-----+-----+
7 |  ♟  [0m|  ♟  [0m|  ♟  [0m|  ♝  [0m| [32m ♖  [0m|     [0m|  ♟  [0m|     [0m|
  +-----+-----+-----+-----+-----+-----+-----+-----+
6 |     [0m|     [0m|     [0m|     [0m|     [0m|  ♟  [0m|  ♙  [0m|  ♟  [0m|
  +-----+-----+-----+-----+-----+-----+-----+-----+
5 |     [0m|     [0m|     [0m|     [0m|     [0m|  ♙  [0m|     [0m|  ♕  [0m|
  +-----+-----+-----+-----+-----+-----+-----+-----+
4 |     [0m|     [0m|     [0m|     [0m|     [0m|     [0m|     [0m|     [0m|
  +-----+-----+-----+-----+-----+-----+-----+-----+
3 |  ♙  [0m|     [0m|     [0m|     [0m|     [0m|     [0m|     [0m|     [0m|
  +-----+-----+-----+-----+-----+-----+-----+-----+
2 |     [0m|     [0m|     [0m|     [0m| [42m    [0m|     [0m|     [0m|  ♙  [0m|
  +-----+-----+-----+-----+-----+-----+-----+-----+
1 |     [0m|     [0m|  ♗  [0m|     [0m|  ♔  [0m|  ♗  [0m|     [0m|  ♛  [0m|
  +-----+-----+-----+-----+-----+-----+-----+-----+
Entrez votre coup : 
     a     b     c     d     e     f     g     h    
  +-----+-----+-----+-----+-----+-----+-----+-----+
8 | [42m    [0m|     [0m|     [0m|     [0m| [32m ♜  [0m|  ♜  [0m|  ♚  [0m|     [0m|
  +-----+-----+-----+-----+-----+-----+-----+-----+
7 |  ♟  [0m|  ♟  [0m|  ♟  [0m|  ♝  [0m|  ♖  [0m|     [0m|  ♟  [0m|     [0m|
  +-----+-----+-----+-----+-----+-----+-----+-----+
6 |     [0m|     [0m|     [0m|     [0m|     [0m|  ♟  [0m|  ♙  [0m|  ♟  [0m|
  +-----+-----+-----+-----+-----+-----+-----+-----+
5 |     [0m|     [0m|     [0m|     [0m|     [0m|  ♙  [0m|     [0m|  ♕  [0m|
  +-----+-----+-----+-----+-----+-----+-----+-----+
4 |     [0m|     [0m|     [0m|     [0m|     [0m|     [0m|     [0m|     [0m|
  +-----+-----+-----+-----+-----+-----+-----+-----+
3 |  ♙  [0m|     [0m|     [0m|     [0m|     [0m|     [0m|     [0m|     [0m|
  +-----+-----+-----+-----+-----+-----+-----+-----+
2 |     [0m|     [0m|     [0m|     [0m|     [0m|     [0m|     [0m|  ♙  [0m|
  +-----+-----+-----+-----+-----+-----+-----+-----+
1 |     [0m|     [0m|  ♗  [0m|     [0m|  ♔  [0m|  ♗  [0m|     [0m|  ♛  [0m|
  +-----+-----+-----+-----+-----+-----+-----+-----+
Entrez votre coup : 
     a     b     c     d     e     f     g     h    
  +-----+-----+-----+-----+-----+-----+-----+-----+
8 |     [0m|     [0m|     [0m|     [0m| [32m ♖  [0m|  ♜  [0m|  ♚  [0m|     [0m|
  +-----+-----+-----+-----+-----+-----+-----+-----+
7 |  ♟  [0m|  ♟  [0m|  ♟  [0m|  ♝  [0m| [42m    [0m|     [0m|  ♟  [0m|     [0m|
  +-----+-----+-----+-----+-----+-----+-----+-----+
6 |     [0m|     [0m|     [0m|     [0m|     [0m|  ♟  [0m|  ♙  [0m|  ♟  [0m|
  +-----+-----+-----+-----+-----+-----+-----+-----+
5 |     [0m|     [0m|     [0m|     [0m|     [0m|  ♙  [0m|     [0m|  ♕  [0m|
  +-----+-----+-----+-----+-----+-----+-----+-----+
4 |     [0m|     [0m|     [0m|     [0m|     [0m|     [0m|     [0m|     [0m|
  +-----+-----+-----+-----+-----+-----+-----+-----+
3 |  ♙  [0m|     [0m|     [0m|     [0m|     [0m|     [0m|     [0m|     [0m|
  +-----+-----+-----+-----+-----+-----+-----+-----+
2 |     [0m|     [0m|     [0m|     [0m|     [0m|     [0m|     [0m|  ♙  [0m|
  +-----+-----+-----+-----+-----+-----+-----+-----+
1 |     [0m|     [0m|  ♗  [0m|     [0m|  ♔  [0m|  ♗  [0m|     [0m|  ♛  [0m|
  +-----+-----+-----+-----+-----+-----+-----+-----+
Entrez votre coup : Echec !

     a     b     c     d     e     f     g     h    
  +-----+-----+-----+-----+-----+-----+-----+-----+
8 |     [0m|     [0m|     [0m|     [0m| [32m ♜  [0m| [42m    [0m|  ♚  [0m|     [0m|
  +-----+-----+-----+-----+-----+-----+-----+-----+
7 |  ♟  [0m|  ♟  [0m|  ♟  [0m|  ♝  [0m|     [0m|     [0m|  ♟  [0m|     [0m|
  +-----+-----+-----+-----+-----+-----+-----+-----+
6 |     [0m|     [0m|     [0m|     [0m|     [0m|  ♟  [0m|  ♙  [0m|  ♟  [0m|
  +-----+-----+-----+-----+-----+-----+-----+-----+
5 |     [0m|     [0m|     [0m|     [0m|     [0m|  ♙  [0m|     [0m|  ♕  [0m|
  +-----+-----+-----+-----+-----+-----+-----+-----+
4 |     [0m|     [0m|     [0m|     [0m|     [0m|     [0m|     [0m|     [0m|
  +-----+-----+-----+-----+-----+-----+-----+-----+
3 |  ♙  [0m|     [0m|     [0m|     [0m|     [0m|     [0m|     [0m|     [0m|
  +-----+-----+-----+-----+-----+-----+-----+-----+
2 |     [0m|     [0m|     [0m|     [0m|     [0m|     [0m|     [0m|  ♙  [0m|
  +-----+-----+-----+-----+-----+-----+-----+-----+
1 |     [0m|     [0m|  ♗  [0m|     [0m|  ♔  [0m|  ♗  [0m|     [0m|  ♛  [0m|
  +-----+-----+-----+-----+-----+-----+-----+-----+
Entrez votre coup : 
     a     b     c     d     e     f     g     h    
  +-----+-----+-----+-----+-----+-----+-----+-----+
8 |     [0m|     [0m|     [0m|     [0m|  ♜  [0m|     [0m|  ♚  [0m|     [0m|
  +-----+-----+-----+-----+-----+-----+-----+-----+
7 |  ♟  [0m|  ♟  [0m|  ♟  [0m|  ♝  [0m|     [0m|     [0m|  ♟  [0m|     [0m|
  +-----+-----+-----+-----+-----+-----+-----+-----+
6 |     [0m|     [0m|     [0m|     [0m|     [0m|  ♟  [0m|  ♙  [0m|  ♟  [0m|
  +-----+-----+-----+-----+-----+-----+-----+-----+
5 |     [0m|     [0m|     [0m|     [0m|     [0m|  ♙  [0m|     [0m|  ♕  [0m|
  +-----+-----+-----+-----+-----+-----+-----+-----+
4 |     [0m|     [0m|     [0m|     [0m|     [0m|     [0m|     [0m|     [0m|
  +-----+-----+-----+-----+-----+-----+-----+-----+
3 |  ♙  [0m|     [0m|     [0m|     [0m|     [0m|     [0m|     [0m|     [0m|
  +-----+-----+-----+-----+-----+-----+-----+-----+
2 |     [0m|     [0m|     [0m|     [0m|     [0m| [32m ♔  [0m|     [0m|  ♙  [0m|
  +-----+-----+-----+-----+-----+-----+-----+-----+
1 |     [0m|     [0m|  ♗  [0m|     [0m| [42m    [0m|  ♗  [0m|     [0m|  ♛  [0m|
  +-----+-----+-----+-----+-----+-----+-----+-----+
Entrez votre coup : 
     a     b     c     d     e     f     g     h    
  +-----+-----+-----+-----+-----+-----+-----+-----+
8 |     [0m|     [0m|     [0m|     [0m|  ♜  [0m|     [0m|  ♚  [0m|     [0m|
  +-----+-----+-----+-----+-----+-----+-----+-----+
7 |  ♟  [0m|  ♟  [0m|  ♟  [0m| [42m    [0m|     [0m|     [0m|  ♟  [0m|     [0m|
  +-----+-----+-----+-----+-----+-----+-----+-----+
6 |     [0m|     [0m| [32m ♝  [0m|     [0m|     [0m|  ♟  [0m|  ♙  [0m|  ♟  [0m|
  +-----+-----+-----+-----+-----+-----+-----+-----+
5 |     [0m|     [0m|     [0m|     [0m|     [0m|  ♙  [0m|     [0m|  ♕  [0m|
  +-----+-----+-----+-----+-----+-----+-----+-----+
4 |     [0m|     [0m|     [0m|     [0m|     [0m|     [0m|     [0m|     [0m|
  +-----+-----+-----+-----+-----+-----+-----+-----+
3 |  ♙  [0m|     [0m|     [0m|     [0m|     [0m|     [0m|     [0m|     [0m|
  +-----+-----+-----+-----+-----+-----+-----+-----+
2 |     [0m|     [0m|     [0m|     [0m|     [0m|  ♔  [0m|     [0m|  ♙  [0m|
  +-----+-----+-----+-----+-----+-----+-----+-----+
1 |     [0m|     [0m|  ♗  [0m|     [0m|     [0m|  ♗  [0m|     [0m|  ♛  [0m|
  +-----+-----+-----+-----+-----+-----+-----+-----+
Entrez votre coup : 
     a     b     c     d     e     f     g     h    
  +-----+-----+-----+-----+-----+-----+-----+-----+
8 |     [0m|     [0m|     [0m|     [0m|  ♜  [0m|     [0m|  ♚  [0m|     [0m|
  +-----+-----+-----+-----+-----+-----+-----+-----+
7 |  ♟  [0m|  ♟  [0m|  ♟  [0m|     [0m|     [0m|     [0m|  ♟  [0m|     [0m|
  +-----+-----+-----+-----+-----+-----+-----+-----+
6 |     [0m|     [0m|  ♝  [0m|     [0m|     [0m|  ♟  [0m|  ♙  [0m| [32m ♗  [0m|
  +-----+-----+-----+-----+-----+-----+-----+-----+
5 |     [0m|     [0m|     [0m|     [0m|     [0m|  ♙  [0m|     [0m|  ♕  [0m|
  +-----+-----+-----+-----+-----+-----+-----+-----+
4 |     [0m|     [0m|     [0m|     [0m|     [0m|     [0m|     [0m|     [0m|
  +-----+-----+-----+-----+-----+-----+-----+-----+
3 |  ♙  [0m|     [0m|     [0m|     [0m|     [0m|     [0m|     [0m|     [0m|
  +-----+-----+-----+-----+-----+-----+-----+-----+
2 |     [0m|     [0m|     [0m|     [0m|     [0m|  ♔  [0m|     [0m|  ♙  [0m|
  +-----+-----+-----+-----+-----+-----+-----+-----+
1 |     [0m|     [0m| [42m    [0m|     [0m|     [0m|  ♗  [0m|     [0m|  ♛  [0m|
  +-----+-----+-----+-----+-----+-----+-----+-----+
Entrez votre coup : 
     a     b     c     d     e     f     g     h    
  +-----+-----+-----+-----+-----+-----+-----+-----+
8 |     [0m|     [0m|     [0m|     [0m|  ♜  [0m|     [0m|  ♚  [0m|     [0m|
  +-----+-----+-----+-----+-----+-----+-----+-----+
7 |  ♟  [0m|  ♟  [0m|  ♟  [0m|     [0m|     [0m|     [0m| [42m    [0m|     [0m|
  +-----+-----+-----+-----+-----+-----+-----+-----+
6 |     [0m|     [0m|  ♝  [0m|     [0m|     [0m|  ♟  [0m|  ♙  [0m| [32m ♟  [0m|
  +-----+-----+-----+-----+-----+-----+-----+-----+
5 |     [0m|     [0m|     [0m|     [0m|     [0m|  ♙  [0m|     [0m|  ♕  [0m|
  +-----+-----+-----+-----+-----+-----+-----+-----+
4 |     [0m|     [0m|     [0m|     [0m|     [0m|     [0m|     [0m|     [0m|
  +-----+-----+-----+-----+-----+-----+-----+-----+
3 |  ♙  [0m|     [0m|     [0m|     [0m|     [0m|     [0m|     [0m|     [0m|
  +-----+-----+-----+-----+-----+-----+-----+-----+
2 |     [0m|     [0m|     [0m|     [0m|     [0m|  ♔  [0m|     [0m|  ♙  [0m|
  +-----+-----+-----+-----+-----+-----+-----+-----+
1 |     [0m|     [0m|     [0m|     [0m|     [0m|  ♗  [0m|     [0m|  ♛  [0m|
  +-----+-----+-----+-----+-----+-----+-----+-----+
Entrez votre coup : Echec !

     a     b     c     d     e     f     g     h    
  +-----+-----+-----+-----+-----+-----+-----+-----+
8 |     [0m|     [0m|     [0m|     [0m|  ♜  [0m|     [0m|  ♚  [0m|     [0m|
  +-----+-----+-----+-----+-----+-----+-----+-----+
7 |  ♟  [0m|  ♟  [0m|  ♟  [0m|     [0m|     [0m|     [0m|     [0m|     [0m|
  +-----+-----+-----+-----+-----+-----+-----+-----+
6 |     [0m|     [0m|  ♝  [0m|     [0m|     [0m|  ♟  [0m|  ♙  [0m|  ♟  [0m|
  +-----+-----+-----+-----+-----+-----+-----+-----+
5 |     [0m|     [0m|     [0m|     [0m|     [0m|  ♙  [0m|     [0m|  ♕  [0m|
  +-----+-----+-----+-----+-----+-----+-----+-----+
4 |     [0m|     [0m| [32m ♗  [0m|     [0m|     [0m|     [0m|     [0m|     [0m|
  +-----+-----+-----+-----+-----+-----+-----+-----+
3 |  ♙  [0m|     [0m|     [0m|     [0m|     [0m|     [0m|     [0m|     [0m|
  +-----+-----+-----+-----+-----+-----+-----+-----+
2 |     [0m|     [0m|     [0m|     [0m|     [0m|  ♔  [0m|     [0m|  ♙  [0m|
  +-----+-----+-----+-----+-----+-----+-----+-----+
1 |     [0m|     [0m|     [0m|     [0m|     [0m| [42m    [0m|     [0m|  ♛  [0m|
  +-----+-----+-----+-----+-----+-----+-----+-----+
Entrez votre coup : 
     a     b     c     d     e     f     g     h    
  +-----+-----+-----+-----+-----+-----+-----+-----+
8 |     [0m|     [0m|     [0m|     [0m|  ♜  [0m|     [0m| [42m    [0m| [32m ♚  [0m|
  +-----+-----+-----+-----+-----+-----+-----+-----+
7 |  ♟  [0m|  ♟  [0m|  ♟  [0m|     [0m|     [0m|     [0m|     [0m|     [0m|
  +-----+-----+-----+-----+-----+-----+-----+-----+
6 |     [0m|     [0m|  ♝  [0m|     [0m|     [0m|  ♟  [0m|  ♙  [0m|  ♟  [0m|
  +-----+-----+-----+-----+-----+-----+-----+-----+
5 |     [0m|     [0m|     [0m|     [0m|     [0m|  ♙  [0m|     [0m|  ♕  [0m|
  +-----+-----+-----+-----+-----+-----+-----+-----+
4 |     [0m|     [0m|  ♗  [0m|     [0m|     [0m|     [0m|     [0m|     [0m|
  +-----+-----+-----+-----+-----+-----+-----+-----+
3 |  ♙  [0m|     [0m|     [0m|     [0m|     [0m|     [0m|     [0m|     [0m|
  +-----+-----+-----+-----+-----+-----+-----+-----+
2 |     [0m|     [0m|     [0m|     [0m|     [0m|  ♔  [0m|     [0m|  ♙  [0m|
  +-----+-----+-----+-----+-----+-----+-----+-----+
1 |     [0m|     [0m|     [0m|     [0m|     [0m|     [0m|     [0m|  ♛  [0m|
  +-----+-----+-----+-----+-----+-----+-----+-----+
Entrez votre coup : Echec !
Echec et mat !
,,,,,,,bQ,,,,,,wK,,wP,wP,,,,,,,,,,wB,,,,,,,,,,,wP,,,,,bB,,,bP,wP,wQ,bP,bP,bP,,,,,,,,,,bR,,,bK, 1-0
  -> [0;32mreference position: OK[0m
  -> [0;32mreference result: OK[0m
  -> [0m(exit code=0)
[0;33m> data/4-leg-mat-berger.txt[0m

     a     b     c     d     e     f     g     h    
  +-----+-----+-----+-----+-----+-----+-----+-----+
8 |  ♜  [0m|  ♞  [0m|  ♝  [0m|  ♛  [0m|  ♚  [0m|  ♝  [0m|  ♞  [0m|  ♜  [0m|
  +-----+-----+-----+-----+-----+-----+-----+-----+
7 |  ♟  [0m|  ♟  [0m|  ♟  [0m|  ♟  [0m|  ♟  [0m|  ♟  [0m|  ♟  [0m|  ♟  [0m|
  +-----+-----+-----+-----+-----+-----+-----+-----+
6 |     [0m|     [0m|     [0m|     [0m|     [0m|     [0m|     [0m|     [0m|
  +-----+-----+-----+-----+-----+-----+-----+-----+
5 |     [0m|     [0m|     [0m|     [0m|     [0m|     [0m|     [0m|     [0m|
  +-----+-----+-----+-----+-----+-----+-----+-----+
4 |     [0m|     [0m|     [0m|     [0m|     [0m|     [0m|     [0m|     [0m|
  +-----+-----+-----+-----+-----+-----+-----+-----+
3 |     [0m|     [0m|     [0m|     [0m|     [0m|     [0m|     [0m|     [0m|
  +-----+-----+-----+-----+-----+-----+-----+-----+
2 |  ♙  [0m|  ♙  [0m|  ♙  [0m|  ♙  [0m|  ♙  [0m|  ♙  [0m|  ♙  [0m|  ♙  [0m|
  +-----+-----+-----+-----+-----+-----+-----+-----+
1 |  ♖  [0m|  ♘  [0m|  ♗  [0m|  ♕  [0m|  ♔  [0m|  ♗  [0m|  ♘  [0m|  ♖  [0m|
  +-----+-----+-----+-----+-----+-----+-----+-----+
Entrez votre coup : 
     a     b     c     d     e     f     g     h    
  +-----+-----+-----+-----+-----+-----+-----+-----+
8 |  ♜  [0m|  ♞  [0m|  ♝  [0m|  ♛  [0m|  ♚  [0m|  ♝  [0m|  ♞  [0m|  ♜  [0m|
  +-----+-----+-----+-----+-----+-----+-----+-----+
7 |  ♟  [0m|  ♟  [0m|  ♟  [0m|  ♟  [0m|  ♟  [0m|  ♟  [0m|  ♟  [0m|  ♟  [0m|
  +-----+-----+-----+-----+-----+-----+-----+-----+
6 |     [0m|     [0m|     [0m|     [0m|     [0m|     [0m|     [0m|     [0m|
  +-----+-----+-----+-----+-----+-----+-----+-----+
5 |     [0m|     [0m|     [0m|     [0m|     [0m|     [0m|     [0m|     [0m|
  +-----+-----+-----+-----+-----+-----+-----+-----+
4 |     [0m|     [0m|     [0m|     [0m| [32m ♙  [0m|     [0m|     [0m|     [0m|
  +-----+-----+-----+-----+-----+-----+-----+-----+
3 |     [0m|     [0m|     [0m|     [0m|     [0m|     [0m|     [0m|     [0m|
  +-----+-----+-----+-----+-----+-----+-----+-----+
2 |  ♙  [0m|  ♙  [0m|  ♙  [0m|  ♙  [0m| [42m    [0m|  ♙  [0m|  ♙  [0m|  ♙  [0m|
  +-----+-----+-----+-----+-----+-----+-----+-----+
1 |  ♖  [0m|  ♘  [0m|  ♗  [0m|  ♕  [0m|  ♔  [0m|  ♗  [0m|  ♘  [0m|  ♖  [0m|
  +-----+-----+-----+-----+-----+-----+-----+-----+
Entrez votre coup : 
     a     b     c     d     e     f     g     h    
  +-----+-----+-----+-----+-----+-----+-----+-----+
8 |  ♜  [0m|  ♞  [0m|  ♝  [0m|  ♛  [0m|  ♚  [0m|  ♝  [0m|  ♞  [0m|  ♜  [0m|
  +-----+-----+-----+-----+-----+-----+-----+-----+
7 |  ♟  [0m|  ♟  [0m|  ♟  [0m|  ♟  [0m| [42m    [0m|  ♟  [0m|  ♟  [0m|  ♟  [0m|
  +-----+-----+-----+-----+-----+-----+-----+-----+
6 |     [0m|     [0m|     [0m|     [0m|     [0m|     [0m|     [0m|     [0m|
  +-----+-----+-----+-----+-----+-----+-----+-----+
5 |     [0m|     [0m|     [0m|     [0m| [32m ♟  [0m|     [0m|     [0m|     [0m|
  +-----+-----+-----+-----+-----+-----+-----+-----+
4 |     [0m|     [0m|     [0m|     [0m|  ♙  [0m|     [0m|     [0m|     [0m|
  +-----+-----+-----+-----+-----+-----+-----+-----+
3 |     [0m|     [0m|     [0m|     [0m|     [0m|     [0m|     [0m|     [0m|
  +-----+-----+-----+-----+-----+-----+-----+-----+
2 |  ♙  [0m|  ♙  [0m|  ♙  [0m|  ♙  [0m|     [0m|  ♙  [0m|  ♙  [0m|  ♙  [0m|
  +-----+-----+-----+-----+-----+-----+-----+-----+
1 |  ♖  [0m|  ♘  [0m|  ♗  [0m|  ♕  [0m|  ♔  [0m|  ♗  [0m|  ♘  [0m|  ♖  [0m|
  +-----+-----+-----+-----+-----+-----+-----+-----+
Entrez votre coup : 
     a     b     c     d     e     f     g     h    
  +-----+-----+-----+-----+-----+-----+-----+-----+
8 |  ♜  [0m|  ♞  [0m|  ♝  [0m|  ♛  [0m|  ♚  [0m|  ♝  [0m|  ♞  [0m|  ♜  [0m|
  +-----+-----+-----+-----+-----+-----+-----+-----+
7 |  ♟  [0m|  ♟  [0m|  ♟  [0m|  ♟  [0m|     [0m|  ♟  [0m|  ♟  [0m|  ♟  [0m|
  +-----+-----+-----+-----+-----+-----+-----+-----+
6 |     [0m|     [0m|     [0m|     [0m|     [0m|     [0m|     [0m|     [0m|
  +-----+-----+-----+-----+-----+-----+-----+-----+
5 |     [0m|     [0m|     [0m|     [0m|  ♟  [0m|     [0m|     [0m|     [0m|
  +-----+-----+-----+-----+-----+-----+-----+-----+
4 |     [0m|     [0m| [32m ♗  [0m|     [0m|  ♙  [0m|     [0m|     [0m|     [0m|
  +-----+-----+-----+-----+-----+-----+-----+-----+
3 |     [0m|     [0m|     [0m|     [0m|     [0m|     [0m|     [0m|     [0m|
  +-----+-----+-----+-----+-----+-----+-----+-----+
2 |  ♙  [0m|  ♙  [0m|  ♙  [0m|  ♙  [0m|     [0m|  ♙  [0m|  ♙  [0m|  ♙  [0m|
  +-----+-----+-----+-----+-----+-----+-----+-----+
1 |  ♖  [0m|  ♘  [0m|  ♗  [0m|  ♕  [0m|  ♔  [0m| [42m    [0m|  ♘  [0m|  ♖  [0m|
  +-----+-----+-----+-----+-----+-----+-----+-----+
Entrez votre coup : 
     a     b     c     d     e     f     g     h    
  +-----+-----+-----+-----+-----+-----+-----+-----+
8 |  ♜  [0m|  ♞  [0m|  ♝  [0m|  ♛  [0m|  ♚  [0m| [42m    [0m|  ♞  [0m|  ♜  [0m|
  +-----+-----+-----+-----+-----+-----+-----+-----+
7 |  ♟  [0m|  ♟  [0m|  ♟  [0m|  ♟  [0m|     [0m|  ♟  [0m|  ♟  [0m|  ♟  [0m|
  +-----+-----+-----+-----+-----+-----+-----+-----+
6 |     [0m|     [0m|     [0m|     [0m|     [0m|     [0m|     [0m|     [0m|
  +-----+-----+-----+-----+-----+-----+-----+-----+
5 |     [0m|     [0m| [32m ♝  [0m|     [0m|  ♟  [0m|     [0m|     [0m|     [0m|
  +-----+-----+-----+-----+-----+-----+-----+-----+
4 |     [0m|     [0m|  ♗  [0m|     [0m|  ♙  [0m|     [0m|     [0m|     [0m|
  +-----+-----+-----+-----+-----+-----+-----+-----+
3 |     [0m|     [0m|     [0m|     [0m|     [0m|     [0m|     [0m|     [0m|
  +-----+-----+-----+-----+-----+-----+-----+-----+
2 |  ♙  [0m|  ♙  [0m|  ♙  [0m|  ♙  [0m|     [0m|  ♙  [0m|  ♙  [0m|  ♙  [0m|
  +-----+-----+-----+-----+-----+-----+-----+-----+
1 |  ♖  [0m|  ♘  [0m|  ♗  [0m|  ♕  [0m|  ♔  [0m|     [0m|  ♘  [0m|  ♖  [0m|
  +-----+-----+-----+-----+-----+-----+-----+-----+
Entrez votre coup : 
     a     b     c     d     e     f     g     h    
  +-----+-----+-----+-----+-----+-----+-----+-----+
8 |  ♜  [0m|  ♞  [0m|  ♝  [0m|  ♛  [0m|  ♚  [0m|     [0m|  ♞  [0m|  ♜  [0m|
  +-----+-----+-----+-----+-----+-----+-----+-----+
7 |  ♟  [0m|  ♟  [0m|  ♟  [0m|  ♟  [0m|     [0m|  ♟  [0m|  ♟  [0m|  ♟  [0m|
  +-----+-----+-----+-----+-----+-----+-----+-----+
6 |     [0m|     [0m|     [0m|     [0m|     [0m|     [0m|     [0m|     [0m|
  +-----+-----+-----+-----+-----+-----+-----+-----+
5 |     [0m|     [0m|  ♝  [0m|     [0m|  ♟  [0m|     [0m|     [0m| [32m ♕  [0m|
  +-----+-----+-----+-----+-----+-----+-----+-----+
4 |     [0m|     [0m|  ♗  [0m|     [0m|  ♙  [0m|     [0m|     [0m|     [0m|
  +-----+-----+-----+-----+-----+-----+-----+-----+
3 |     [0m|     [0m|     [0m|     [0m|     [0m|     [0m|     [0m|     [0m|
  +-----+-----+-----+-----+-----+-----+-----+-----+
2 |  ♙  [0m|  ♙  [0m|  ♙  [0m|  ♙  [0m|     [0m|  ♙  [0m|  ♙  [0m|  ♙  [0m|
  +-----+-----+-----+-----+-----+-----+-----+-----+
1 |  ♖  [0m|  ♘  [0m|  ♗  [0m| [42m    [0m|  ♔  [0m|     [0m|  ♘  [0m|  ♖  [0m|
  +-----+-----+-----+-----+-----+-----+-----+-----+
Entrez votre coup : 
     a     b     c     d     e     f     g     h    
  +-----+-----+-----+-----+-----+-----+-----+-----+
8 |  ♜  [0m| [42m    [0m|  ♝  [0m|  ♛  [0m|  ♚  [0m|     [0m|  ♞  [0m|  ♜  [0m|
  +-----+-----+-----+-----+-----+-----+-----+-----+
7 |  ♟  [0m|  ♟  [0m|  ♟  [0m|  ♟  [0m|     [0m|  ♟  [0m|  ♟  [0m|  ♟  [0m|
  +-----+-----+-----+-----+-----+-----+-----+-----+
6 |     [0m|     [0m| [32m ♞  [0m|     [0m|     [0m|     [0m|     [0m|     [0m|
  +-----+-----+-----+-----+-----+-----+-----+-----+
5 |     [0m|     [0m|  ♝  [0m|     [0m|  ♟  [0m|     [0m|     [0m|  ♕  [0m|
  +-----+-----+-----+-----+-----+-----+-----+-----+
4 |     [0m|     [0m|  ♗  [0m|     [0m|  ♙  [0m|     [0m|     [0m|     [0m|
  +-----+-----+-----+-----+-----+-----+-----+-----+
3 |     [0m|     [0m|     [0m|     [0m|     [0m|     [0m|     [0m|     [0m|
  +-----+-----+-----+-----+-----+-----+-----+-----+
2 |  ♙  [0m|  ♙  [0m|  ♙  [0m|  ♙  [0m|     [0m|  ♙  [0m|  ♙  [0m|  ♙  [0m|
  +-----+-----+-----+-----+-----+-----+-----+-----+
1 |  ♖  [0m|  ♘  [0m|  ♗  [0m|     [0m|  ♔  [0m|     [0m|  ♘  [0m|  ♖  [0m|
  +-----+-----+-----+-----+-----+-----+-----+-----+
Entrez votre coup : Echec !
Echec et mat !
wR,wN,wB,,wK,,wN,wR,wP,wP,wP,wP,,wP,wP,wP,,,,,,,,,,,wB,,wP,,,,,,bB,,bP,,,,,,bN,,,,,,bP,bP,bP,bP,,wQ,bP,bP,bR,,bB,bQ,bK,,bN,bR, 1-0
  -> [0;32mreference position: OK[0m
  -> [0;32mreference result: OK[0m
  -> [0m(exit code=0)
[0;33m> data/4-leg-mat-decouv.txt[0m

     a     b     c     d     e     f     g     h    
  +-----+-----+-----+-----+-----+-----+-----+-----+
8 |  ♜  [0m|  ♞  [0m|  ♝  [0m|  ♛  [0m|  ♚  [0m|  ♝  [0m|  ♞  [0m|  ♜  [0m|
  +-----+-----+-----+-----+-----+-----+-----+-----+
7 |  ♟  [0m|  ♟  [0m|  ♟  [0m|  ♟  [0m|  ♟  [0m|  ♟  [0m|  ♟  [0m|  ♟  [0m|
  +-----+-----+-----+-----+-----+-----+-----+-----+
6 |     [0m|     [0m|     [0m|     [0m|     [0m|     [0m|     [0m|     [0m|
  +-----+-----+-----+-----+-----+-----+-----+-----+
5 |     [0m|     [0m|     [0m|     [0m|     [0m|     [0m|     [0m|     [0m|
  +-----+-----+-----+-----+-----+-----+-----+-----+
4 |     [0m|     [0m|     [0m|     [0m|     [0m|     [0m|     [0m|     [0m|
  +-----+-----+-----+-----+-----+-----+-----+-----+
3 |     [0m|     [0m|     [0m|     [0m|     [0m|     [0m|     [0m|     [0m|
  +-----+-----+-----+-----+-----+-----+-----+-----+
2 |  ♙  [0m|  ♙  [0m|  ♙  [0m|  ♙  [0m|  ♙  [0m|  ♙  [0m|  ♙  [0m|  ♙  [0m|
  +-----+-----+-----+-----+-----+-----+-----+-----+
1 |  ♖  [0m|  ♘  [0m|  ♗  [0m|  ♕  [0m|  ♔  [0m|  ♗  [0m|  ♘  [0m|  ♖  [0m|
  +-----+-----+-----+-----+-----+-----+-----+-----+
Entrez votre coup : 
     a     b     c     d     e     f     g     h    
  +-----+-----+-----+-----+-----+-----+-----+-----+
8 |  ♜  [0m|  ♞  [0m|  ♝  [0m|  ♛  [0m|  ♚  [0m|  ♝  [0m|  ♞  [0m|  ♜  [0m|
  +-----+-----+-----+-----+-----+-----+-----+-----+
7 |  ♟  [0m|  ♟  [0m|  ♟  [0m|  ♟  [0m|  ♟  [0m|  ♟  [0m|  ♟  [0m|  ♟  [0m|
  +-----+-----+-----+-----+-----+-----+-----+-----+
6 |     [0m|     [0m|     [0m|     [0m|     [0m|     [0m|     [0m|     [0m|
  +-----+-----+-----+-----+-----+-----+-----+-----+
5 |     [0m|     [0m|     [0m|     [0m|     [0m|     [0m|     [0m|     [0m|
  +-----+-----+-----+-----+-----+-----+-----+-----+
4 |     [0m|     [0m|     [0m|     [0m| [32m ♙  [0m|     [0m|     [0m|     [0m|
  +-----+-----+-----+-----+-----+-----+-----+-----+
3 |     [0m|     [0m|     [0m|     [0m|     [0m|     [0m|     [0m|     [0m|
  +-----+-----+-----+-----+-----+-----+-----+-----+
2 |  ♙  [0m|  ♙  [0m|  ♙  [0m|  ♙  [0m| [42m    [0m|  ♙  [0m|  ♙  [0m|  ♙  [0m|
  +-----+-----+-----+-----+-----+-----+-----+-----+
1 |  ♖  [0m|  ♘  [0m|  ♗  [0m|  ♕  [0m|  ♔  [0m|  ♗  [0m|  ♘  [0m|  ♖  [0m|
  +-----+-----+-----+-----+-----+-----+-----+-----+
Entrez votre coup : 
     a     b     c     d     e     f     g     h    
  +-----+-----+-----+-----+-----+-----+-----+-----+
8 |  ♜  [0m|  ♞  [0m|  ♝  [0m|  ♛  [0m|  ♚  [0m|  ♝  [0m|  ♞  [0m|  ♜  [0m|
  +-----+-----+-----+-----+-----+-----+-----+-----+
7 |  ♟  [0m|  ♟  [0m|  ♟  [0m|  ♟  [0m| [42m    [0m|  ♟  [0m|  ♟  [0m|  ♟  [0m|
  +-----+-----+-----+-----+-----+-----+-----+-----+
6 |     [0m|     [0m|     [0m|     [0m|     [0m|     [0m|     [0m|     [0m|
  +-----+-----+-----+-----+-----+-----+-----+-----+
5 |     [0m|     [0m|     [0m|     [0m| [32m ♟  [0m|     [0m|     [0m|     [0m|
  +-----+-----+-----+-----+-----+-----+-----+-----+
4 |     [0m|     [0m|     [0m|     [0m|  ♙  [0m|     [0m|     [0m|     [0m|
  +-----+-----+-----+-----+-----+-----+-----+-----+
3 |     [0m|     [0m|     [0m|     [0m|     [0m|     [0m|     [0m|     [0m|
  +-----+-----+-----+-----+-----+-----+-----+-----+
2 |  ♙  [0m|  ♙  [0m|  ♙  [0m|  ♙  [0m|     [0m|  ♙  [0m|  ♙  [0m|  ♙  [0m|
  +-----+-----+-----+-----+-----+-----+-----+-----+
1 |  ♖  [0m|  ♘  [0m|  ♗  [0m|  ♕  [0m|  ♔  [0m|  ♗  [0m|  ♘  [0m|  ♖  [0m|
  +-----+-----+-----+-----+-----+-----+-----+-----+
Entrez votre coup : 
     a     b     c     d     e     f     g     h    
  +-----+-----+-----+-----+-----+-----+-----+-----+
8 |  ♜  [0m|  ♞  [0m|  ♝  [0m|  ♛  [0m|  ♚  [0m|  ♝  [0m|  ♞  [0m|  ♜  [0m|
  +-----+-----+-----+-----+-----+-----+-----+-----+
7 |  ♟  [0m|  ♟  [0m|  ♟  [0m|  ♟  [0m|     [0m|  ♟  [0m|  ♟  [0m|  ♟  [0m|
  +-----+-----+-----+-----+-----+-----+-----+-----+
6 |     [0m|     [0m|     [0m|     [0m|     [0m|     [0m|     [0m|     [0m|
  +-----+-----+-----+-----+-----+-----+-----+-----+
5 |     [0m|     [0m|     [0m|     [0m|  ♟  [0m|     [0m|     [0m| [32m ♕  [0m|
  +-----+-----+-----+-----+-----+-----+-----+-----+
4 |     [0m|     [0m|     [0m|     [0m|  ♙  [0m|     [0m|     [0m|     [0m|
  +-----+-----+-----+-----+-----+-----+-----+-----+
3 |     [0m|     [0m|     [0m|     [0m|     [0m|     [0m|     [0m|     [0m|
  +-----+-----+-----+-----+-----+-----+-----+-----+
2 |  ♙  [0m|  ♙  [0m|  ♙  [0m|  ♙  [0m|     [0m|  ♙  [0m|  ♙  [0m|  ♙  [0m|
  +-----+-----+-----+-----+-----+-----+-----+-----+
1 |  ♖  [0m|  ♘  [0m|  ♗  [0m| [42m    [0m|  ♔  [0m|  ♗  [0m|  ♘  [0m|  ♖  [0m|
  +-----+-----+-----+-----+-----+-----+-----+-----+
Entrez votre coup : 
     a     b     c     d     e     f     g     h    
  +-----+-----+-----+-----+-----+-----+-----+-----+
8 |  ♜  [0m|  ♞  [0m|  ♝  [0m|  ♛  [0m|  ♚  [0m|  ♝  [0m|  ♞  [0m|  ♜  [0m|
  +-----+-----+-----+-----+-----+-----+-----+-----+
7 |  ♟  [0m|  ♟  [0m|  ♟  [0m|  ♟  [0m|     [0m|  ♟  [0m| [42m    [0m|  ♟  [0m|
  +-----+-----+-----+-----+-----+-----+-----+-----+
6 |     [0m|     [0m|     [0m|     [0m|     [0m|     [0m| [32m ♟  [0m|     [0m|
  +-----+-----+-----+-----+-----+-----+-----+-----+
5 |     [0m|     [0m|     [0m|     [0m|  ♟  [0m|     [0m|     [0m|  ♕  [0m|
  +-----+-----+-----+-----+-----+-----+-----+-----+
4 |     [0m|     [0m|     [0m|     [0m|  ♙  [0m|     [0m|     [0m|     [0m|
  +-----+-----+-----+-----+-----+-----+-----+-----+
3 |     [0m|     [0m|     [0m|     [0m|     [0m|     [0m|     [0m|     [0m|
  +-----+-----+-----+-----+-----+-----+-----+-----+
2 |  ♙  [0m|  ♙  [0m|  ♙  [0m|  ♙  [0m|     [0m|  ♙  [0m|  ♙  [0m|  ♙  [0m|
  +-----+-----+-----+-----+-----+-----+-----+-----+
1 |  ♖  [0m|  ♘  [0m|  ♗  [0m|     [0m|  ♔  [0m|  ♗  [0m|  ♘  [0m|  ♖  [0m|
  +-----+-----+-----+-----+-----+-----+-----+-----+
Entrez votre coup : 
     a     b     c     d     e     f     g     h    
  +-----+-----+-----+-----+-----+-----+-----+-----+
8 |  ♜  [0m|  ♞  [0m|  ♝  [0m|  ♛  [0m|  ♚  [0m|  ♝  [0m|  ♞  [0m|  ♜  [0m|
  +-----+-----+-----+-----+-----+-----+-----+-----+
7 |  ♟  [0m|  ♟  [0m|  ♟  [0m|  ♟  [0m|     [0m|  ♟  [0m|     [0m|  ♟  [0m|
  +-----+-----+-----+-----+-----+-----+-----+-----+
6 |     [0m|     [0m|     [0m|     [0m|     [0m|     [0m|  ♟  [0m|     [0m|
  +-----+-----+-----+-----+-----+-----+-----+-----+
5 |     [0m|     [0m|     [0m|     [0m|  ♟  [0m|     [0m|     [0m| [42m    [0m|
  +-----+-----+-----+-----+-----+-----+-----+-----+
4 |     [0m|     [0m|     [0m|     [0m|  ♙  [0m|     [0m|     [0m|     [0m|
  +-----+-----+-----+-----+-----+-----+-----+-----+
3 |     [0m|     [0m|     [0m|     [0m|     [0m| [32m ♕  [0m|     [0m|     [0m|
  +-----+-----+-----+-----+-----+-----+-----+-----+
2 |  ♙  [0m|  ♙  [0m|  ♙  [0m|  ♙  [0m|     [0m|  ♙  [0m|  ♙  [0m|  ♙  [0m|
  +-----+-----+-----+-----+-----+-----+-----+-----+
1 |  ♖  [0m|  ♘  [0m|  ♗  [0m|     [0m|  ♔  [0m|  ♗  [0m|  ♘  [0m|  ♖  [0m|
  +-----+-----+-----+-----+-----+-----+-----+-----+
Entrez votre coup : 
     a     b     c     d     e     f     g     h    
  +-----+-----+-----+-----+-----+-----+-----+-----+
8 |  ♜  [0m|  ♞  [0m|  ♝  [0m|  ♛  [0m|  ♚  [0m| [42m    [0m|  ♞  [0m|  ♜  [0m|
  +-----+-----+-----+-----+-----+-----+-----+-----+
7 |  ♟  [0m|  ♟  [0m|  ♟  [0m|  ♟  [0m|     [0m|  ♟  [0m| [32m ♝  [0m|  ♟  [0m|
  +-----+-----+-----+-----+-----+-----+-----+-----+
6 |     [0m|     [0m|     [0m|     [0m|     [0m|     [0m|  ♟  [0m|     [0m|
  +-----+-----+-----+-----+-----+-----+-----+-----+
5 |     [0m|     [0m|     [0m|     [0m|  ♟  [0m|     [0m|     [0m|     [0m|
  +-----+-----+-----+-----+-----+-----+-----+-----+
4 |     [0m|     [0m|     [0m|     [0m|  ♙  [0m|     [0m|     [0m|     [0m|
  +-----+-----+-----+-----+-----+-----+-----+-----+
3 |     [0m|     [0m|     [0m|     [0m|     [0m|  ♕  [0m|     [0m|     [0m|
  +-----+-----+-----+-----+-----+-----+-----+-----+
2 |  ♙  [0m|  ♙  [0m|  ♙  [0m|  ♙  [0m|     [0m|  ♙  [0m|  ♙  [0m|  ♙  [0m|
  +-----+-----+-----+-----+-----+-----+-----+-----+
1 |  ♖  [0m|  ♘  [0m|  ♗  [0m|     [0m|  ♔  [0m|  ♗  [0m|  ♘  [0m|  ♖  [0m|
  +-----+-----+-----+-----+-----+-----+-----+-----+
Entrez votre coup : 
     a     b     c     d     e     f     g     h    
  +-----+-----+-----+-----+-----+-----+-----+-----+
8 |  ♜  [0m|  ♞  [0m|  ♝  [0m|  ♛  [0m|  ♚  [0m|     [0m|  ♞  [0m|  ♜  [0m|
  +-----+-----+-----+-----+-----+-----+-----+-----+
7 |  ♟  [0m|  ♟  [0m|  ♟  [0m|  ♟  [0m|     [0m|  ♟  [0m|  ♝  [0m|  ♟  [0m|
  +-----+-----+-----+-----+-----+-----+-----+-----+
6 |     [0m|     [0m|     [0m|     [0m|     [0m|     [0m|  ♟  [0m|     [0m|
  +-----+-----+-----+-----+-----+-----+-----+-----+
5 |     [0m|     [0m|     [0m|     [0m|  ♟  [0m|     [0m|     [0m|     [0m|
  +-----+-----+-----+-----+-----+-----+-----+-----+
4 |     [0m|     [0m| [32m ♗  [0m|     [0m|  ♙  [0m|     [0m|     [0m|     [0m|
  +-----+-----+-----+-----+-----+-----+-----+-----+
3 |     [0m|     [0m|     [0m|     [0m|     [0m|  ♕  [0m|     [0m|     [0m|
  +-----+-----+-----+-----+-----+-----+-----+-----+
2 |  ♙  [0m|  ♙  [0m|  ♙  [0m|  ♙  [0m|     [0m|  ♙  [0m|  ♙  [0m|  ♙  [0m|
  +-----+-----+-----+-----+-----+-----+-----+-----+
1 |  ♖  [0m|  ♘  [0m|  ♗  [0m|     [0m|  ♔  [0m| [42m    [0m|  ♘  [0m|  ♖  [0m|
  +-----+-----+-----+-----+-----+-----+-----+-----+
Entrez votre coup : 
     a     b     c     d     e     f     g     h    
  +-----+-----+-----+-----+-----+-----+-----+-----+
8 |  ♜  [0m|  ♞  [0m|  ♝  [0m|  ♛  [0m|  ♚  [0m|     [0m| [42m    [0m|  ♜  [0m|
  +-----+-----+-----+-----+-----+-----+-----+-----+
7 |  ♟  [0m|  ♟  [0m|  ♟  [0m|  ♟  [0m| [32m ♞  [0m|  ♟  [0m|  ♝  [0m|  ♟  [0m|
  +-----+-----+-----+-----+-----+-----+-----+-----+
6 |     [0m|     [0m|     [0m|     [0m|     [0m|     [0m|  ♟  [0m|     [0m|
  +-----+-----+-----+-----+-----+-----+-----+-----+
5 |     [0m|     [0m|     [0m|     [0m|  ♟  [0m|     [0m|     [0m|     [0m|
  +-----+-----+-----+-----+-----+-----+-----+-----+
4 |     [0m|     [0m|  ♗  [0m|     [0m|  ♙  [0m|     [0m|     [0m|     [0m|
  +-----+-----+-----+-----+-----+-----+-----+-----+
3 |     [0m|     [0m|     [0m|     [0m|     [0m|  ♕  [0m|     [0m|     [0m|
  +-----+-----+-----+-----+-----+-----+-----+-----+
2 |  ♙  [0m|  ♙  [0m|  ♙  [0m|  ♙  [0m|     [0m|  ♙  [0m|  ♙  [0m|  ♙  [0m|
  +-----+-----+-----+-----+-----+-----+-----+-----+
1 |  ♖  [0m|  ♘  [0m|  ♗  [0m|     [0m|  ♔  [0m|     [0m|  ♘  [0m|  ♖  [0m|
  +-----+-----+-----+-----+-----+-----+-----+-----+
Entrez votre coup : Echec !

     a     b     c     d     e     f     g     h    
  +-----+-----+-----+-----+-----+-----+-----+-----+
8 |  ♜  [0m|  ♞  [0m|  ♝  [0m|  ♛  [0m|  ♚  [0m|     [0m|     [0m|  ♜  [0m|
  +-----+-----+-----+-----+-----+-----+-----+-----+
7 |  ♟  [0m|  ♟  [0m|  ♟  [0m|  ♟  [0m|  ♞  [0m| [32m ♗  [0m|  ♝  [0m|  ♟  [0m|
  +-----+-----+-----+-----+-----+-----+-----+-----+
6 |     [0m|     [0m|     [0m|     [0m|     [0m|     [0m|  ♟  [0m|     [0m|
  +-----+-----+-----+-----+-----+-----+-----+-----+
5 |     [0m|     [0m|     [0m|     [0m|  ♟  [0m|     [0m|     [0m|     [0m|
  +-----+-----+-----+-----+-----+-----+-----+-----+
4 |     [0m|     [0m| [42m    [0m|     [0m|  ♙  [0m|     [0m|     [0m|     [0m|
  +-----+-----+-----+-----+-----+-----+-----+-----+
3 |     [0m|     [0m|     [0m|     [0m|     [0m|  ♕  [0m|     [0m|     [0m|
  +-----+-----+-----+-----+-----+-----+-----+-----+
2 |  ♙  [0m|  ♙  [0m|  ♙  [0m|  ♙  [0m|     [0m|  ♙  [0m|  ♙  [0m|  ♙  [0m|
  +-----+-----+-----+-----+-----+-----+-----+-----+
1 |  ♖  [0m|  ♘  [0m|  ♗  [0m|     [0m|  ♔  [0m|     [0m|  ♘  [0m|  ♖  [0m|
  +-----+-----+-----+-----+-----+-----+-----+-----+
Entrez votre coup : 
     a     b     c     d     e     f     g     h    
  +-----+-----+-----+-----+-----+-----+-----+-----+
8 |  ♜  [0m|  ♞  [0m|  ♝  [0m|  ♛  [0m| [42m    [0m| [32m ♚  [0m|     [0m|  ♜  [0m|
  +-----+-----+-----+-----+-----+-----+-----+-----+
7 |  ♟  [0m|  ♟  [0m|  ♟  [0m|  ♟  [0m|  ♞  [0m|  ♗  [0m|  ♝  [0m|  ♟  [0m|
  +-----+-----+-----+-----+-----+-----+-----+-----+
6 |     [0m|     [0m|     [0m|     [0m|     [0m|     [0m|  ♟  [0m|     [0m|
  +-----+-----+-----+-----+-----+-----+-----+-----+
5 |     [0m|     [0m|     [0m|     [0m|  ♟  [0m|     [0m|     [0m|     [0m|
  +-----+-----+-----+-----+-----+-----+-----+-----+
4 |     [0m|     [0m|     [0m|     [0m|  ♙  [0m|     [0m|     [0m|     [0m|
  +-----+-----+-----+-----+-----+-----+-----+-----+
3 |     [0m|     [0m|     [0m|     [0m|     [0m|  ♕  [0m|     [0m|     [0m|
  +-----+-----+-----+-----+-----+-----+-----+-----+
2 |  ♙  [0m|  ♙  [0m|  ♙  [0m|  ♙  [0m|     [0m|  ♙  [0m|  ♙  [0m|  ♙  [0m|
  +-----+-----+-----+-----+-----+-----+-----+-----+
1 |  ♖  [0m|  ♘  [0m|  ♗  [0m|     [0m|  ♔  [0m|     [0m|  ♘  [0m|  ♖  [0m|
  +-----+-----+-----+-----+-----+-----+-----+-----+
Entrez votre coup : Echec !

     a     b     c     d     e     f     g     h    
  +-----+-----+-----+-----+-----+-----+-----+-----+
8 |  ♜  [0m|  ♞  [0m|  ♝  [0m|  ♛  [0m|     [0m|  ♚  [0m|     [0m|  ♜  [0m|
  +-----+-----+-----+-----+-----+-----+-----+-----+
7 |  ♟  [0m|  ♟  [0m|  ♟  [0m|  ♟  [0m|  ♞  [0m| [42m    [0m|  ♝  [0m|  ♟  [0m|
  +-----+-----+-----+-----+-----+-----+-----+-----+
6 |     [0m|     [0m|     [0m|     [0m|     [0m|     [0m| [32m ♗  [0m|     [0m|
  +-----+-----+-----+-----+-----+-----+-----+-----+
5 |     [0m|     [0m|     [0m|     [0m|  ♟  [0m|     [0m|     [0m|     [0m|
  +-----+-----+-----+-----+-----+-----+-----+-----+
4 |     [0m|     [0m|     [0m|     [0m|  ♙  [0m|     [0m|     [0m|     [0m|
  +-----+-----+-----+-----+-----+-----+-----+-----+
3 |     [0m|     [0m|     [0m|     [0m|     [0m|  ♕  [0m|     [0m|     [0m|
  +-----+-----+-----+-----+-----+-----+-----+-----+
2 |  ♙  [0m|  ♙  [0m|  ♙  [0m|  ♙  [0m|     [0m|  ♙  [0m|  ♙  [0m|  ♙  [0m|
  +-----+-----+-----+-----+-----+-----+-----+-----+
1 |  ♖  [0m|  ♘  [0m|  ♗  [0m|     [0m|  ♔  [0m|     [0m|  ♘  [0m|  ♖  [0m|
  +-----+-----+-----+-----+-----+-----+-----+-----+
Entrez votre coup : Erreur d'utilisation : ce mouvement met votre roi en échec
Entrez votre coup : 
     a     b     c     d     e     f     g     h    
  +-----+-----+-----+-----+-----+-----+-----+-----+
8 |  ♜  [0m|  ♞  [0m|  ♝  [0m|  ♛  [0m|     [0m|  ♚  [0m|     [0m|  ♜  [0m|
  +-----+-----+-----+-----+-----+-----+-----+-----+
7 |  ♟  [0m|  ♟  [0m|  ♟  [0m|  ♟  [0m| [42m    [0m|     [0m|  ♝  [0m|  ♟  [0m|
  +-----+-----+-----+-----+-----+-----+-----+-----+
6 |     [0m|     [0m|     [0m|     [0m|     [0m|     [0m|  ♗  [0m|     [0m|
  +-----+-----+-----+-----+-----+-----+-----+-----+
5 |     [0m|     [0m|     [0m|     [0m|  ♟  [0m| [32m ♞  [0m|     [0m|     [0m|
  +-----+-----+-----+-----+-----+-----+-----+-----+
4 |     [0m|     [0m|     [0m|     [0m|  ♙  [0m|     [0m|     [0m|     [0m|
  +-----+-----+-----+-----+-----+-----+-----+-----+
3 |     [0m|     [0m|     [0m|     [0m|     [0m|  ♕  [0m|     [0m|     [0m|
  +-----+-----+-----+-----+-----+-----+-----+-----+
2 |  ♙  [0m|  ♙  [0m|  ♙  [0m|  ♙  [0m|     [0m|  ♙  [0m|  ♙  [0m|  ♙  [0m|
  +-----+-----+-----+-----+-----+-----+-----+-----+
1 |  ♖  [0m|  ♘  [0m|  ♗  [0m|     [0m|  ♔  [0m|     [0m|  ♘  [0m|  ♖  [0m|
  +-----+-----+-----+-----+-----+-----+-----+-----+
Entrez votre coup : Echec !

     a     b     c     d     e     f     g     h    
  +-----+-----+-----+-----+-----+-----+-----+-----+
8 |  ♜  [0m|  ♞  [0m|  ♝  [0m|  ♛  [0m|     [0m|  ♚  [0m|     [0m|  ♜  [0m|
  +-----+-----+-----+-----+-----+-----+-----+-----+
7 |  ♟  [0m|  ♟  [0m|  ♟  [0m|  ♟  [0m|     [0m|     [0m|  ♝  [0m|  ♟  [0m|
  +-----+-----+-----+-----+-----+-----+-----+-----+
6 |     [0m|     [0m|     [0m|     [0m|     [0m|     [0m|  ♗  [0m|     [0m|
  +-----+-----+-----+-----+-----+-----+-----+-----+
5 |     [0m|     [0m|     [0m|     [0m|  ♟  [0m| [32m ♕  [0m|     [0m|     [0m|
  +-----+-----+-----+-----+-----+-----+-----+-----+
4 |     [0m|     [0m|     [0m|     [0m|  ♙  [0m|     [0m|     [0m|     [0m|
  +-----+-----+-----+-----+-----+-----+-----+-----+
3 |     [0m|     [0m|     [0m|     [0m|     [0m| [42m    [0m|     [0m|     [0m|
  +-----+-----+-----+-----+-----+-----+-----+-----+
2 |  ♙  [0m|  ♙  [0m|  ♙  [0m|  ♙  [0m|     [0m|  ♙  [0m|  ♙  [0m|  ♙  [0m|
  +-----+-----+-----+-----+-----+-----+-----+-----+
1 |  ♖  [0m|  ♘  [0m|  ♗  [0m|     [0m|  ♔  [0m|     [0m|  ♘  [0m|  ♖  [0m|
  +-----+-----+-----+-----+-----+-----+-----+-----+
Entrez votre coup : 
     a     b     c     d     e     f     g     h    
  +-----+-----+-----+-----+-----+-----+-----+-----+
8 |  ♜  [0m|  ♞  [0m|  ♝  [0m|  ♛  [0m|     [0m| [42m    [0m| [32m ♚  [0m|  ♜  [0m|
  +-----+-----+-----+-----+-----+-----+-----+-----+
7 |  ♟  [0m|  ♟  [0m|  ♟  [0m|  ♟  [0m|     [0m|     [0m|  ♝  [0m|  ♟  [0m|
  +-----+-----+-----+-----+-----+-----+-----+-----+
6 |     [0m|     [0m|     [0m|     [0m|     [0m|     [0m|  ♗  [0m|     [0m|
  +-----+-----+-----+-----+-----+-----+-----+-----+
5 |     [0m|     [0m|     [0m|     [0m|  ♟  [0m|  ♕  [0m|     [0m|     [0m|
  +-----+-----+-----+-----+-----+-----+-----+-----+
4 |     [0m|     [0m|     [0m|     [0m|  ♙  [0m|     [0m|     [0m|     [0m|
  +-----+-----+-----+-----+-----+-----+-----+-----+
3 |     [0m|     [0m|     [0m|     [0m|     [0m|     [0m|     [0m|     [0m|
  +-----+-----+-----+-----+-----+-----+-----+-----+
2 |  ♙  [0m|  ♙  [0m|  ♙  [0m|  ♙  [0m|     [0m|  ♙  [0m|  ♙  [0m|  ♙  [0m|
  +-----+-----+-----+-----+-----+-----+-----+-----+
1 |  ♖  [0m|  ♘  [0m|  ♗  [0m|     [0m|  ♔  [0m|     [0m|  ♘  [0m|  ♖  [0m|
  +-----+-----+-----+-----+-----+-----+-----+-----+
Entrez votre coup : Echec !
Echec et mat !
wR,wN,wB,,wK,,wN,wR,wP,wP,wP,wP,,wP,wP,wP,,,,,,,,,,,,,wP,,,,,,,,bP,,,,,,,,,,wB,,bP,bP,bP,bP,,wQ,bB,bP,bR,bN,bB,bQ,,,bK,bR, 1-0
  -> [0;32mreference position: OK[0m
  -> [0;32mreference result: OK[0m
  -> [0m(exit code=0)
[0;33m> data/4-leg-mat-parade.txt[0m

     a     b     c     d     e     f     g     h    
  +-----+-----+-----+-----+-----+-----+-----+-----+
8 |  ♜  [0m|  ♞  [0m|  ♝  [0m|  ♛  [0m|  ♚  [0m|  ♝  [0m|  ♞  [0m|  ♜  [0m|
  +-----+-----+-----+-----+-----+-----+-----+-----+
7 |  ♟  [0m|  ♟  [0m|  ♟  [0m|  ♟  [0m|  ♟  [0m|  ♟  [0m|  ♟  [0m|  ♟  [0m|
  +-----+-----+-----+-----+-----+-----+-----+-----+
6 |     [0m|     [0m|     [0m|     [0m|     [0m|     [0m|     [0m|     [0m|
  +-----+-----+-----+-----+-----+-----+-----+-----+
5 |     [0m|     [0m|     [0m|     [0m|     [0m|     [0m|     [0m|     [0m|
  +-----+-----+-----+-----+-----+-----+-----+-----+
4 |     [0m|     [0m|     [0m|     [0m|     [0m|     [0m|     [0m|     [0m|
  +-----+-----+-----+-----+-----+-----+-----+-----+
3 |     [0m|     [0m|     [0m|     [0m|     [0m|     [0m|     [0m|     [0m|
  +-----+-----+-----+-----+-----+-----+-----+-----+
2 |  ♙  [0m|  ♙  [0m|  ♙  [0m|  ♙  [0m|  ♙  [0m|  ♙  [0m|  ♙  [0m|  ♙  [0m|
  +-----+-----+-----+-----+-----+-----+-----+-----+
1 |  ♖  [0m|  ♘  [0m|  ♗  [0m|  ♕  [0m|  ♔  [0m|  ♗  [0m|  ♘  [0m|  ♖  [0m|
  +-----+-----+-----+-----+-----+-----+-----+-----+
Entrez votre coup : 
     a     b     c     d     e     f     g     h    
  +-----+-----+-----+-----+-----+-----+-----+-----+
8 |  ♜  [0m|  ♞  [0m|  ♝  [0m|  ♛  [0m|  ♚  [0m|  ♝  [0m|  ♞  [0m|  ♜  [0m|
  +-----+-----+-----+-----+-----+-----+-----+-----+
7 |  ♟  [0m|  ♟  [0m|  ♟  [0m|  ♟  [0m|  ♟  [0m|  ♟  [0m|  ♟  [0m|  ♟  [0m|
  +-----+-----+-----+-----+-----+-----+-----+-----+
6 |     [0m|     [0m|     [0m|     [0m|     [0m|     [0m|     [0m|     [0m|
  +-----+-----+-----+-----+-----+-----+-----+-----+
5 |     [0m|     [0m|     [0m|     [0m|     [0m|     [0m|     [0m|     [0m|
  +-----+-----+-----+-----+-----+-----+-----+-----+
4 |     [0m|     [0m|     [0m|     [0m| [32m ♙  [0m|     [0m|     [0m|     [0m|
  +-----+-----+-----+-----+-----+-----+-----+-----+
3 |     [0m|     [0m|     [0m|     [0m|     [0m|     [0m|     [0m|     [0m|
  +-----+-----+-----+-----+-----+-----+-----+-----+
2 |  ♙  [0m|  ♙  [0m|  ♙  [0m|  ♙  [0m| [42m    [0m|  ♙  [0m|  ♙  [0m|  ♙  [0m|
  +-----+-----+-----+-----+-----+-----+-----+-----+
1 |  ♖  [0m|  ♘  [0m|  ♗  [0m|  ♕  [0m|  ♔  [0m|  ♗  [0m|  ♘  [0m|  ♖  [0m|
  +-----+-----+-----+-----+-----+-----+-----+-----+
Entrez votre coup : 
     a     b     c     d     e     f     g     h    
  +-----+-----+-----+-----+-----+-----+-----+-----+
8 |  ♜  [0m|  ♞  [0m|  ♝  [0m|  ♛  [0m|  ♚  [0m|  ♝  [0m|  ♞  [0m|  ♜  [0m|
  +-----+-----+-----+-----+-----+-----+-----+-----+
7 |  ♟  [0m|  ♟  [0m|  ♟  [0m|  ♟  [0m| [42m    [0m|  ♟  [0m|  ♟  [0m|  ♟  [0m|
  +-----+-----+-----+-----+-----+-----+-----+-----+
6 |     [0m|     [0m|     [0m|     [0m|     [0m|     [0m|     [0m|     [0m|
  +-----+-----+-----+-----+-----+-----+-----+-----+
5 |     [0m|     [0m|     [0m|     [0m| [32m ♟  [0m|     [0m|     [0m|     [0m|
  +-----+-----+-----+-----+-----+-----+-----+-----+
4 |     [0m|     [0m|     [0m|     [0m|  ♙  [0m|     [0m|     [0m|     [0m|
  +-----+-----+-----+-----+-----+-----+-----+-----+
3 |     [0m|     [0m|     [0m|     [0m|     [0m|     [0m|     [0m|     [0m|
  +-----+-----+-----+-----+-----+-----+-----+-----+
2 |  ♙  [0m|  ♙  [0m|  ♙  [0m|  ♙  [0m|     [0m|  ♙  [0m|  ♙  [0m|  ♙  [0m|
  +-----+-----+-----+-----+-----+-----+-----+-----+
1 |  ♖  [0m|  ♘  [0m|  ♗  [0m|  ♕  [0m|  ♔  [0m|  ♗  [0m|  ♘  [0m|  ♖  [0m|
  +-----+-----+-----+-----+-----+-----+-----+-----+
Entrez votre coup : 
     a     b     c     d     e     f     g     h    
  +-----+-----+-----+-----+-----+-----+-----+-----+
8 |  ♜  [0m|  ♞  [0m|  ♝  [0m|  ♛  [0m|  ♚  [0m|  ♝  [0m|  ♞  [0m|  ♜  [0m|
  +-----+-----+-----+-----+-----+-----+-----+-----+
7 |  ♟  [0m|  ♟  [0m|  ♟  [0m|  ♟  [0m|     [0m|  ♟  [0m|  ♟  [0m|  ♟  [0m|
  +-----+-----+-----+-----+-----+-----+-----+-----+
6 |     [0m|     [0m|     [0m|     [0m|     [0m|     [0m|     [0m|     [0m|
  +-----+-----+-----+-----+-----+-----+-----+-----+
5 |     [0m|     [0m|     [0m|     [0m|  ♟  [0m|     [0m|     [0m|     [0m|
  +-----+-----+-----+-----+-----+-----+-----+-----+
4 |     [0m|     [0m|     [0m| [32m ♙  [0m|  ♙  [0m|     [0m|     [0m|     [0m|
  +-----+-----+-----+-----+-----+-----+-----+-----+
3 |     [0m|     [0m|     [0m|     [0m|     [0m|     [0m|     [0m|     [0m|
  +-----+-----+-----+-----+-----+-----+-----+-----+
2 |  ♙  [0m|  ♙  [0m|  ♙  [0m| [42m    [0m|     [0m|  ♙  [0m|  ♙  [0m|  ♙  [0m|
  +-----+-----+-----+-----+-----+-----+-----+-----+
1 |  ♖  [0m|  ♘  [0m|  ♗  [0m|  ♕  [0m|  ♔  [0m|  ♗  [0m|  ♘  [0m|  ♖  [0m|
  +-----+-----+-----+-----+-----+-----+-----+-----+
Entrez votre coup : 
     a     b     c     d     e     f     g     h    
  +-----+-----+-----+-----+-----+-----+-----+-----+
8 |  ♜  [0m|  ♞  [0m|  ♝  [0m|  ♛  [0m|  ♚  [0m|  ♝  [0m|  ♞  [0m|  ♜  [0m|
  +-----+-----+-----+-----+-----+-----+-----+-----+
7 |  ♟  [0m|  ♟  [0m|  ♟  [0m|  ♟  [0m|     [0m|  ♟  [0m|  ♟  [0m|  ♟  [0m|
  +-----+-----+-----+-----+-----+-----+-----+-----+
6 |     [0m|     [0m|     [0m|     [0m|     [0m|     [0m|     [0m|     [0m|
  +-----+-----+-----+-----+-----+-----+-----+-----+
5 |     [0m|     [0m|     [0m|     [0m| [42m    [0m|     [0m|     [0m|     [0m|
  +-----+-----+-----+-----+-----+-----+-----+-----+
4 |     [0m|     [0m|     [0m| [32m ♟  [0m|  ♙  [0m|     [0m|     [0m|     [0m|
  +-----+-----+-----+-----+-----+-----+-----+-----+
3 |     [0m|     [0m|     [0m|     [0m|     [0m|     [0m|     [0m|     [0m|
  +-----+-----+-----+-----+-----+-----+-----+-----+
2 |  ♙  [0m|  ♙  [0m|  ♙  [0m|     [0m|     [0m|  ♙  [0m|  ♙  [0m|  ♙  [0m|
  +-----+-----+-----+-----+-----+-----+-----+-----+
1 |  ♖  [0m|  ♘  [0m|  ♗  [0m|  ♕  [0m|  ♔  [0m|  ♗  [0m|  ♘  [0m|  ♖  [0m|
  +-----+-----+-----+-----+-----+-----+-----+-----+
Entrez votre coup : 
     a     b     c     d     e     f     g     h    
  +-----+-----+-----+-----+-----+-----+-----+-----+
8 |  ♜  [0m|  ♞  [0m|  ♝  [0m|  ♛  [0m|  ♚  [0m|  ♝  [0m|  ♞  [0m|  ♜  [0m|
  +-----+-----+-----+-----+-----+-----+-----+-----+
7 |  ♟  [0m|  ♟  [0m|  ♟  [0m|  ♟  [0m|     [0m|  ♟  [0m|  ♟  [0m|  ♟  [0m|
  +-----+-----+-----+-----+-----+-----+-----+-----+
6 |     [0m|     [0m|     [0m|     [0m|     [0m|     [0m|     [0m|     [0m|
  +-----+-----+-----+-----+-----+-----+-----+-----+
5 |     [0m|     [0m|     [0m|     [0m|     [0m|     [0m| [32m ♗  [0m|     [0m|
  +-----+-----+-----+-----+-----+-----+-----+-----+
4 |     [0m|     [0m|     [0m|  ♟  [0m|  ♙  [0m|     [0m|     [0m|     [0m|
  +-----+-----+-----+-----+-----+-----+-----+-----+
3 |     [0m|     [0m|     [0m|     [0m|     [0m|     [0m|     [0m|     [0m|
  +-----+-----+-----+-----+-----+-----+-----+-----+
2 |  ♙  [0m|  ♙  [0m|  ♙  [0m|     [0m|     [0m|  ♙  [0m|  ♙  [0m|  ♙  [0m|
  +-----+-----+-----+-----+-----+-----+-----+-----+
1 |  ♖  [0m|  ♘  [0m| [42m    [0m|  ♕  [0m|  ♔  [0m|  ♗  [0m|  ♘  [0m|  ♖  [0m|
  +-----+-----+-----+-----+-----+-----+-----+-----+
Entrez votre coup : 
     a     b     c     d     e     f     g     h    
  +-----+-----+-----+-----+-----+-----+-----+-----+
8 |  ♜  [0m|  ♞  [0m|  ♝  [0m|  ♛  [0m|  ♚  [0m|  ♝  [0m|  ♞  [0m|  ♜  [0m|
  +-----+-----+-----+-----+-----+-----+-----+-----+
7 | [42m    [0m|  ♟  [0m|  ♟  [0m|  ♟  [0m|     [0m|  ♟  [0m|  ♟  [0m|  ♟  [0m|
  +-----+-----+-----+-----+-----+-----+-----+-----+
6 | [32m ♟  [0m|     [0m|     [0m|     [0m|     [0m|     [0m|     [0m|     [0m|
  +-----+-----+-----+-----+-----+-----+-----+-----+
5 |     [0m|     [0m|     [0m|     [0m|     [0m|     [0m|  ♗  [0m|     [0m|
  +-----+-----+-----+-----+-----+-----+-----+-----+
4 |     [0m|     [0m|     [0m|  ♟  [0m|  ♙  [0m|     [0m|     [0m|     [0m|
  +-----+-----+-----+-----+-----+-----+-----+-----+
3 |     [0m|     [0m|     [0m|     [0m|     [0m|     [0m|     [0m|     [0m|
  +-----+-----+-----+-----+-----+-----+-----+-----+
2 |  ♙  [0m|  ♙  [0m|  ♙  [0m|     [0m|     [0m|  ♙  [0m|  ♙  [0m|  ♙  [0m|
  +-----+-----+-----+-----+-----+-----+-----+-----+
1 |  ♖  [0m|  ♘  [0m|     [0m|  ♕  [0m|  ♔  [0m|  ♗  [0m|  ♘  [0m|  ♖  [0m|
  +-----+-----+-----+-----+-----+-----+-----+-----+
Entrez votre coup : 
     a     b     c     d     e     f     g     h    
  +-----+-----+-----+-----+-----+-----+-----+-----+
8 |  ♜  [0m|  ♞  [0m|  ♝  [0m|  ♛  [0m|  ♚  [0m|  ♝  [0m|  ♞  [0m|  ♜  [0m|
  +-----+-----+-----+-----+-----+-----+-----+-----+
7 |     [0m|  ♟  [0m|  ♟  [0m|  ♟  [0m|     [0m|  ♟  [0m|  ♟  [0m|  ♟  [0m|
  +-----+-----+-----+-----+-----+-----+-----+-----+
6 |  ♟  [0m|     [0m|     [0m|     [0m|     [0m|     [0m|     [0m|     [0m|
  +-----+-----+-----+-----+-----+-----+-----+-----+
5 |     [0m|     [0m|     [0m|     [0m|     [0m|     [0m|  ♗  [0m|     [0m|
  +-----+-----+-----+-----+-----+-----+-----+-----+
4 |     [0m|     [0m|     [0m| [32m ♕  [0m|  ♙  [0m|     [0m|     [0m|     [0m|
  +-----+-----+-----+-----+-----+-----+-----+-----+
3 |     [0m|     [0m|     [0m|     [0m|     [0m|     [0m|     [0m|     [0m|
  +-----+-----+-----+-----+-----+-----+-----+-----+
2 |  ♙  [0m|  ♙  [0m|  ♙  [0m|     [0m|     [0m|  ♙  [0m|  ♙  [0m|  ♙  [0m|
  +-----+-----+-----+-----+-----+-----+-----+-----+
1 |  ♖  [0m|  ♘  [0m|     [0m| [42m    [0m|  ♔  [0m|  ♗  [0m|  ♘  [0m|  ♖  [0m|
  +-----+-----+-----+-----+-----+-----+-----+-----+
Entrez votre coup : 
     a     b     c     d     e     f     g     h    
  +-----+-----+-----+-----+-----+-----+-----+-----+
8 |  ♜  [0m|  ♞  [0m|  ♝  [0m|  ♛  [0m|  ♚  [0m|  ♝  [0m|  ♞  [0m|  ♜  [0m|
  +-----+-----+-----+-----+-----+-----+-----+-----+
7 |     [0m|  ♟  [0m| [42m    [0m|  ♟  [0m|     [0m|  ♟  [0m|  ♟  [0m|  ♟  [0m|
  +-----+-----+-----+-----+-----+-----+-----+-----+
6 |  ♟  [0m|     [0m| [32m ♟  [0m|     [0m|     [0m|     [0m|     [0m|     [0m|
  +-----+-----+-----+-----+-----+-----+-----+-----+
5 |     [0m|     [0m|     [0m|     [0m|     [0m|     [0m|  ♗  [0m|     [0m|
  +-----+-----+-----+-----+-----+-----+-----+-----+
4 |     [0m|     [0m|     [0m|  ♕  [0m|  ♙  [0m|     [0m|     [0m|     [0m|
  +-----+-----+-----+-----+-----+-----+-----+-----+
3 |     [0m|     [0m|     [0m|     [0m|     [0m|     [0m|     [0m|     [0m|
  +-----+-----+-----+-----+-----+-----+-----+-----+
2 |  ♙  [0m|  ♙  [0m|  ♙  [0m|     [0m|     [0m|  ♙  [0m|  ♙  [0m|  ♙  [0m|
  +-----+-----+-----+-----+-----+-----+-----+-----+
1 |  ♖  [0m|  ♘  [0m|     [0m|     [0m|  ♔  [0m|  ♗  [0m|  ♘  [0m|  ♖  [0m|
  +-----+-----+-----+-----+-----+-----+-----+-----+
Entrez votre coup : Echec !

     a     b     c     d     e     f     g     h    
  +-----+-----+-----+-----+-----+-----+-----+-----+
8 |  ♜  [0m|  ♞  [0m|  ♝  [0m|  ♛  [0m|  ♚  [0m|  ♝  [0m|  ♞  [0m|  ♜  [0m|
  +-----+-----+-----+-----+-----+-----+-----+-----+
7 |     [0m|  ♟  [0m|     [0m|  ♟  [0m|     [0m|  ♟  [0m|  ♟  [0m|  ♟  [0m|
  +-----+-----+-----+-----+-----+-----+-----+-----+
6 |  ♟  [0m|     [0m|  ♟  [0m|     [0m|     [0m|     [0m|     [0m|     [0m|
  +-----+-----+-----+-----+-----+-----+-----+-----+
5 |     [0m|     [0m|     [0m|     [0m| [32m ♕  [0m|     [0m|  ♗  [0m|     [0m|
  +-----+-----+-----+-----+-----+-----+-----+-----+
4 |     [0m|     [0m|     [0m| [42m    [0m|  ♙  [0m|     [0m|     [0m|     [0m|
  +-----+-----+-----+-----+-----+-----+-----+-----+
3 |     [0m|     [0m|     [0m|     [0m|     [0m|     [0m|     [0m|     [0m|
  +-----+-----+-----+-----+-----+-----+-----+-----+
2 |  ♙  [0m|  ♙  [0m|  ♙  [0m|     [0m|     [0m|  ♙  [0m|  ♙  [0m|  ♙  [0m|
  +-----+-----+-----+-----+-----+-----+-----+-----+
1 |  ♖  [0m|  ♘  [0m|     [0m|     [0m|  ♔  [0m|  ♗  [0m|  ♘  [0m|  ♖  [0m|
  +-----+-----+-----+-----+-----+-----+-----+-----+
Entrez votre coup : 
     a     b     c     d     e     f     g     h    
  +-----+-----+-----+-----+-----+-----+-----+-----+
8 |  ♜  [0m|  ♞  [0m|  ♝  [0m|  ♛  [0m|  ♚  [0m| [42m    [0m|  ♞  [0m|  ♜  [0m|
  +-----+-----+-----+-----+-----+-----+-----+-----+
7 |     [0m|  ♟  [0m|     [0m|  ♟  [0m| [32m ♝  [0m|  ♟  [0m|  ♟  [0m|  ♟  [0m|
  +-----+-----+-----+-----+-----+-----+-----+-----+
6 |  ♟  [0m|     [0m|  ♟  [0m|     [0m|     [0m|     [0m|     [0m|     [0m|
  +-----+-----+-----+-----+-----+-----+-----+-----+
5 |     [0m|     [0m|     [0m|     [0m|  ♕  [0m|     [0m|  ♗  [0m|     [0m|
  +-----+-----+-----+-----+-----+-----+-----+-----+
4 |     [0m|     [0m|     [0m|     [0m|  ♙  [0m|     [0m|     [0m|     [0m|
  +-----+-----+-----+-----+-----+-----+-----+-----+
3 |     [0m|     [0m|     [0m|     [0m|     [0m|     [0m|     [0m|     [0m|
  +-----+-----+-----+-----+-----+-----+-----+-----+
2 |  ♙  [0m|  ♙  [0m|  ♙  [0m|     [0m|     [0m|  ♙  [0m|  ♙  [0m|  ♙  [0m|
  +-----+-----+-----+-----+-----+-----+-----+-----+
1 |  ♖  [0m|  ♘  [0m|     [0m|     [0m|  ♔  [0m|  ♗  [0m|  ♘  [0m|  ♖  [0m|
  +-----+-----+-----+-----+-----+-----+-----+-----+
Entrez votre coup : 
     a     b     c     d     e     f     g     h    
  +-----+-----+-----+-----+-----+-----+-----+-----+
8 |  ♜  [0m|  ♞  [0m|  ♝  [0m|  ♛  [0m|  ♚  [0m|     [0m|  ♞  [0m|  ♜  [0m|
  +-----+-----+-----+-----+-----+-----+-----+-----+
7 |     [0m|  ♟  [0m|     [0m|  ♟  [0m|  ♝  [0m|  ♟  [0m|  ♟  [0m|  ♟  [0m|
  +-----+-----+-----+-----+-----+-----+-----+-----+
6 |  ♟  [0m|     [0m|  ♟  [0m|     [0m|     [0m|     [0m|     [0m|     [0m|
  +-----+-----+-----+-----+-----+-----+-----+-----+
5 |     [0m|     [0m|     [0m|     [0m|  ♕  [0m|     [0m|  ♗  [0m|     [0m|
  +-----+-----+-----+-----+-----+-----+-----+-----+
4 |     [0m|     [0m|     [0m|     [0m|  ♙  [0m|     [0m|     [0m|     [0m|
  +-----+-----+-----+-----+-----+-----+-----+-----+
3 |     [0m|     [0m| [32m ♘  [0m|     [0m|     [0m|     [0m|     [0m|     [0m|
  +-----+-----+-----+-----+-----+-----+-----+-----+
2 |  ♙  [0m|  ♙  [0m|  ♙  [0m|     [0m|     [0m|  ♙  [0m|  ♙  [0m|  ♙  [0m|
  +-----+-----+-----+-----+-----+-----+-----+-----+
1 |  ♖  [0m| [42m    [0m|     [0m|     [0m|  ♔  [0m|  ♗  [0m|  ♘  [0m|  ♖  [0m|
  +-----+-----+-----+-----+-----+-----+-----+-----+
Entrez votre coup : 
     a     b     c     d     e     f     g     h    
  +-----+-----+-----+-----+-----+-----+-----+-----+
8 |  ♜  [0m|  ♞  [0m|  ♝  [0m|  ♛  [0m|  ♚  [0m|     [0m|  ♞  [0m|  ♜  [0m|
  +-----+-----+-----+-----+-----+-----+-----+-----+
7 |     [0m|  ♟  [0m|     [0m|  ♟  [0m|  ♝  [0m|  ♟  [0m|  ♟  [0m|  ♟  [0m|
  +-----+-----+-----+-----+-----+-----+-----+-----+
6 |  ♟  [0m|     [0m| [42m    [0m|     [0m|     [0m|     [0m|     [0m|     [0m|
  +-----+-----+-----+-----+-----+-----+-----+-----+
5 |     [0m|     [0m| [32m ♟  [0m|     [0m|  ♕  [0m|     [0m|  ♗  [0m|     [0m|
  +-----+-----+-----+-----+-----+-----+-----+-----+
4 |     [0m|     [0m|     [0m|     [0m|  ♙  [0m|     [0m|     [0m|     [0m|
  +-----+-----+-----+-----+-----+-----+-----+-----+
3 |     [0m|     [0m|  ♘  [0m|     [0m|     [0m|     [0m|     [0m|     [0m|
  +-----+-----+-----+-----+-----+-----+-----+-----+
2 |  ♙  [0m|  ♙  [0m|  ♙  [0m|     [0m|     [0m|  ♙  [0m|  ♙  [0m|  ♙  [0m|
  +-----+-----+-----+-----+-----+-----+-----+-----+
1 |  ♖  [0m|     [0m|     [0m|     [0m|  ♔  [0m|  ♗  [0m|  ♘  [0m|  ♖  [0m|
  +-----+-----+-----+-----+-----+-----+-----+-----+
Entrez votre coup : 
     a     b     c     d     e     f     g     h    
  +-----+-----+-----+-----+-----+-----+-----+-----+
8 |  ♜  [0m|  ♞  [0m|  ♝  [0m|  ♛  [0m|  ♚  [0m|     [0m|  ♞  [0m|  ♜  [0m|
  +-----+-----+-----+-----+-----+-----+-----+-----+
7 |     [0m|  ♟  [0m|     [0m|  ♟  [0m|  ♝  [0m|  ♟  [0m|  ♟  [0m|  ♟  [0m|
  +-----+-----+-----+-----+-----+-----+-----+-----+
6 |  ♟  [0m|     [0m|     [0m|     [0m|     [0m|     [0m|     [0m|     [0m|
  +-----+-----+-----+-----+-----+-----+-----+-----+
5 |     [0m|     [0m|  ♟  [0m| [32m ♘  [0m|  ♕  [0m|     [0m|  ♗  [0m|     [0m|
  +-----+-----+-----+-----+-----+-----+-----+-----+
4 |     [0m|     [0m|     [0m|     [0m|  ♙  [0m|     [0m|     [0m|     [0m|
  +-----+-----+-----+-----+-----+-----+-----+-----+
3 |     [0m|     [0m| [42m    [0m|     [0m|     [0m|     [0m|     [0m|     [0m|
  +-----+-----+-----+-----+-----+-----+-----+-----+
2 |  ♙  [0m|  ♙  [0m|  ♙  [0m|     [0m|     [0m|  ♙  [0m|  ♙  [0m|  ♙  [0m|
  +-----+-----+-----+-----+-----+-----+-----+-----+
1 |  ♖  [0m|     [0m|     [0m|     [0m|  ♔  [0m|  ♗  [0m|  ♘  [0m|  ♖  [0m|
  +-----+-----+-----+-----+-----+-----+-----+-----+
Entrez votre coup : 
     a     b     c     d     e     f     g     h    
  +-----+-----+-----+-----+-----+-----+-----+-----+
8 |  ♜  [0m| [42m    [0m|  ♝  [0m|  ♛  [0m|  ♚  [0m|     [0m|  ♞  [0m|  ♜  [0m|
  +-----+-----+-----+-----+-----+-----+-----+-----+
7 |     [0m|  ♟  [0m|     [0m|  ♟  [0m|  ♝  [0m|  ♟  [0m|  ♟  [0m|  ♟  [0m|
  +-----+-----+-----+-----+-----+-----+-----+-----+
6 |  ♟  [0m|     [0m| [32m ♞  [0m|     [0m|     [0m|     [0m|     [0m|     [0m|
  +-----+-----+-----+-----+-----+-----+-----+-----+
5 |     [0m|     [0m|  ♟  [0m|  ♘  [0m|  ♕  [0m|     [0m|  ♗  [0m|     [0m|
  +-----+-----+-----+-----+-----+-----+-----+-----+
4 |     [0m|     [0m|     [0m|     [0m|  ♙  [0m|     [0m|     [0m|     [0m|
  +-----+-----+-----+-----+-----+-----+-----+-----+
3 |     [0m|     [0m|     [0m|     [0m|     [0m|     [0m|     [0m|     [0m|
  +-----+-----+-----+-----+-----+-----+-----+-----+
2 |  ♙  [0m|  ♙  [0m|  ♙  [0m|     [0m|     [0m|  ♙  [0m|  ♙  [0m|  ♙  [0m|
  +-----+-----+-----+-----+-----+-----+-----+-----+
1 |  ♖  [0m|     [0m|     [0m|     [0m|  ♔  [0m|  ♗  [0m|  ♘  [0m|  ♖  [0m|
  +-----+-----+-----+-----+-----+-----+-----+-----+
Entrez votre coup : Echec !

     a     b     c     d     e     f     g     h    
  +-----+-----+-----+-----+-----+-----+-----+-----+
8 |  ♜  [0m|     [0m|  ♝  [0m|  ♛  [0m|  ♚  [0m|     [0m|  ♞  [0m|  ♜  [0m|
  +-----+-----+-----+-----+-----+-----+-----+-----+
7 |     [0m|  ♟  [0m| [32m ♘  [0m|  ♟  [0m|  ♝  [0m|  ♟  [0m|  ♟  [0m|  ♟  [0m|
  +-----+-----+-----+-----+-----+-----+-----+-----+
6 |  ♟  [0m|     [0m|  ♞  [0m|     [0m|     [0m|     [0m|     [0m|     [0m|
  +-----+-----+-----+-----+-----+-----+-----+-----+
5 |     [0m|     [0m|  ♟  [0m| [42m    [0m|  ♕  [0m|     [0m|  ♗  [0m|     [0m|
  +-----+-----+-----+-----+-----+-----+-----+-----+
4 |     [0m|     [0m|     [0m|     [0m|  ♙  [0m|     [0m|     [0m|     [0m|
  +-----+-----+-----+-----+-----+-----+-----+-----+
3 |     [0m|     [0m|     [0m|     [0m|     [0m|     [0m|     [0m|     [0m|
  +-----+-----+-----+-----+-----+-----+-----+-----+
2 |  ♙  [0m|  ♙  [0m|  ♙  [0m|     [0m|     [0m|  ♙  [0m|  ♙  [0m|  ♙  [0m|
  +-----+-----+-----+-----+-----+-----+-----+-----+
1 |  ♖  [0m|     [0m|     [0m|     [0m|  ♔  [0m|  ♗  [0m|  ♘  [0m|  ♖  [0m|
  +-----+-----+-----+-----+-----+-----+-----+-----+
Entrez votre coup : 
     a     b     c     d     e     f     g     h    
  +-----+-----+-----+-----+-----+-----+-----+-----+
8 |  ♜  [0m|     [0m|  ♝  [0m|  ♛  [0m| [42m    [0m| [32m ♚  [0m|  ♞  [0m|  ♜  [0m|
  +-----+-----+-----+-----+-----+-----+-----+-----+
7 |     [0m|  ♟  [0m|  ♘  [0m|  ♟  [0m|  ♝  [0m|  ♟  [0m|  ♟  [0m|  ♟  [0m|
  +-----+-----+-----+-----+-----+-----+-----+-----+
6 |  ♟  [0m|     [0m|  ♞  [0m|     [0m|     [0m|     [0m|     [0m|     [0m|
  +-----+-----+-----+-----+-----+-----+-----+-----+
5 |     [0m|     [0m|  ♟  [0m|     [0m|  ♕  [0m|     [0m|  ♗  [0m|     [0m|
  +-----+-----+-----+-----+-----+-----+-----+-----+
4 |     [0m|     [0m|     [0m|     [0m|  ♙  [0m|     [0m|     [0m|     [0m|
  +-----+-----+-----+-----+-----+-----+-----+-----+
3 |     [0m|     [0m|     [0m|     [0m|     [0m|     [0m|     [0m|     [0m|
  +-----+-----+-----+-----+-----+-----+-----+-----+
2 |  ♙  [0m|  ♙  [0m|  ♙  [0m|     [0m|     [0m|  ♙  [0m|  ♙  [0m|  ♙  [0m|
  +-----+-----+-----+-----+-----+-----+-----+-----+
1 |  ♖  [0m|     [0m|     [0m|     [0m|  ♔  [0m|  ♗  [0m|  ♘  [0m|  ♖  [0m|
  +-----+-----+-----+-----+-----+-----+-----+-----+
Entrez votre coup : Echec !

     a     b     c     d     e     f     g     h    
  +-----+-----+-----+-----+-----+-----+-----+-----+
8 |  ♜  [0m|     [0m|  ♝  [0m|  ♛  [0m|     [0m|  ♚  [0m|  ♞  [0m|  ♜  [0m|
  +-----+-----+-----+-----+-----+-----+-----+-----+
7 |     [0m|  ♟  [0m|  ♘  [0m|  ♟  [0m| [32m ♗  [0m|  ♟  [0m|  ♟  [0m|  ♟  [0m|
  +-----+-----+-----+-----+-----+-----+-----+-----+
6 |  ♟  [0m|     [0m|  ♞  [0m|     [0m|     [0m|     [0m|     [0m|     [0m|
  +-----+-----+-----+-----+-----+-----+-----+-----+
5 |     [0m|     [0m|  ♟  [0m|     [0m|  ♕  [0m|     [0m| [42m    [0m|     [0m|
  +-----+-----+-----+-----+-----+-----+-----+-----+
4 |     [0m|     [0m|     [0m|     [0m|  ♙  [0m|     [0m|     [0m|     [0m|
  +-----+-----+-----+-----+-----+-----+-----+-----+
3 |     [0m|     [0m|     [0m|     [0m|     [0m|     [0m|     [0m|     [0m|
  +-----+-----+-----+-----+-----+-----+-----+-----+
2 |  ♙  [0m|  ♙  [0m|  ♙  [0m|     [0m|     [0m|  ♙  [0m|  ♙  [0m|  ♙  [0m|
  +-----+-----+-----+-----+-----+-----+-----+-----+
1 |  ♖  [0m|     [0m|     [0m|     [0m|  ♔  [0m|  ♗  [0m|  ♘  [0m|  ♖  [0m|
  +-----+-----+-----+-----+-----+-----+-----+-----+
Entrez votre coup : 
     a     b     c     d     e     f     g     h    
  +-----+-----+-----+-----+-----+-----+-----+-----+
8 |  ♜  [0m|     [0m|  ♝  [0m|  ♛  [0m|     [0m|  ♚  [0m| [42m    [0m|  ♜  [0m|
  +-----+-----+-----+-----+-----+-----+-----+-----+
7 |     [0m|  ♟  [0m|  ♘  [0m|  ♟  [0m| [32m ♞  [0m|  ♟  [0m|  ♟  [0m|  ♟  [0m|
  +-----+-----+-----+-----+-----+-----+-----+-----+
6 |  ♟  [0m|     [0m|  ♞  [0m|     [0m|     [0m|     [0m|     [0m|     [0m|
  +-----+-----+-----+-----+-----+-----+-----+-----+
5 |     [0m|     [0m|  ♟  [0m|     [0m|  ♕  [0m|     [0m|     [0m|     [0m|
  +-----+-----+-----+-----+-----+-----+-----+-----+
4 |     [0m|     [0m|     [0m|     [0m|  ♙  [0m|     [0m|     [0m|     [0m|
  +-----+-----+-----+-----+-----+-----+-----+-----+
3 |     [0m|     [0m|     [0m|     [0m|     [0m|     [0m|     [0m|     [0m|
  +-----+-----+-----+-----+-----+-----+-----+-----+
2 |  ♙  [0m|  ♙  [0m|  ♙  [0m|     [0m|     [0m|  ♙  [0m|  ♙  [0m|  ♙  [0m|
  +-----+-----+-----+-----+-----+-----+-----+-----+
1 |  ♖  [0m|     [0m|     [0m|     [0m|  ♔  [0m|  ♗  [0m|  ♘  [0m|  ♖  [0m|
  +-----+-----+-----+-----+-----+-----+-----+-----+
Entrez votre coup : Echec !

     a     b     c     d     e     f     g     h    
  +-----+-----+-----+-----+-----+-----+-----+-----+
8 |  ♜  [0m|     [0m|  ♝  [0m|  ♛  [0m|     [0m|  ♚  [0m|     [0m|  ♜  [0m|
  +-----+-----+-----+-----+-----+-----+-----+-----+
7 |     [0m|  ♟  [0m|  ♘  [0m|  ♟  [0m|  ♞  [0m|  ♟  [0m|  ♟  [0m|  ♟  [0m|
  +-----+-----+-----+-----+-----+-----+-----+-----+
6 |  ♟  [0m|     [0m|  ♞  [0m| [32m ♕  [0m|     [0m|     [0m|     [0m|     [0m|
  +-----+-----+-----+-----+-----+-----+-----+-----+
5 |     [0m|     [0m|  ♟  [0m|     [0m| [42m    [0m|     [0m|     [0m|     [0m|
  +-----+-----+-----+-----+-----+-----+-----+-----+
4 |     [0m|     [0m|     [0m|     [0m|  ♙  [0m|     [0m|     [0m|     [0m|
  +-----+-----+-----+-----+-----+-----+-----+-----+
3 |     [0m|     [0m|     [0m|     [0m|     [0m|     [0m|     [0m|     [0m|
  +-----+-----+-----+-----+-----+-----+-----+-----+
2 |  ♙  [0m|  ♙  [0m|  ♙  [0m|     [0m|     [0m|  ♙  [0m|  ♙  [0m|  ♙  [0m|
  +-----+-----+-----+-----+-----+-----+-----+-----+
1 |  ♖  [0m|     [0m|     [0m|     [0m|  ♔  [0m|  ♗  [0m|  ♘  [0m|  ♖  [0m|
  +-----+-----+-----+-----+-----+-----+-----+-----+
Entrez votre coup : Erreur d'utilisation : ce mouvement met votre roi en échec
Entrez votre coup : Erreur d'utilisation : vous ne pouvez pas bouger une pièce adverse
Entrez votre coup : Erreur d'utilisation : ce mouvement met votre roi en échec
Entrez votre coup : Erreur d'utilisation : vous ne pouvez pas bouger une pièce adverse
Entrez votre coup : Erreur d'utilisation : ce mouvement met votre roi en échec
Entrez votre coup : Erreur d'utilisation : la case d'origine ne contient pas de pièce
Entrez votre coup : Fin de partie !
wR,,,,wK,wB,wN,wR,wP,wP,wP,,,wP,wP,wP,,,,,,,,,,,,,wP,,,,,,bP,,,,,,bP,,bN,wQ,,,,,,bP,wN,bP,bN,bP,bP,bP,bR,,bB,bQ,,bK,,bR, ?-?
   ref:[[0;32mwR,,,,wK,,wN,wR,wP,wP,wP,,,wP,wP,wP,,,,,,,,,,,wB,,wP,,,,,,bP,,,,,,bP,,bN,,,,bP,,,bP,bQ,bP,bN,wQ,,bP,,bR,bB,,,bK,,bR,[0m]
   you:[[0;31mwR,,,,wK,wB,wN,wR,wP,wP,wP,,,wP,wP,wP,,,,,,,,,,,,,wP,,,,,,bP,,,,,,bP,,bN,wQ,,,,,,bP,wN,bP,bN,bP,bP,bP,bR,,bB,bQ,,bK,,bR,[0m]
   ref:[[0;32m1-0[0m]
   you:[[0;31m?-?[0m]
  -> [0m(exit code=0)
[0;33m> data/4-leg-pat.txt[0m

     a     b     c     d     e     f     g     h    
  +-----+-----+-----+-----+-----+-----+-----+-----+
8 |  ♜  [0m|  ♞  [0m|  ♝  [0m|  ♛  [0m|  ♚  [0m|  ♝  [0m|  ♞  [0m|  ♜  [0m|
  +-----+-----+-----+-----+-----+-----+-----+-----+
7 |  ♟  [0m|  ♟  [0m|  ♟  [0m|  ♟  [0m|  ♟  [0m|  ♟  [0m|  ♟  [0m|  ♟  [0m|
  +-----+-----+-----+-----+-----+-----+-----+-----+
6 |     [0m|     [0m|     [0m|     [0m|     [0m|     [0m|     [0m|     [0m|
  +-----+-----+-----+-----+-----+-----+-----+-----+
5 |     [0m|     [0m|     [0m|     [0m|     [0m|     [0m|     [0m|     [0m|
  +-----+-----+-----+-----+-----+-----+-----+-----+
4 |     [0m|     [0m|     [0m|     [0m|     [0m|     [0m|     [0m|     [0m|
  +-----+-----+-----+-----+-----+-----+-----+-----+
3 |     [0m|     [0m|     [0m|     [0m|     [0m|     [0m|     [0m|     [0m|
  +-----+-----+-----+-----+-----+-----+-----+-----+
2 |  ♙  [0m|  ♙  [0m|  ♙  [0m|  ♙  [0m|  ♙  [0m|  ♙  [0m|  ♙  [0m|  ♙  [0m|
  +-----+-----+-----+-----+-----+-----+-----+-----+
1 |  ♖  [0m|  ♘  [0m|  ♗  [0m|  ♕  [0m|  ♔  [0m|  ♗  [0m|  ♘  [0m|  ♖  [0m|
  +-----+-----+-----+-----+-----+-----+-----+-----+
Entrez votre coup : 
     a     b     c     d     e     f     g     h    
  +-----+-----+-----+-----+-----+-----+-----+-----+
8 |  ♜  [0m|  ♞  [0m|  ♝  [0m|  ♛  [0m|  ♚  [0m|  ♝  [0m|  ♞  [0m|  ♜  [0m|
  +-----+-----+-----+-----+-----+-----+-----+-----+
7 |  ♟  [0m|  ♟  [0m|  ♟  [0m|  ♟  [0m|  ♟  [0m|  ♟  [0m|  ♟  [0m|  ♟  [0m|
  +-----+-----+-----+-----+-----+-----+-----+-----+
6 |     [0m|     [0m|     [0m|     [0m|     [0m|     [0m|     [0m|     [0m|
  +-----+-----+-----+-----+-----+-----+-----+-----+
5 |     [0m|     [0m|     [0m|     [0m|     [0m|     [0m|     [0m|     [0m|
  +-----+-----+-----+-----+-----+-----+-----+-----+
4 |     [0m|     [0m| [32m ♙  [0m|     [0m|     [0m|     [0m|     [0m|     [0m|
  +-----+-----+-----+-----+-----+-----+-----+-----+
3 |     [0m|     [0m|     [0m|     [0m|     [0m|     [0m|     [0m|     [0m|
  +-----+-----+-----+-----+-----+-----+-----+-----+
2 |  ♙  [0m|  ♙  [0m| [42m    [0m|  ♙  [0m|  ♙  [0m|  ♙  [0m|  ♙  [0m|  ♙  [0m|
  +-----+-----+-----+-----+-----+-----+-----+-----+
1 |  ♖  [0m|  ♘  [0m|  ♗  [0m|  ♕  [0m|  ♔  [0m|  ♗  [0m|  ♘  [0m|  ♖  [0m|
  +-----+-----+-----+-----+-----+-----+-----+-----+
Entrez votre coup : 
     a     b     c     d     e     f     g     h    
  +-----+-----+-----+-----+-----+-----+-----+-----+
8 |  ♜  [0m|  ♞  [0m|  ♝  [0m|  ♛  [0m|  ♚  [0m|  ♝  [0m| [42m    [0m|  ♜  [0m|
  +-----+-----+-----+-----+-----+-----+-----+-----+
7 |  ♟  [0m|  ♟  [0m|  ♟  [0m|  ♟  [0m|  ♟  [0m|  ♟  [0m|  ♟  [0m|  ♟  [0m|
  +-----+-----+-----+-----+-----+-----+-----+-----+
6 |     [0m|     [0m|     [0m|     [0m|     [0m| [32m ♞  [0m|     [0m|     [0m|
  +-----+-----+-----+-----+-----+-----+-----+-----+
5 |     [0m|     [0m|     [0m|     [0m|     [0m|     [0m|     [0m|     [0m|
  +-----+-----+-----+-----+-----+-----+-----+-----+
4 |     [0m|     [0m|  ♙  [0m|     [0m|     [0m|     [0m|     [0m|     [0m|
  +-----+-----+-----+-----+-----+-----+-----+-----+
3 |     [0m|     [0m|     [0m|     [0m|     [0m|     [0m|     [0m|     [0m|
  +-----+-----+-----+-----+-----+-----+-----+-----+
2 |  ♙  [0m|  ♙  [0m|     [0m|  ♙  [0m|  ♙  [0m|  ♙  [0m|  ♙  [0m|  ♙  [0m|
  +-----+-----+-----+-----+-----+-----+-----+-----+
1 |  ♖  [0m|  ♘  [0m|  ♗  [0m|  ♕  [0m|  ♔  [0m|  ♗  [0m|  ♘  [0m|  ♖  [0m|
  +-----+-----+-----+-----+-----+-----+-----+-----+
Entrez votre coup : 
     a     b     c     d     e     f     g     h    
  +-----+-----+-----+-----+-----+-----+-----+-----+
8 |  ♜  [0m|  ♞  [0m|  ♝  [0m|  ♛  [0m|  ♚  [0m|  ♝  [0m|     [0m|  ♜  [0m|
  +-----+-----+-----+-----+-----+-----+-----+-----+
7 |  ♟  [0m|  ♟  [0m|  ♟  [0m|  ♟  [0m|  ♟  [0m|  ♟  [0m|  ♟  [0m|  ♟  [0m|
  +-----+-----+-----+-----+-----+-----+-----+-----+
6 |     [0m|     [0m|     [0m|     [0m|     [0m|  ♞  [0m|     [0m|     [0m|
  +-----+-----+-----+-----+-----+-----+-----+-----+
5 |     [0m|     [0m|     [0m|     [0m|     [0m|     [0m|     [0m|     [0m|
  +-----+-----+-----+-----+-----+-----+-----+-----+
4 |     [0m|     [0m|  ♙  [0m| [32m ♙  [0m|     [0m|     [0m|     [0m|     [0m|
  +-----+-----+-----+-----+-----+-----+-----+-----+
3 |     [0m|     [0m|     [0m|     [0m|     [0m|     [0m|     [0m|     [0m|
  +-----+-----+-----+-----+-----+-----+-----+-----+
2 |  ♙  [0m|  ♙  [0m|     [0m| [42m    [0m|  ♙  [0m|  ♙  [0m|  ♙  [0m|  ♙  [0m|
  +-----+-----+-----+-----+-----+-----+-----+-----+
1 |  ♖  [0m|  ♘  [0m|  ♗  [0m|  ♕  [0m|  ♔  [0m|  ♗  [0m|  ♘  [0m|  ♖  [0m|
  +-----+-----+-----+-----+-----+-----+-----+-----+
Entrez votre coup : 
     a     b     c     d     e     f     g     h    
  +-----+-----+-----+-----+-----+-----+-----+-----+
8 |  ♜  [0m|  ♞  [0m|  ♝  [0m|  ♛  [0m|  ♚  [0m|  ♝  [0m|     [0m|  ♜  [0m|
  +-----+-----+-----+-----+-----+-----+-----+-----+
7 |  ♟  [0m|  ♟  [0m| [42m    [0m|  ♟  [0m|  ♟  [0m|  ♟  [0m|  ♟  [0m|  ♟  [0m|
  +-----+-----+-----+-----+-----+-----+-----+-----+
6 |     [0m|     [0m| [32m ♟  [0m|     [0m|     [0m|  ♞  [0m|     [0m|     [0m|
  +-----+-----+-----+-----+-----+-----+-----+-----+
5 |     [0m|     [0m|     [0m|     [0m|     [0m|     [0m|     [0m|     [0m|
  +-----+-----+-----+-----+-----+-----+-----+-----+
4 |     [0m|     [0m|  ♙  [0m|  ♙  [0m|     [0m|     [0m|     [0m|     [0m|
  +-----+-----+-----+-----+-----+-----+-----+-----+
3 |     [0m|     [0m|     [0m|     [0m|     [0m|     [0m|     [0m|     [0m|
  +-----+-----+-----+-----+-----+-----+-----+-----+
2 |  ♙  [0m|  ♙  [0m|     [0m|     [0m|  ♙  [0m|  ♙  [0m|  ♙  [0m|  ♙  [0m|
  +-----+-----+-----+-----+-----+-----+-----+-----+
1 |  ♖  [0m|  ♘  [0m|  ♗  [0m|  ♕  [0m|  ♔  [0m|  ♗  [0m|  ♘  [0m|  ♖  [0m|
  +-----+-----+-----+-----+-----+-----+-----+-----+
Entrez votre coup : 
     a     b     c     d     e     f     g     h    
  +-----+-----+-----+-----+-----+-----+-----+-----+
8 |  ♜  [0m|  ♞  [0m|  ♝  [0m|  ♛  [0m|  ♚  [0m|  ♝  [0m|     [0m|  ♜  [0m|
  +-----+-----+-----+-----+-----+-----+-----+-----+
7 |  ♟  [0m|  ♟  [0m|     [0m|  ♟  [0m|  ♟  [0m|  ♟  [0m|  ♟  [0m|  ♟  [0m|
  +-----+-----+-----+-----+-----+-----+-----+-----+
6 |     [0m|     [0m|  ♟  [0m|     [0m|     [0m|  ♞  [0m|     [0m|     [0m|
  +-----+-----+-----+-----+-----+-----+-----+-----+
5 |     [0m|     [0m|     [0m|     [0m|     [0m|     [0m|     [0m|     [0m|
  +-----+-----+-----+-----+-----+-----+-----+-----+
4 |     [0m|     [0m|  ♙  [0m|  ♙  [0m|     [0m| [32m ♗  [0m|     [0m|     [0m|
  +-----+-----+-----+-----+-----+-----+-----+-----+
3 |     [0m|     [0m|     [0m|     [0m|     [0m|     [0m|     [0m|     [0m|
  +-----+-----+-----+-----+-----+-----+-----+-----+
2 |  ♙  [0m|  ♙  [0m|     [0m|     [0m|  ♙  [0m|  ♙  [0m|  ♙  [0m|  ♙  [0m|
  +-----+-----+-----+-----+-----+-----+-----+-----+
1 |  ♖  [0m|  ♘  [0m| [42m    [0m|  ♕  [0m|  ♔  [0m|  ♗  [0m|  ♘  [0m|  ♖  [0m|
  +-----+-----+-----+-----+-----+-----+-----+-----+
Entrez votre coup : 
     a     b     c     d     e     f     g     h    
  +-----+-----+-----+-----+-----+-----+-----+-----+
8 |  ♜  [0m|  ♞  [0m|  ♝  [0m| [42m    [0m|  ♚  [0m|  ♝  [0m|     [0m|  ♜  [0m|
  +-----+-----+-----+-----+-----+-----+-----+-----+
7 |  ♟  [0m|  ♟  [0m|     [0m|  ♟  [0m|  ♟  [0m|  ♟  [0m|  ♟  [0m|  ♟  [0m|
  +-----+-----+-----+-----+-----+-----+-----+-----+
6 |     [0m| [32m ♛  [0m|  ♟  [0m|     [0m|     [0m|  ♞  [0m|     [0m|     [0m|
  +-----+-----+-----+-----+-----+-----+-----+-----+
5 |     [0m|     [0m|     [0m|     [0m|     [0m|     [0m|     [0m|     [0m|
  +-----+-----+-----+-----+-----+-----+-----+-----+
4 |     [0m|     [0m|  ♙  [0m|  ♙  [0m|     [0m|  ♗  [0m|     [0m|     [0m|
  +-----+-----+-----+-----+-----+-----+-----+-----+
3 |     [0m|     [0m|     [0m|     [0m|     [0m|     [0m|     [0m|     [0m|
  +-----+-----+-----+-----+-----+-----+-----+-----+
2 |  ♙  [0m|  ♙  [0m|     [0m|     [0m|  ♙  [0m|  ♙  [0m|  ♙  [0m|  ♙  [0m|
  +-----+-----+-----+-----+-----+-----+-----+-----+
1 |  ♖  [0m|  ♘  [0m|     [0m|  ♕  [0m|  ♔  [0m|  ♗  [0m|  ♘  [0m|  ♖  [0m|
  +-----+-----+-----+-----+-----+-----+-----+-----+
Entrez votre coup : 
     a     b     c     d     e     f     g     h    
  +-----+-----+-----+-----+-----+-----+-----+-----+
8 |  ♜  [0m|  ♞  [0m|  ♝  [0m|     [0m|  ♚  [0m|  ♝  [0m|     [0m|  ♜  [0m|
  +-----+-----+-----+-----+-----+-----+-----+-----+
7 |  ♟  [0m|  ♟  [0m|     [0m|  ♟  [0m|  ♟  [0m|  ♟  [0m|  ♟  [0m|  ♟  [0m|
  +-----+-----+-----+-----+-----+-----+-----+-----+
6 |     [0m|  ♛  [0m|  ♟  [0m|     [0m|     [0m|  ♞  [0m|     [0m|     [0m|
  +-----+-----+-----+-----+-----+-----+-----+-----+
5 |     [0m|     [0m|     [0m|     [0m|     [0m|     [0m|     [0m|     [0m|
  +-----+-----+-----+-----+-----+-----+-----+-----+
4 |     [0m|     [0m|  ♙  [0m|  ♙  [0m|     [0m|  ♗  [0m|     [0m|     [0m|
  +-----+-----+-----+-----+-----+-----+-----+-----+
3 |     [0m|     [0m|     [0m|     [0m|     [0m|     [0m|     [0m|     [0m|
  +-----+-----+-----+-----+-----+-----+-----+-----+
2 |  ♙  [0m|  ♙  [0m|     [0m| [32m ♕  [0m|  ♙  [0m|  ♙  [0m|  ♙  [0m|  ♙  [0m|
  +-----+-----+-----+-----+-----+-----+-----+-----+
1 |  ♖  [0m|  ♘  [0m|     [0m| [42m    [0m|  ♔  [0m|  ♗  [0m|  ♘  [0m|  ♖  [0m|
  +-----+-----+-----+-----+-----+-----+-----+-----+
Entrez votre coup : 
     a     b     c     d     e     f     g     h    
  +-----+-----+-----+-----+-----+-----+-----+-----+
8 |  ♜  [0m|  ♞  [0m|  ♝  [0m|     [0m|  ♚  [0m|  ♝  [0m|     [0m|  ♜  [0m|
  +-----+-----+-----+-----+-----+-----+-----+-----+
7 |  ♟  [0m|  ♟  [0m|     [0m|  ♟  [0m|  ♟  [0m|  ♟  [0m|  ♟  [0m|  ♟  [0m|
  +-----+-----+-----+-----+-----+-----+-----+-----+
6 |     [0m|  ♛  [0m|  ♟  [0m|     [0m|     [0m| [42m    [0m|     [0m|     [0m|
  +-----+-----+-----+-----+-----+-----+-----+-----+
5 |     [0m|     [0m|     [0m|     [0m|     [0m|     [0m|     [0m|     [0m|
  +-----+-----+-----+-----+-----+-----+-----+-----+
4 |     [0m|     [0m|  ♙  [0m|  ♙  [0m| [32m ♞  [0m|  ♗  [0m|     [0m|     [0m|
  +-----+-----+-----+-----+-----+-----+-----+-----+
3 |     [0m|     [0m|     [0m|     [0m|     [0m|     [0m|     [0m|     [0m|
  +-----+-----+-----+-----+-----+-----+-----+-----+
2 |  ♙  [0m|  ♙  [0m|     [0m|  ♕  [0m|  ♙  [0m|  ♙  [0m|  ♙  [0m|  ♙  [0m|
  +-----+-----+-----+-----+-----+-----+-----+-----+
1 |  ♖  [0m|  ♘  [0m|     [0m|     [0m|  ♔  [0m|  ♗  [0m|  ♘  [0m|  ♖  [0m|
  +-----+-----+-----+-----+-----+-----+-----+-----+
Entrez votre coup : 
     a     b     c     d     e     f     g     h    
  +-----+-----+-----+-----+-----+-----+-----+-----+
8 |  ♜  [0m|  ♞  [0m|  ♝  [0m|     [0m|  ♚  [0m|  ♝  [0m|     [0m|  ♜  [0m|
  +-----+-----+-----+-----+-----+-----+-----+-----+
7 |  ♟  [0m|  ♟  [0m|     [0m|  ♟  [0m|  ♟  [0m|  ♟  [0m|  ♟  [0m|  ♟  [0m|
  +-----+-----+-----+-----+-----+-----+-----+-----+
6 |     [0m|  ♛  [0m|  ♟  [0m|     [0m|     [0m|     [0m|     [0m|     [0m|
  +-----+-----+-----+-----+-----+-----+-----+-----+
5 |     [0m|     [0m|     [0m|     [0m|     [0m|     [0m|     [0m|     [0m|
  +-----+-----+-----+-----+-----+-----+-----+-----+
4 |     [0m|     [0m|  ♙  [0m|  ♙  [0m|  ♞  [0m|  ♗  [0m|     [0m|     [0m|
  +-----+-----+-----+-----+-----+-----+-----+-----+
3 |     [0m|     [0m|     [0m|     [0m|     [0m|     [0m|     [0m|     [0m|
  +-----+-----+-----+-----+-----+-----+-----+-----+
2 |  ♙  [0m|  ♙  [0m| [32m ♕  [0m| [42m    [0m|  ♙  [0m|  ♙  [0m|  ♙  [0m|  ♙  [0m|
  +-----+-----+-----+-----+-----+-----+-----+-----+
1 |  ♖  [0m|  ♘  [0m|     [0m|     [0m|  ♔  [0m|  ♗  [0m|  ♘  [0m|  ♖  [0m|
  +-----+-----+-----+-----+-----+-----+-----+-----+
Entrez votre coup : 
     a     b     c     d     e     f     g     h    
  +-----+-----+-----+-----+-----+-----+-----+-----+
8 |  ♜  [0m|  ♞  [0m|  ♝  [0m|     [0m|  ♚  [0m|  ♝  [0m|     [0m|  ♜  [0m|
  +-----+-----+-----+-----+-----+-----+-----+-----+
7 |  ♟  [0m|  ♟  [0m|     [0m| [42m    [0m|  ♟  [0m|  ♟  [0m|  ♟  [0m|  ♟  [0m|
  +-----+-----+-----+-----+-----+-----+-----+-----+
6 |     [0m|  ♛  [0m|  ♟  [0m|     [0m|     [0m|     [0m|     [0m|     [0m|
  +-----+-----+-----+-----+-----+-----+-----+-----+
5 |     [0m|     [0m|     [0m| [32m ♟  [0m|     [0m|     [0m|     [0m|     [0m|
  +-----+-----+-----+-----+-----+-----+-----+-----+
4 |     [0m|     [0m|  ♙  [0m|  ♙  [0m|  ♞  [0m|  ♗  [0m|     [0m|     [0m|
  +-----+-----+-----+-----+-----+-----+-----+-----+
3 |     [0m|     [0m|     [0m|     [0m|     [0m|     [0m|     [0m|     [0m|
  +-----+-----+-----+-----+-----+-----+-----+-----+
2 |  ♙  [0m|  ♙  [0m|  ♕  [0m|     [0m|  ♙  [0m|  ♙  [0m|  ♙  [0m|  ♙  [0m|
  +-----+-----+-----+-----+-----+-----+-----+-----+
1 |  ♖  [0m|  ♘  [0m|     [0m|     [0m|  ♔  [0m|  ♗  [0m|  ♘  [0m|  ♖  [0m|
  +-----+-----+-----+-----+-----+-----+-----+-----+
Entrez votre coup : 
     a     b     c     d     e     f     g     h    
  +-----+-----+-----+-----+-----+-----+-----+-----+
8 |  ♜  [0m|  ♞  [0m|  ♝  [0m|     [0m|  ♚  [0m|  ♝  [0m|     [0m|  ♜  [0m|
  +-----+-----+-----+-----+-----+-----+-----+-----+
7 |  ♟  [0m|  ♟  [0m|     [0m|     [0m|  ♟  [0m|  ♟  [0m|  ♟  [0m|  ♟  [0m|
  +-----+-----+-----+-----+-----+-----+-----+-----+
6 |     [0m|  ♛  [0m|  ♟  [0m|     [0m|     [0m|     [0m|     [0m|     [0m|
  +-----+-----+-----+-----+-----+-----+-----+-----+
5 |     [0m|     [0m|     [0m|  ♟  [0m|     [0m|     [0m|     [0m|     [0m|
  +-----+-----+-----+-----+-----+-----+-----+-----+
4 |     [0m|     [0m|  ♙  [0m|  ♙  [0m|  ♞  [0m|  ♗  [0m|     [0m|     [0m|
  +-----+-----+-----+-----+-----+-----+-----+-----+
3 |     [0m|     [0m|     [0m|     [0m|     [0m| [32m ♙  [0m|     [0m|     [0m|
  +-----+-----+-----+-----+-----+-----+-----+-----+
2 |  ♙  [0m|  ♙  [0m|  ♕  [0m|     [0m|  ♙  [0m| [42m    [0m|  ♙  [0m|  ♙  [0m|
  +-----+-----+-----+-----+-----+-----+-----+-----+
1 |  ♖  [0m|  ♘  [0m|     [0m|     [0m|  ♔  [0m|  ♗  [0m|  ♘  [0m|  ♖  [0m|
  +-----+-----+-----+-----+-----+-----+-----+-----+
Entrez votre coup : 
     a     b     c     d     e     f     g     h    
  +-----+-----+-----+-----+-----+-----+-----+-----+
8 |  ♜  [0m|  ♞  [0m|  ♝  [0m|     [0m|  ♚  [0m|  ♝  [0m|     [0m|  ♜  [0m|
  +-----+-----+-----+-----+-----+-----+-----+-----+
7 |  ♟  [0m|  ♟  [0m|     [0m|     [0m| [42m    [0m|  ♟  [0m|  ♟  [0m|  ♟  [0m|
  +-----+-----+-----+-----+-----+-----+-----+-----+
6 |     [0m|  ♛  [0m|  ♟  [0m|     [0m|     [0m|     [0m|     [0m|     [0m|
  +-----+-----+-----+-----+-----+-----+-----+-----+
5 |     [0m|     [0m|     [0m|  ♟  [0m| [32m ♟  [0m|     [0m|     [0m|     [0m|
  +-----+-----+-----+-----+-----+-----+-----+-----+
4 |     [0m|     [0m|  ♙  [0m|  ♙  [0m|  ♞  [0m|  ♗  [0m|     [0m|     [0m|
  +-----+-----+-----+-----+-----+-----+-----+-----+
3 |     [0m|     [0m|     [0m|     [0m|     [0m|  ♙  [0m|     [0m|     [0m|
  +-----+-----+-----+-----+-----+-----+-----+-----+
2 |  ♙  [0m|  ♙  [0m|  ♕  [0m|     [0m|  ♙  [0m|     [0m|  ♙  [0m|  ♙  [0m|
  +-----+-----+-----+-----+-----+-----+-----+-----+
1 |  ♖  [0m|  ♘  [0m|     [0m|     [0m|  ♔  [0m|  ♗  [0m|  ♘  [0m|  ♖  [0m|
  +-----+-----+-----+-----+-----+-----+-----+-----+
Entrez votre coup : 
     a     b     c     d     e     f     g     h    
  +-----+-----+-----+-----+-----+-----+-----+-----+
8 |  ♜  [0m|  ♞  [0m|  ♝  [0m|     [0m|  ♚  [0m|  ♝  [0m|     [0m|  ♜  [0m|
  +-----+-----+-----+-----+-----+-----+-----+-----+
7 |  ♟  [0m|  ♟  [0m|     [0m|     [0m|     [0m|  ♟  [0m|  ♟  [0m|  ♟  [0m|
  +-----+-----+-----+-----+-----+-----+-----+-----+
6 |     [0m|  ♛  [0m|  ♟  [0m|     [0m|     [0m|     [0m|     [0m|     [0m|
  +-----+-----+-----+-----+-----+-----+-----+-----+
5 |     [0m|     [0m|     [0m|  ♟  [0m| [32m ♗  [0m|     [0m|     [0m|     [0m|
  +-----+-----+-----+-----+-----+-----+-----+-----+
4 |     [0m|     [0m|  ♙  [0m|  ♙  [0m|  ♞  [0m| [42m    [0m|     [0m|     [0m|
  +-----+-----+-----+-----+-----+-----+-----+-----+
3 |     [0m|     [0m|     [0m|     [0m|     [0m|  ♙  [0m|     [0m|     [0m|
  +-----+-----+-----+-----+-----+-----+-----+-----+
2 |  ♙  [0m|  ♙  [0m|  ♕  [0m|     [0m|  ♙  [0m|     [0m|  ♙  [0m|  ♙  [0m|
  +-----+-----+-----+-----+-----+-----+-----+-----+
1 |  ♖  [0m|  ♘  [0m|     [0m|     [0m|  ♔  [0m|  ♗  [0m|  ♘  [0m|  ♖  [0m|
  +-----+-----+-----+-----+-----+-----+-----+-----+
Entrez votre coup : Echec !

     a     b     c     d     e     f     g     h    
  +-----+-----+-----+-----+-----+-----+-----+-----+
8 |  ♜  [0m|  ♞  [0m|  ♝  [0m|     [0m|  ♚  [0m|  ♝  [0m|     [0m|  ♜  [0m|
  +-----+-----+-----+-----+-----+-----+-----+-----+
7 |  ♟  [0m|  ♟  [0m|     [0m|     [0m|     [0m|  ♟  [0m|  ♟  [0m|  ♟  [0m|
  +-----+-----+-----+-----+-----+-----+-----+-----+
6 |     [0m| [42m    [0m|  ♟  [0m|     [0m|     [0m|     [0m|     [0m|     [0m|
  +-----+-----+-----+-----+-----+-----+-----+-----+
5 | [32m ♛  [0m|     [0m|     [0m|  ♟  [0m|  ♗  [0m|     [0m|     [0m|     [0m|
  +-----+-----+-----+-----+-----+-----+-----+-----+
4 |     [0m|     [0m|  ♙  [0m|  ♙  [0m|  ♞  [0m|     [0m|     [0m|     [0m|
  +-----+-----+-----+-----+-----+-----+-----+-----+
3 |     [0m|     [0m|     [0m|     [0m|     [0m|  ♙  [0m|     [0m|     [0m|
  +-----+-----+-----+-----+-----+-----+-----+-----+
2 |  ♙  [0m|  ♙  [0m|  ♕  [0m|     [0m|  ♙  [0m|     [0m|  ♙  [0m|  ♙  [0m|
  +-----+-----+-----+-----+-----+-----+-----+-----+
1 |  ♖  [0m|  ♘  [0m|     [0m|     [0m|  ♔  [0m|  ♗  [0m|  ♘  [0m|  ♖  [0m|
  +-----+-----+-----+-----+-----+-----+-----+-----+
Entrez votre coup : 
     a     b     c     d     e     f     g     h    
  +-----+-----+-----+-----+-----+-----+-----+-----+
8 |  ♜  [0m|  ♞  [0m|  ♝  [0m|     [0m|  ♚  [0m|  ♝  [0m|     [0m|  ♜  [0m|
  +-----+-----+-----+-----+-----+-----+-----+-----+
7 |  ♟  [0m|  ♟  [0m|     [0m|     [0m|     [0m|  ♟  [0m|  ♟  [0m|  ♟  [0m|
  +-----+-----+-----+-----+-----+-----+-----+-----+
6 |     [0m|     [0m|  ♟  [0m|     [0m|     [0m|     [0m|     [0m|     [0m|
  +-----+-----+-----+-----+-----+-----+-----+-----+
5 |  ♛  [0m|     [0m|     [0m|  ♟  [0m|  ♗  [0m|     [0m|     [0m|     [0m|
  +-----+-----+-----+-----+-----+-----+-----+-----+
4 |     [0m|     [0m|  ♙  [0m|  ♙  [0m|  ♞  [0m|     [0m|     [0m|     [0m|
  +-----+-----+-----+-----+-----+-----+-----+-----+
3 |     [0m|     [0m| [32m ♘  [0m|     [0m|     [0m|  ♙  [0m|     [0m|     [0m|
  +-----+-----+-----+-----+-----+-----+-----+-----+
2 |  ♙  [0m|  ♙  [0m|  ♕  [0m|     [0m|  ♙  [0m|     [0m|  ♙  [0m|  ♙  [0m|
  +-----+-----+-----+-----+-----+-----+-----+-----+
1 |  ♖  [0m| [42m    [0m|     [0m|     [0m|  ♔  [0m|  ♗  [0m|  ♘  [0m|  ♖  [0m|
  +-----+-----+-----+-----+-----+-----+-----+-----+
Entrez votre coup : 
     a     b     c     d     e     f     g     h    
  +-----+-----+-----+-----+-----+-----+-----+-----+
8 |  ♜  [0m|  ♞  [0m|  ♝  [0m|     [0m|  ♚  [0m|  ♝  [0m|     [0m|  ♜  [0m|
  +-----+-----+-----+-----+-----+-----+-----+-----+
7 |  ♟  [0m|  ♟  [0m|     [0m|     [0m|     [0m|  ♟  [0m|  ♟  [0m|  ♟  [0m|
  +-----+-----+-----+-----+-----+-----+-----+-----+
6 |     [0m|     [0m|  ♟  [0m|     [0m|     [0m|     [0m|     [0m|     [0m|
  +-----+-----+-----+-----+-----+-----+-----+-----+
5 |  ♛  [0m|     [0m|     [0m|  ♟  [0m|  ♗  [0m|     [0m|     [0m|     [0m|
  +-----+-----+-----+-----+-----+-----+-----+-----+
4 |     [0m|     [0m|  ♙  [0m|  ♙  [0m| [42m    [0m|     [0m|     [0m|     [0m|
  +-----+-----+-----+-----+-----+-----+-----+-----+
3 |     [0m|     [0m| [32m ♞  [0m|     [0m|     [0m|  ♙  [0m|     [0m|     [0m|
  +-----+-----+-----+-----+-----+-----+-----+-----+
2 |  ♙  [0m|  ♙  [0m|  ♕  [0m|     [0m|  ♙  [0m|     [0m|  ♙  [0m|  ♙  [0m|
  +-----+-----+-----+-----+-----+-----+-----+-----+
1 |  ♖  [0m|     [0m|     [0m|     [0m|  ♔  [0m|  ♗  [0m|  ♘  [0m|  ♖  [0m|
  +-----+-----+-----+-----+-----+-----+-----+-----+
Entrez votre coup : 
     a     b     c     d     e     f     g     h    
  +-----+-----+-----+-----+-----+-----+-----+-----+
8 |  ♜  [0m|  ♞  [0m|  ♝  [0m|     [0m|  ♚  [0m|  ♝  [0m|     [0m|  ♜  [0m|
  +-----+-----+-----+-----+-----+-----+-----+-----+
7 |  ♟  [0m|  ♟  [0m|     [0m|     [0m|     [0m|  ♟  [0m|  ♟  [0m|  ♟  [0m|
  +-----+-----+-----+-----+-----+-----+-----+-----+
6 |     [0m|     [0m|  ♟  [0m|     [0m|     [0m|     [0m|     [0m|     [0m|
  +-----+-----+-----+-----+-----+-----+-----+-----+
5 |  ♛  [0m|     [0m|     [0m|  ♟  [0m|  ♗  [0m|     [0m|     [0m|     [0m|
  +-----+-----+-----+-----+-----+-----+-----+-----+
4 |     [0m|     [0m|  ♙  [0m|  ♙  [0m|     [0m|     [0m|     [0m|     [0m|
  +-----+-----+-----+-----+-----+-----+-----+-----+
3 |     [0m|     [0m| [32m ♙  [0m|     [0m|     [0m|  ♙  [0m|     [0m|     [0m|
  +-----+-----+-----+-----+-----+-----+-----+-----+
2 |  ♙  [0m| [42m    [0m|  ♕  [0m|     [0m|  ♙  [0m|     [0m|  ♙  [0m|  ♙  [0m|
  +-----+-----+-----+-----+-----+-----+-----+-----+
1 |  ♖  [0m|     [0m|     [0m|     [0m|  ♔  [0m|  ♗  [0m|  ♘  [0m|  ♖  [0m|
  +-----+-----+-----+-----+-----+-----+-----+-----+
Entrez votre coup : 
     a     b     c     d     e     f     g     h    
  +-----+-----+-----+-----+-----+-----+-----+-----+
8 |  ♜  [0m|  ♞  [0m|  ♝  [0m|     [0m|  ♚  [0m|  ♝  [0m|     [0m|  ♜  [0m|
  +-----+-----+-----+-----+-----+-----+-----+-----+
7 |  ♟  [0m|  ♟  [0m|     [0m|     [0m|     [0m|  ♟  [0m|  ♟  [0m|  ♟  [0m|
  +-----+-----+-----+-----+-----+-----+-----+-----+
6 |     [0m|     [0m|  ♟  [0m|     [0m|     [0m|     [0m|     [0m|     [0m|
  +-----+-----+-----+-----+-----+-----+-----+-----+
5 |  ♛  [0m|     [0m|     [0m| [42m    [0m|  ♗  [0m|     [0m|     [0m|     [0m|
  +-----+-----+-----+-----+-----+-----+-----+-----+
4 |     [0m|     [0m| [32m ♟  [0m|  ♙  [0m|     [0m|     [0m|     [0m|     [0m|
  +-----+-----+-----+-----+-----+-----+-----+-----+
3 |     [0m|     [0m|  ♙  [0m|     [0m|     [0m|  ♙  [0m|     [0m|     [0m|
  +-----+-----+-----+-----+-----+-----+-----+-----+
2 |  ♙  [0m|     [0m|  ♕  [0m|     [0m|  ♙  [0m|     [0m|  ♙  [0m|  ♙  [0m|
  +-----+-----+-----+-----+-----+-----+-----+-----+
1 |  ♖  [0m|     [0m|     [0m|     [0m|  ♔  [0m|  ♗  [0m|  ♘  [0m|  ♖  [0m|
  +-----+-----+-----+-----+-----+-----+-----+-----+
Entrez votre coup : 
     a     b     c     d     e     f     g     h    
  +-----+-----+-----+-----+-----+-----+-----+-----+
8 |  ♜  [0m|  ♞  [0m|  ♝  [0m|     [0m|  ♚  [0m|  ♝  [0m|     [0m|  ♜  [0m|
  +-----+-----+-----+-----+-----+-----+-----+-----+
7 |  ♟  [0m|  ♟  [0m|     [0m|     [0m|     [0m|  ♟  [0m|  ♟  [0m|  ♟  [0m|
  +-----+-----+-----+-----+-----+-----+-----+-----+
6 |     [0m|     [0m|  ♟  [0m|     [0m|     [0m|     [0m|     [0m|     [0m|
  +-----+-----+-----+-----+-----+-----+-----+-----+
5 |  ♛  [0m|     [0m|     [0m|     [0m|  ♗  [0m|     [0m|     [0m|     [0m|
  +-----+-----+-----+-----+-----+-----+-----+-----+
4 |     [0m|     [0m|  ♟  [0m|  ♙  [0m| [32m ♙  [0m|     [0m|     [0m|     [0m|
  +-----+-----+-----+-----+-----+-----+-----+-----+
3 |     [0m|     [0m|  ♙  [0m|     [0m|     [0m|  ♙  [0m|     [0m|     [0m|
  +-----+-----+-----+-----+-----+-----+-----+-----+
2 |  ♙  [0m|     [0m|  ♕  [0m|     [0m| [42m    [0m|     [0m|  ♙  [0m|  ♙  [0m|
  +-----+-----+-----+-----+-----+-----+-----+-----+
1 |  ♖  [0m|     [0m|     [0m|     [0m|  ♔  [0m|  ♗  [0m|  ♘  [0m|  ♖  [0m|
  +-----+-----+-----+-----+-----+-----+-----+-----+
Entrez votre coup : 
     a     b     c     d     e     f     g     h    
  +-----+-----+-----+-----+-----+-----+-----+-----+
8 |  ♜  [0m|  ♞  [0m|  ♝  [0m|     [0m|  ♚  [0m|  ♝  [0m|     [0m|  ♜  [0m|
  +-----+-----+-----+-----+-----+-----+-----+-----+
7 |  ♟  [0m| [42m    [0m|     [0m|     [0m|     [0m|  ♟  [0m|  ♟  [0m|  ♟  [0m|
  +-----+-----+-----+-----+-----+-----+-----+-----+
6 |     [0m|     [0m|  ♟  [0m|     [0m|     [0m|     [0m|     [0m|     [0m|
  +-----+-----+-----+-----+-----+-----+-----+-----+
5 |  ♛  [0m| [32m ♟  [0m|     [0m|     [0m|  ♗  [0m|     [0m|     [0m|     [0m|
  +-----+-----+-----+-----+-----+-----+-----+-----+
4 |     [0m|     [0m|  ♟  [0m|  ♙  [0m|  ♙  [0m|     [0m|     [0m|     [0m|
  +-----+-----+-----+-----+-----+-----+-----+-----+
3 |     [0m|     [0m|  ♙  [0m|     [0m|     [0m|  ♙  [0m|     [0m|     [0m|
  +-----+-----+-----+-----+-----+-----+-----+-----+
2 |  ♙  [0m|     [0m|  ♕  [0m|     [0m|     [0m|     [0m|  ♙  [0m|  ♙  [0m|
  +-----+-----+-----+-----+-----+-----+-----+-----+
1 |  ♖  [0m|     [0m|     [0m|     [0m|  ♔  [0m|  ♗  [0m|  ♘  [0m|  ♖  [0m|
  +-----+-----+-----+-----+-----+-----+-----+-----+
Entrez votre coup : 
     a     b     c     d     e     f     g     h    
  +-----+-----+-----+-----+-----+-----+-----+-----+
8 |  ♜  [0m|  ♞  [0m|  ♝  [0m|     [0m|  ♚  [0m|  ♝  [0m|     [0m|  ♜  [0m|
  +-----+-----+-----+-----+-----+-----+-----+-----+
7 |  ♟  [0m|     [0m|     [0m|     [0m|     [0m|  ♟  [0m|  ♟  [0m|  ♟  [0m|
  +-----+-----+-----+-----+-----+-----+-----+-----+
6 |     [0m|     [0m|  ♟  [0m|     [0m|     [0m|     [0m|     [0m|     [0m|
  +-----+-----+-----+-----+-----+-----+-----+-----+
5 |  ♛  [0m|  ♟  [0m|     [0m|     [0m|  ♗  [0m|     [0m|     [0m|     [0m|
  +-----+-----+-----+-----+-----+-----+-----+-----+
4 |     [0m|     [0m|  ♟  [0m|  ♙  [0m|  ♙  [0m|     [0m|     [0m|     [0m|
  +-----+-----+-----+-----+-----+-----+-----+-----+
3 |     [0m|     [0m|  ♙  [0m|     [0m|     [0m|  ♙  [0m|     [0m|     [0m|
  +-----+-----+-----+-----+-----+-----+-----+-----+
2 |  ♙  [0m|     [0m|  ♕  [0m|     [0m| [32m ♘  [0m|     [0m|  ♙  [0m|  ♙  [0m|
  +-----+-----+-----+-----+-----+-----+-----+-----+
1 |  ♖  [0m|     [0m|     [0m|     [0m|  ♔  [0m|  ♗  [0m| [42m    [0m|  ♖  [0m|
  +-----+-----+-----+-----+-----+-----+-----+-----+
Entrez votre coup : 
     a     b     c     d     e     f     g     h    
  +-----+-----+-----+-----+-----+-----+-----+-----+
8 |  ♜  [0m|  ♞  [0m|  ♝  [0m|     [0m|  ♚  [0m|  ♝  [0m|     [0m|  ♜  [0m|
  +-----+-----+-----+-----+-----+-----+-----+-----+
7 |  ♟  [0m|     [0m|     [0m|     [0m|     [0m|  ♟  [0m|  ♟  [0m|  ♟  [0m|
  +-----+-----+-----+-----+-----+-----+-----+-----+
6 |     [0m|     [0m|  ♟  [0m|     [0m|     [0m|     [0m|     [0m|     [0m|
  +-----+-----+-----+-----+-----+-----+-----+-----+
5 |  ♛  [0m| [42m    [0m|     [0m|     [0m|  ♗  [0m|     [0m|     [0m|     [0m|
  +-----+-----+-----+-----+-----+-----+-----+-----+
4 |     [0m| [32m ♟  [0m|  ♟  [0m|  ♙  [0m|  ♙  [0m|     [0m|     [0m|     [0m|
  +-----+-----+-----+-----+-----+-----+-----+-----+
3 |     [0m|     [0m|  ♙  [0m|     [0m|     [0m|  ♙  [0m|     [0m|     [0m|
  +-----+-----+-----+-----+-----+-----+-----+-----+
2 |  ♙  [0m|     [0m|  ♕  [0m|     [0m|  ♘  [0m|     [0m|  ♙  [0m|  ♙  [0m|
  +-----+-----+-----+-----+-----+-----+-----+-----+
1 |  ♖  [0m|     [0m|     [0m|     [0m|  ♔  [0m|  ♗  [0m|     [0m|  ♖  [0m|
  +-----+-----+-----+-----+-----+-----+-----+-----+
Entrez votre coup : 
     a     b     c     d     e     f     g     h    
  +-----+-----+-----+-----+-----+-----+-----+-----+
8 |  ♜  [0m|  ♞  [0m|  ♝  [0m|     [0m|  ♚  [0m|  ♝  [0m|     [0m|  ♜  [0m|
  +-----+-----+-----+-----+-----+-----+-----+-----+
7 |  ♟  [0m|     [0m|     [0m|     [0m|     [0m|  ♟  [0m|  ♟  [0m|  ♟  [0m|
  +-----+-----+-----+-----+-----+-----+-----+-----+
6 |     [0m|     [0m|  ♟  [0m|     [0m|     [0m|     [0m|     [0m|     [0m|
  +-----+-----+-----+-----+-----+-----+-----+-----+
5 |  ♛  [0m|     [0m|     [0m|     [0m| [42m    [0m|     [0m|     [0m|     [0m|
  +-----+-----+-----+-----+-----+-----+-----+-----+
4 |     [0m|  ♟  [0m|  ♟  [0m|  ♙  [0m|  ♙  [0m| [32m ♗  [0m|     [0m|     [0m|
  +-----+-----+-----+-----+-----+-----+-----+-----+
3 |     [0m|     [0m|  ♙  [0m|     [0m|     [0m|  ♙  [0m|     [0m|     [0m|
  +-----+-----+-----+-----+-----+-----+-----+-----+
2 |  ♙  [0m|     [0m|  ♕  [0m|     [0m|  ♘  [0m|     [0m|  ♙  [0m|  ♙  [0m|
  +-----+-----+-----+-----+-----+-----+-----+-----+
1 |  ♖  [0m|     [0m|     [0m|     [0m|  ♔  [0m|  ♗  [0m|     [0m|  ♖  [0m|
  +-----+-----+-----+-----+-----+-----+-----+-----+
Entrez votre coup : 
     a     b     c     d     e     f     g     h    
  +-----+-----+-----+-----+-----+-----+-----+-----+
8 |  ♜  [0m| [42m    [0m|  ♝  [0m|     [0m|  ♚  [0m|  ♝  [0m|     [0m|  ♜  [0m|
  +-----+-----+-----+-----+-----+-----+-----+-----+
7 |  ♟  [0m|     [0m|     [0m|     [0m|     [0m|  ♟  [0m|  ♟  [0m|  ♟  [0m|
  +-----+-----+-----+-----+-----+-----+-----+-----+
6 | [32m ♞  [0m|     [0m|  ♟  [0m|     [0m|     [0m|     [0m|     [0m|     [0m|
  +-----+-----+-----+-----+-----+-----+-----+-----+
5 |  ♛  [0m|     [0m|     [0m|     [0m|     [0m|     [0m|     [0m|     [0m|
  +-----+-----+-----+-----+-----+-----+-----+-----+
4 |     [0m|  ♟  [0m|  ♟  [0m|  ♙  [0m|  ♙  [0m|  ♗  [0m|     [0m|     [0m|
  +-----+-----+-----+-----+-----+-----+-----+-----+
3 |     [0m|     [0m|  ♙  [0m|     [0m|     [0m|  ♙  [0m|     [0m|     [0m|
  +-----+-----+-----+-----+-----+-----+-----+-----+
2 |  ♙  [0m|     [0m|  ♕  [0m|     [0m|  ♘  [0m|     [0m|  ♙  [0m|  ♙  [0m|
  +-----+-----+-----+-----+-----+-----+-----+-----+
1 |  ♖  [0m|     [0m|     [0m|     [0m|  ♔  [0m|  ♗  [0m|     [0m|  ♖  [0m|
  +-----+-----+-----+-----+-----+-----+-----+-----+
Entrez votre coup : 
     a     b     c     d     e     f     g     h    
  +-----+-----+-----+-----+-----+-----+-----+-----+
8 |  ♜  [0m|     [0m|  ♝  [0m|     [0m|  ♚  [0m|  ♝  [0m|     [0m|  ♜  [0m|
  +-----+-----+-----+-----+-----+-----+-----+-----+
7 |  ♟  [0m|     [0m|     [0m|     [0m|     [0m|  ♟  [0m|  ♟  [0m|  ♟  [0m|
  +-----+-----+-----+-----+-----+-----+-----+-----+
6 |  ♞  [0m|     [0m|  ♟  [0m|     [0m|     [0m|     [0m|     [0m|     [0m|
  +-----+-----+-----+-----+-----+-----+-----+-----+
5 |  ♛  [0m|     [0m|     [0m|     [0m|     [0m|     [0m|     [0m|     [0m|
  +-----+-----+-----+-----+-----+-----+-----+-----+
4 |     [0m|  ♟  [0m|  ♟  [0m|  ♙  [0m|  ♙  [0m|  ♗  [0m|     [0m|     [0m|
  +-----+-----+-----+-----+-----+-----+-----+-----+
3 |     [0m|     [0m|  ♙  [0m|     [0m|     [0m|  ♙  [0m|     [0m|     [0m|
  +-----+-----+-----+-----+-----+-----+-----+-----+
2 |  ♙  [0m|     [0m|  ♕  [0m|     [0m|  ♘  [0m| [32m ♔  [0m|  ♙  [0m|  ♙  [0m|
  +-----+-----+-----+-----+-----+-----+-----+-----+
1 |  ♖  [0m|     [0m|     [0m|     [0m| [42m    [0m|  ♗  [0m|     [0m|  ♖  [0m|
  +-----+-----+-----+-----+-----+-----+-----+-----+
Entrez votre coup : 
     a     b     c     d     e     f     g     h    
  +-----+-----+-----+-----+-----+-----+-----+-----+
8 |  ♜  [0m|     [0m|  ♝  [0m|     [0m|  ♚  [0m| [42m    [0m|     [0m|  ♜  [0m|
  +-----+-----+-----+-----+-----+-----+-----+-----+
7 |  ♟  [0m|     [0m|     [0m|     [0m| [32m ♝  [0m|  ♟  [0m|  ♟  [0m|  ♟  [0m|
  +-----+-----+-----+-----+-----+-----+-----+-----+
6 |  ♞  [0m|     [0m|  ♟  [0m|     [0m|     [0m|     [0m|     [0m|     [0m|
  +-----+-----+-----+-----+-----+-----+-----+-----+
5 |  ♛  [0m|     [0m|     [0m|     [0m|     [0m|     [0m|     [0m|     [0m|
  +-----+-----+-----+-----+-----+-----+-----+-----+
4 |     [0m|  ♟  [0m|  ♟  [0m|  ♙  [0m|  ♙  [0m|  ♗  [0m|     [0m|     [0m|
  +-----+-----+-----+-----+-----+-----+-----+-----+
3 |     [0m|     [0m|  ♙  [0m|     [0m|     [0m|  ♙  [0m|     [0m|     [0m|
  +-----+-----+-----+-----+-----+-----+-----+-----+
2 |  ♙  [0m|     [0m|  ♕  [0m|     [0m|  ♘  [0m|  ♔  [0m|  ♙  [0m|  ♙  [0m|
  +-----+-----+-----+-----+-----+-----+-----+-----+
1 |  ♖  [0m|     [0m|     [0m|     [0m|     [0m|  ♗  [0m|     [0m|  ♖  [0m|
  +-----+-----+-----+-----+-----+-----+-----+-----+
Entrez votre coup : 
     a     b     c     d     e     f     g     h    
  +-----+-----+-----+-----+-----+-----+-----+-----+
8 |  ♜  [0m|     [0m|  ♝  [0m|     [0m|  ♚  [0m|     [0m|     [0m|  ♜  [0m|
  +-----+-----+-----+-----+-----+-----+-----+-----+
7 |  ♟  [0m|     [0m|     [0m|     [0m|  ♝  [0m|  ♟  [0m|  ♟  [0m|  ♟  [0m|
  +-----+-----+-----+-----+-----+-----+-----+-----+
6 |  ♞  [0m|     [0m|  ♟  [0m|     [0m|     [0m|     [0m|     [0m|     [0m|
  +-----+-----+-----+-----+-----+-----+-----+-----+
5 |  ♛  [0m|     [0m|     [0m|     [0m|     [0m|     [0m|     [0m|     [0m|
  +-----+-----+-----+-----+-----+-----+-----+-----+
4 |     [0m|  ♟  [0m|  ♟  [0m|  ♙  [0m|  ♙  [0m|  ♗  [0m|     [0m|     [0m|
  +-----+-----+-----+-----+-----+-----+-----+-----+
3 |     [0m|     [0m|  ♙  [0m|     [0m|     [0m|  ♙  [0m| [32m ♘  [0m|     [0m|
  +-----+-----+-----+-----+-----+-----+-----+-----+
2 |  ♙  [0m|     [0m|  ♕  [0m|     [0m| [42m    [0m|  ♔  [0m|  ♙  [0m|  ♙  [0m|
  +-----+-----+-----+-----+-----+-----+-----+-----+
1 |  ♖  [0m|     [0m|     [0m|     [0m|     [0m|  ♗  [0m|     [0m|  ♖  [0m|
  +-----+-----+-----+-----+-----+-----+-----+-----+
Entrez votre coup : 
     a     b     c     d     e     f     g     h    
  +-----+-----+-----+-----+-----+-----+-----+-----+
8 |  ♜  [0m|     [0m| [42m    [0m|     [0m|  ♚  [0m|     [0m|     [0m|  ♜  [0m|
  +-----+-----+-----+-----+-----+-----+-----+-----+
7 |  ♟  [0m|     [0m|     [0m|     [0m|  ♝  [0m|  ♟  [0m|  ♟  [0m|  ♟  [0m|
  +-----+-----+-----+-----+-----+-----+-----+-----+
6 |  ♞  [0m|     [0m|  ♟  [0m|     [0m| [32m ♝  [0m|     [0m|     [0m|     [0m|
  +-----+-----+-----+-----+-----+-----+-----+-----+
5 |  ♛  [0m|     [0m|     [0m|     [0m|     [0m|     [0m|     [0m|     [0m|
  +-----+-----+-----+-----+-----+-----+-----+-----+
4 |     [0m|  ♟  [0m|  ♟  [0m|  ♙  [0m|  ♙  [0m|  ♗  [0m|     [0m|     [0m|
  +-----+-----+-----+-----+-----+-----+-----+-----+
3 |     [0m|     [0m|  ♙  [0m|     [0m|     [0m|  ♙  [0m|  ♘  [0m|     [0m|
  +-----+-----+-----+-----+-----+-----+-----+-----+
2 |  ♙  [0m|     [0m|  ♕  [0m|     [0m|     [0m|  ♔  [0m|  ♙  [0m|  ♙  [0m|
  +-----+-----+-----+-----+-----+-----+-----+-----+
1 |  ♖  [0m|     [0m|     [0m|     [0m|     [0m|  ♗  [0m|     [0m|  ♖  [0m|
  +-----+-----+-----+-----+-----+-----+-----+-----+
Entrez votre coup : 
     a     b     c     d     e     f     g     h    
  +-----+-----+-----+-----+-----+-----+-----+-----+
8 |  ♜  [0m|     [0m|     [0m|     [0m|  ♚  [0m|     [0m|     [0m|  ♜  [0m|
  +-----+-----+-----+-----+-----+-----+-----+-----+
7 |  ♟  [0m|     [0m|     [0m|     [0m|  ♝  [0m|  ♟  [0m|  ♟  [0m|  ♟  [0m|
  +-----+-----+-----+-----+-----+-----+-----+-----+
6 |  ♞  [0m|     [0m|  ♟  [0m|     [0m|  ♝  [0m|     [0m|     [0m|     [0m|
  +-----+-----+-----+-----+-----+-----+-----+-----+
5 |  ♛  [0m|     [0m|     [0m|     [0m|     [0m| [32m ♘  [0m|     [0m|     [0m|
  +-----+-----+-----+-----+-----+-----+-----+-----+
4 |     [0m|  ♟  [0m|  ♟  [0m|  ♙  [0m|  ♙  [0m|  ♗  [0m|     [0m|     [0m|
  +-----+-----+-----+-----+-----+-----+-----+-----+
3 |     [0m|     [0m|  ♙  [0m|     [0m|     [0m|  ♙  [0m| [42m    [0m|     [0m|
  +-----+-----+-----+-----+-----+-----+-----+-----+
2 |  ♙  [0m|     [0m|  ♕  [0m|     [0m|     [0m|  ♔  [0m|  ♙  [0m|  ♙  [0m|
  +-----+-----+-----+-----+-----+-----+-----+-----+
1 |  ♖  [0m|     [0m|     [0m|     [0m|     [0m|  ♗  [0m|     [0m|  ♖  [0m|
  +-----+-----+-----+-----+-----+-----+-----+-----+
Entrez votre coup : 
     a     b     c     d     e     f     g     h    
  +-----+-----+-----+-----+-----+-----+-----+-----+
8 |  ♜  [0m|     [0m|     [0m|     [0m|  ♚  [0m|     [0m|     [0m|  ♜  [0m|
  +-----+-----+-----+-----+-----+-----+-----+-----+
7 |  ♟  [0m|     [0m|     [0m|     [0m|  ♝  [0m|  ♟  [0m|  ♟  [0m|  ♟  [0m|
  +-----+-----+-----+-----+-----+-----+-----+-----+
6 |  ♞  [0m|     [0m|  ♟  [0m|     [0m| [42m    [0m|     [0m|     [0m|     [0m|
  +-----+-----+-----+-----+-----+-----+-----+-----+
5 |  ♛  [0m|     [0m|     [0m|     [0m|     [0m| [32m ♝  [0m|     [0m|     [0m|
  +-----+-----+-----+-----+-----+-----+-----+-----+
4 |     [0m|  ♟  [0m|  ♟  [0m|  ♙  [0m|  ♙  [0m|  ♗  [0m|     [0m|     [0m|
  +-----+-----+-----+-----+-----+-----+-----+-----+
3 |     [0m|     [0m|  ♙  [0m|     [0m|     [0m|  ♙  [0m|     [0m|     [0m|
  +-----+-----+-----+-----+-----+-----+-----+-----+
2 |  ♙  [0m|     [0m|  ♕  [0m|     [0m|     [0m|  ♔  [0m|  ♙  [0m|  ♙  [0m|
  +-----+-----+-----+-----+-----+-----+-----+-----+
1 |  ♖  [0m|     [0m|     [0m|     [0m|     [0m|  ♗  [0m|     [0m|  ♖  [0m|
  +-----+-----+-----+-----+-----+-----+-----+-----+
Entrez votre coup : 
     a     b     c     d     e     f     g     h    
  +-----+-----+-----+-----+-----+-----+-----+-----+
8 |  ♜  [0m|     [0m|     [0m|     [0m|  ♚  [0m|     [0m|     [0m|  ♜  [0m|
  +-----+-----+-----+-----+-----+-----+-----+-----+
7 |  ♟  [0m|     [0m|     [0m|     [0m|  ♝  [0m|  ♟  [0m|  ♟  [0m|  ♟  [0m|
  +-----+-----+-----+-----+-----+-----+-----+-----+
6 |  ♞  [0m|     [0m|  ♟  [0m|     [0m|     [0m|     [0m|     [0m|     [0m|
  +-----+-----+-----+-----+-----+-----+-----+-----+
5 |  ♛  [0m|     [0m|     [0m|     [0m|     [0m| [32m ♙  [0m|     [0m|     [0m|
  +-----+-----+-----+-----+-----+-----+-----+-----+
4 |     [0m|  ♟  [0m|  ♟  [0m|  ♙  [0m| [42m    [0m|  ♗  [0m|     [0m|     [0m|
  +-----+-----+-----+-----+-----+-----+-----+-----+
3 |     [0m|     [0m|  ♙  [0m|     [0m|     [0m|  ♙  [0m|     [0m|     [0m|
  +-----+-----+-----+-----+-----+-----+-----+-----+
2 |  ♙  [0m|     [0m|  ♕  [0m|     [0m|     [0m|  ♔  [0m|  ♙  [0m|  ♙  [0m|
  +-----+-----+-----+-----+-----+-----+-----+-----+
1 |  ♖  [0m|     [0m|     [0m|     [0m|     [0m|  ♗  [0m|     [0m|  ♖  [0m|
  +-----+-----+-----+-----+-----+-----+-----+-----+
Entrez votre coup : 
     a     b     c     d     e     f     g     h    
  +-----+-----+-----+-----+-----+-----+-----+-----+
8 |  ♜  [0m|     [0m|     [0m|     [0m|     [0m| [32m ♜  [0m|  ♚  [0m| [42m    [0m|
  +-----+-----+-----+-----+-----+-----+-----+-----+
7 |  ♟  [0m|     [0m|     [0m|     [0m|  ♝  [0m|  ♟  [0m|  ♟  [0m|  ♟  [0m|
  +-----+-----+-----+-----+-----+-----+-----+-----+
6 |  ♞  [0m|     [0m|  ♟  [0m|     [0m|     [0m|     [0m|     [0m|     [0m|
  +-----+-----+-----+-----+-----+-----+-----+-----+
5 |  ♛  [0m|     [0m|     [0m|     [0m|     [0m|  ♙  [0m|     [0m|     [0m|
  +-----+-----+-----+-----+-----+-----+-----+-----+
4 |     [0m|  ♟  [0m|  ♟  [0m|  ♙  [0m|     [0m|  ♗  [0m|     [0m|     [0m|
  +-----+-----+-----+-----+-----+-----+-----+-----+
3 |     [0m|     [0m|  ♙  [0m|     [0m|     [0m|  ♙  [0m|     [0m|     [0m|
  +-----+-----+-----+-----+-----+-----+-----+-----+
2 |  ♙  [0m|     [0m|  ♕  [0m|     [0m|     [0m|  ♔  [0m|  ♙  [0m|  ♙  [0m|
  +-----+-----+-----+-----+-----+-----+-----+-----+
1 |  ♖  [0m|     [0m|     [0m|     [0m|     [0m|  ♗  [0m|     [0m|  ♖  [0m|
  +-----+-----+-----+-----+-----+-----+-----+-----+
Entrez votre coup : Echec !

     a     b     c     d     e     f     g     h    
  +-----+-----+-----+-----+-----+-----+-----+-----+
8 |  ♜  [0m|     [0m|     [0m|     [0m|     [0m|  ♜  [0m|  ♚  [0m|     [0m|
  +-----+-----+-----+-----+-----+-----+-----+-----+
7 |  ♟  [0m|     [0m|     [0m|     [0m|  ♝  [0m|  ♟  [0m|  ♟  [0m|  ♟  [0m|
  +-----+-----+-----+-----+-----+-----+-----+-----+
6 |  ♞  [0m|     [0m|  ♟  [0m|     [0m|     [0m|     [0m|     [0m|     [0m|
  +-----+-----+-----+-----+-----+-----+-----+-----+
5 |  ♛  [0m|     [0m|     [0m|     [0m|     [0m|  ♙  [0m|     [0m|     [0m|
  +-----+-----+-----+-----+-----+-----+-----+-----+
4 |     [0m|  ♟  [0m| [32m ♗  [0m|  ♙  [0m|     [0m|  ♗  [0m|     [0m|     [0m|
  +-----+-----+-----+-----+-----+-----+-----+-----+
3 |     [0m|     [0m|  ♙  [0m|     [0m|     [0m|  ♙  [0m|     [0m|     [0m|
  +-----+-----+-----+-----+-----+-----+-----+-----+
2 |  ♙  [0m|     [0m|  ♕  [0m|     [0m|     [0m|  ♔  [0m|  ♙  [0m|  ♙  [0m|
  +-----+-----+-----+-----+-----+-----+-----+-----+
1 |  ♖  [0m|     [0m|     [0m|     [0m|     [0m| [42m    [0m|     [0m|  ♖  [0m|
  +-----+-----+-----+-----+-----+-----+-----+-----+
Entrez votre coup : Erreur d'utilisation : ce mouvement met votre roi en échec
Entrez votre coup : Erreur d'utilisation : vous ne pouvez pas bouger une pièce adverse
Entrez votre coup : Erreur d'utilisation : ce mouvement met votre roi en échec
Entrez votre coup : Erreur d'utilisation : vous ne pouvez pas bouger une pièce adverse
Entrez votre coup : Erreur d'utilisation : la case d'origine ne contient pas de pièce
Entrez votre coup : Erreur d'utilisation : la case d'origine ne contient pas de pièce
Entrez votre coup : Erreur d'utilisation : ce mouvement met votre roi en échec
Entrez votre coup : Erreur d'utilisation : vous ne pouvez pas bouger une pièce adverse
Entrez votre coup : Erreur d'utilisation : ce mouvement met votre roi en échec
Entrez votre coup : Erreur d'utilisation : vous ne pouvez pas bouger une pièce adverse
Entrez votre coup : Erreur d'utilisation : la case d'origine ne contient pas de pièce
Entrez votre coup : Erreur d'utilisation : vous ne pouvez pas bouger une pièce adverse
Entrez votre coup : Erreur d'utilisation : ce mouvement met votre roi en échec
Entrez votre coup : Erreur d'utilisation : vous ne pouvez pas bouger une pièce adverse
Entrez votre coup : Erreur d'utilisation : la case d'origine ne contient pas de pièce
Entrez votre coup : Erreur d'utilisation : vous ne pouvez pas bouger une pièce adverse
Entrez votre coup : Erreur d'utilisation : le pion ne peut pas avancer en diagonale si la case de destination est vide
Entrez votre coup : Erreur d'utilisation : vous ne pouvez pas bouger une pièce adverse
Entrez votre coup : Erreur d'utilisation : la case d'origine ne contient pas de pièce
Entrez votre coup : Erreur d'utilisation : la case d'origine ne contient pas de pièce
Entrez votre coup : Erreur d'utilisation : ce mouvement n'est pas possible pour cette pièce : géométrie incorrecte
Entrez votre coup : Erreur d'utilisation : la case d'origine ne contient pas de pièce
Entrez votre coup : Erreur d'utilisation : la case d'origine ne contient pas de pièce
Entrez votre coup : Erreur d'utilisation : la case d'origine ne contient pas de pièce
Entrez votre coup : Erreur d'utilisation : la case d'origine ne contient pas de pièce
Entrez votre coup : Erreur d'utilisation : la case d'origine ne contient pas de pièce
Entrez votre coup : Erreur d'utilisation : la case d'origine ne contient pas de pièce
Entrez votre coup : Erreur d'utilisation : ce mouvement met votre roi en échec
Entrez votre coup : Erreur d'utilisation : la case d'origine ne contient pas de pièce
Entrez votre coup : Erreur d'utilisation : la case d'origine ne contient pas de pièce
Entrez votre coup : Erreur d'utilisation : ce mouvement met votre roi en échec
Entrez votre coup : Erreur d'utilisation : la case d'origine ne contient pas de pièce
Entrez votre coup : Erreur d'utilisation : la case d'origine ne contient pas de pièce
Entrez votre coup : Erreur d'utilisation : la case d'origine ne contient pas de pièce
Entrez votre coup : Erreur d'utilisation : ce mouvement n'est pas possible pour cette pièce : géométrie incorrecte
Entrez votre coup : Erreur d'utilisation : vous ne pouvez pas bouger une pièce adverse
Entrez votre coup : Erreur d'utilisation : ce mouvement met votre roi en échec
Entrez votre coup : Erreur d'utilisation : la case d'origine ne contient pas de pièce
Entrez votre coup : Erreur d'utilisation : la case d'origine ne contient pas de pièce
Entrez votre coup : Erreur d'utilisation : la case d'origine ne contient pas de pièce
Entrez votre coup : Erreur d'utilisation : la case d'origine ne contient pas de pièce
Entrez votre coup : Erreur d'utilisation : vous ne pouvez pas bouger une pièce adverse
Entrez votre coup : Erreur d'utilisation : la case destination contient une pièce de la même couleur
Entrez votre coup : Erreur d'utilisation : la case d'origine ne contient pas de pièce
Entrez votre coup : Erreur d'utilisation : la case d'origine ne contient pas de pièce
Entrez votre coup : Erreur d'utilisation : ce mouvement n'est pas possible pour cette pièce : géométrie incorrecte
Entrez votre coup : Erreur d'utilisation : la case d'origine ne contient pas de pièce
Entrez votre coup : Erreur d'utilisation : la case d'origine ne contient pas de pièce
Entrez votre coup : Erreur d'utilisation : la case d'origine ne contient pas de pièce
Entrez votre coup : Erreur d'utilisation : ce mouvement n'est pas possible pour cette pièce : géométrie incorrecte
Entrez votre coup : Erreur d'utilisation : la case d'origine ne contient pas de pièce
Entrez votre coup : Erreur d'utilisation : la case d'origine ne contient pas de pièce
Entrez votre coup : Erreur d'utilisation : la case d'origine ne contient pas de pièce
Entrez votre coup : Erreur d'utilisation : la case d'origine ne contient pas de pièce
Entrez votre coup : Erreur d'utilisation : la case destination contient une pièce de la même couleur
Entrez votre coup : Erreur d'utilisation : vous ne pouvez pas bouger une pièce adverse
Entrez votre coup : Erreur d'utilisation : la case destination contient une pièce de la même couleur
Entrez votre coup : Erreur d'utilisation : la case d'origine ne contient pas de pièce
Entrez votre coup : 
     a     b     c     d     e     f     g     h    
  +-----+-----+-----+-----+-----+-----+-----+-----+
8 |  ♜  [0m|     [0m|     [0m|     [0m|     [0m|  ♜  [0m| [42m    [0m| [32m ♚  [0m|
  +-----+-----+-----+-----+-----+-----+-----+-----+
7 |  ♟  [0m|     [0m|     [0m|     [0m|  ♝  [0m|  ♟  [0m|  ♟  [0m|  ♟  [0m|
  +-----+-----+-----+-----+-----+-----+-----+-----+
6 |  ♞  [0m|     [0m|  ♟  [0m|     [0m|     [0m|     [0m|     [0m|     [0m|
  +-----+-----+-----+-----+-----+-----+-----+-----+
5 |  ♛  [0m|     [0m|     [0m|     [0m|     [0m|  ♙  [0m|     [0m|     [0m|
  +-----+-----+-----+-----+-----+-----+-----+-----+
4 |     [0m|  ♟  [0m|  ♗  [0m|  ♙  [0m|     [0m|  ♗  [0m|     [0m|     [0m|
  +-----+-----+-----+-----+-----+-----+-----+-----+
3 |     [0m|     [0m|  ♙  [0m|     [0m|     [0m|  ♙  [0m|     [0m|     [0m|
  +-----+-----+-----+-----+-----+-----+-----+-----+
2 |  ♙  [0m|     [0m|  ♕  [0m|     [0m|     [0m|  ♔  [0m|  ♙  [0m|  ♙  [0m|
  +-----+-----+-----+-----+-----+-----+-----+-----+
1 |  ♖  [0m|     [0m|     [0m|     [0m|     [0m|     [0m|     [0m|  ♖  [0m|
  +-----+-----+-----+-----+-----+-----+-----+-----+
Entrez votre coup : Erreur d'utilisation : la case d'origine ne contient pas de pièce
Entrez votre coup : Erreur d'utilisation : vous ne pouvez pas bouger une pièce adverse
Entrez votre coup : Erreur d'utilisation : la case destination contient une pièce de la même couleur
Entrez votre coup : Erreur d'utilisation : vous ne pouvez pas bouger une pièce adverse
Entrez votre coup : 
     a     b     c     d     e     f     g     h    
  +-----+-----+-----+-----+-----+-----+-----+-----+
8 |  ♜  [0m|     [0m|     [0m|     [0m|     [0m|  ♜  [0m|     [0m|  ♚  [0m|
  +-----+-----+-----+-----+-----+-----+-----+-----+
7 |  ♟  [0m|     [0m|     [0m|     [0m|  ♝  [0m|  ♟  [0m|  ♟  [0m|  ♟  [0m|
  +-----+-----+-----+-----+-----+-----+-----+-----+
6 |  ♞  [0m|     [0m|  ♟  [0m|     [0m|     [0m|     [0m|     [0m|     [0m|
  +-----+-----+-----+-----+-----+-----+-----+-----+
5 |  ♛  [0m|     [0m|     [0m|     [0m|     [0m|  ♙  [0m|     [0m|     [0m|
  +-----+-----+-----+-----+-----+-----+-----+-----+
4 |     [0m|  ♟  [0m|  ♗  [0m|  ♙  [0m|     [0m|  ♗  [0m|     [0m|     [0m|
  +-----+-----+-----+-----+-----+-----+-----+-----+
3 |     [0m|     [0m|  ♙  [0m|     [0m|     [0m|  ♙  [0m|     [0m| [32m ♙  [0m|
  +-----+-----+-----+-----+-----+-----+-----+-----+
2 |  ♙  [0m|     [0m|  ♕  [0m|     [0m|     [0m|  ♔  [0m|  ♙  [0m| [42m    [0m|
  +-----+-----+-----+-----+-----+-----+-----+-----+
1 |  ♖  [0m|     [0m|     [0m|     [0m|     [0m|     [0m|     [0m|  ♖  [0m|
  +-----+-----+-----+-----+-----+-----+-----+-----+
Entrez votre coup : Erreur d'utilisation : la case d'origine ne contient pas de pièce
Entrez votre coup : Erreur d'utilisation : vous ne pouvez pas bouger une pièce adverse
Entrez votre coup : Erreur d'utilisation : ce mouvement met votre roi en échec
Entrez votre coup : Erreur d'utilisation : la case d'origine ne contient pas de pièce
Entrez votre coup : Erreur d'utilisation : la case d'origine ne contient pas de pièce
Entrez votre coup : Erreur d'utilisation : la case d'origine ne contient pas de pièce
Entrez votre coup : Erreur d'utilisation : ce mouvement n'est pas possible pour cette pièce : géométrie incorrecte
Entrez votre coup : Erreur d'utilisation : la case d'origine ne contient pas de pièce
Entrez votre coup : Erreur d'utilisation : la case d'origine ne contient pas de pièce
Entrez votre coup : Erreur d'utilisation : vous ne pouvez pas bouger une pièce adverse
Entrez votre coup : Erreur d'utilisation : ce mouvement n'est pas possible pour cette pièce : géométrie incorrecte
Entrez votre coup : Erreur d'utilisation : vous ne pouvez pas bouger une pièce adverse
Entrez votre coup : Erreur d'utilisation : la case d'origine ne contient pas de pièce
Entrez votre coup : Erreur d'utilisation : la case d'origine ne contient pas de pièce
Entrez votre coup : Erreur d'utilisation : ce mouvement n'est pas possible pour cette pièce : géométrie incorrecte
Entrez votre coup : Erreur d'utilisation : vous ne pouvez pas bouger une pièce adverse
Entrez votre coup : Erreur d'utilisation : la case d'origine ne contient pas de pièce
Entrez votre coup : Erreur d'utilisation : la case d'origine ne contient pas de pièce
Entrez votre coup : Erreur d'utilisation : ce mouvement n'est pas possible pour cette pièce : géométrie incorrecte
Entrez votre coup : Erreur d'utilisation : vous ne pouvez pas bouger une pièce adverse
Entrez votre coup : Erreur d'utilisation : la case d'origine ne contient pas de pièce
Entrez votre coup : Erreur d'utilisation : vous ne pouvez pas bouger une pièce adverse
Entrez votre coup : Erreur d'utilisation : ce mouvement n'est pas possible pour cette pièce : géométrie incorrecte
Entrez votre coup : Erreur d'utilisation : la case d'origine ne contient pas de pièce
Entrez votre coup : Erreur d'utilisation : la case d'origine ne contient pas de pièce
Entrez votre coup : Erreur d'utilisation : la case d'origine ne contient pas de pièce
Entrez votre coup : Erreur d'utilisation : la case d'origine ne contient pas de pièce
Entrez votre coup : Erreur d'utilisation : la case d'origine ne contient pas de pièce
Entrez votre coup : Erreur d'utilisation : ce mouvement n'est pas possible pour cette pièce : géométrie incorrecte
Entrez votre coup : Erreur d'utilisation : la case d'origine ne contient pas de pièce
Entrez votre coup : Erreur d'utilisation : la case d'origine ne contient pas de pièce
Entrez votre coup : Erreur d'utilisation : la case d'origine ne contient pas de pièce
Entrez votre coup : 
     a     b     c     d     e     f     g     h    
  +-----+-----+-----+-----+-----+-----+-----+-----+
8 |  ♜  [0m|     [0m|     [0m|     [0m|     [0m|  ♜  [0m|     [0m|  ♚  [0m|
  +-----+-----+-----+-----+-----+-----+-----+-----+
7 |  ♟  [0m|     [0m|     [0m|     [0m|  ♝  [0m| [42m    [0m|  ♟  [0m|  ♟  [0m|
  +-----+-----+-----+-----+-----+-----+-----+-----+
6 |  ♞  [0m|     [0m|  ♟  [0m|     [0m|     [0m| [32m ♟  [0m|     [0m|     [0m|
  +-----+-----+-----+-----+-----+-----+-----+-----+
5 |  ♛  [0m|     [0m|     [0m|     [0m|     [0m|  ♙  [0m|     [0m|     [0m|
  +-----+-----+-----+-----+-----+-----+-----+-----+
4 |     [0m|  ♟  [0m|  ♗  [0m|  ♙  [0m|     [0m|  ♗  [0m|     [0m|     [0m|
  +-----+-----+-----+-----+-----+-----+-----+-----+
3 |     [0m|     [0m|  ♙  [0m|     [0m|     [0m|  ♙  [0m|     [0m|  ♙  [0m|
  +-----+-----+-----+-----+-----+-----+-----+-----+
2 |  ♙  [0m|     [0m|  ♕  [0m|     [0m|     [0m|  ♔  [0m|  ♙  [0m|     [0m|
  +-----+-----+-----+-----+-----+-----+-----+-----+
1 |  ♖  [0m|     [0m|     [0m|     [0m|     [0m|     [0m|     [0m|  ♖  [0m|
  +-----+-----+-----+-----+-----+-----+-----+-----+
Entrez votre coup : Erreur d'utilisation : la case d'origine ne contient pas de pièce
Entrez votre coup : Erreur d'utilisation : la case d'origine ne contient pas de pièce
Entrez votre coup : Erreur d'utilisation : la case d'origine ne contient pas de pièce
Entrez votre coup : Erreur d'utilisation : la case d'origine ne contient pas de pièce
Entrez votre coup : Erreur d'utilisation : la case d'origine ne contient pas de pièce
Entrez votre coup : Erreur d'utilisation : la case d'origine ne contient pas de pièce
Entrez votre coup : Erreur d'utilisation : vous ne pouvez pas bouger une pièce adverse
Entrez votre coup : Fin de partie !
wR,,,,,,,wR,wP,,wQ,,,wK,wP,,,,wP,,,wP,,wP,,bP,wB,wP,,wB,,,bQ,,,,,wP,,,bN,,bP,,,bP,,,bP,,,,bB,,bP,bP,bR,,,,,bR,,bK, ?-?
   ref:[[0;32m,,,,,,,,,,,,,,,,,,,,,wP,,wK,,,,wP,,,wP,,wP,,,,,wP,,wP,bP,,,,,bP,,bP,,,,wR,,,bP,bK,,wQ,,,,,,,[0m]
   you:[[0;31mwR,,,,,,,wR,wP,,wQ,,,wK,wP,,,,wP,,,wP,,wP,,bP,wB,wP,,wB,,,bQ,,,,,wP,,,bN,,bP,,,bP,,,bP,,,,bB,,bP,bP,bR,,,,,bR,,bK,[0m]
   ref:[[0;32m1/2-1/2[0m]
   you:[[0;31m?-?[0m]
  -> [0m(exit code=0)
